<!doctype html public "-//w3c//dtd html 4.0 transitional//en">
<html><head>
<title>Static Call Graph - [.\BUILD\AcceloI2ctest.axf]</title></head>
<body><HR>
<H1>Static Call Graph for image .\BUILD\AcceloI2ctest.axf</H1><HR>
<BR><P>#&#060CALLGRAPH&#062# ARM Linker, 5060528: Last Updated: Mon Jan 15 09:45:08 2018
<BR><P>
<H3>Maximum Stack Usage =       1300 bytes + Unknown(Cycles, Untraceable Function Pointers)</H3><H3>
Call chain for Maximum Stack Depth:</H3>
std::num_put&lang;char, std::ostreambuf_iterator&lang;char, std::char_traits&lang;char&rang;&rang;&rang;::do_put(std::ostreambuf_iterator&lang;char, std::char_traits&lang;char&rang;&rang;, std::ios_base&, char, double) const &rArr; __rw::__rw_digit_writer&lang;char, std::ostreambuf_iterator&lang;char, std::char_traits&lang;char&rang;&rang;&rang;::__rw_digit_writer(std::ostreambuf_iterator&lang;char, std::char_traits&lang;char&rang;&rang;&, std::ios_base&) &rArr; __rw::__rw_digit_writer_base_1&lang;char&rang;::__rw_digit_writer_base_1(std::ios_base&, const std::locale&) &rArr; const T1& std::use_facet&lang;std::ctype&lang;char&rang;&rang;(const std::locale&) &rArr; std::locale::_C_use_facet(const std::locale::id&, bool, int, __rw::__rw_facet_base*(*)(int, const char*, unsigned)) const &rArr; std::locale::_C_make_facet(const std::locale::id&, bool, int, __rw::__rw_facet_base*(*)(int, const char*, unsigned)) const &rArr; std::locale::locale(__rw::__rw_locale_imp*) &rArr; std::locale::_C_init() &rArr; __rw::__rw_locale_imp::__rw_locale_imp(const char*, unsigned, unsigned) &rArr; std::basic_string&lang;char, std::char_traits&lang;char&rang;, std::allocator&lang;char&rang;&rang;::operator =(const std::basic_string&lang;char, std::char_traits&lang;char&rang;, std::allocator&lang;char&rang;&rang;&) &rArr; std::basic_string&lang;char, std::char_traits&lang;char&rang;, std::allocator&lang;char&rang;&rang;::replace(unsigned, unsigned, const char*, unsigned) &rArr; std::basic_string&lang;char, std::char_traits&lang;char&rang;, std::allocator&lang;char&rang;&rang;::replace(unsigned, unsigned, const char*, unsigned, unsigned, unsigned) &rArr; __rw::__rw_throw(int, ...) &rArr; std::__rw_exception::_C_vformat(int, std::__va_list) &rArr; [local to rwstdexcept_cpp]::__rw::__rw_vfmatstr(char*, unsigned, int, std::__va_list) &rArr; sscanf &rArr; __vfscanf_char &rArr; __vfscanf &rArr; _scanf_real &rArr; _scanf_really_real &rArr; _fp_value &rArr; _btod_etento &rArr; _btod_emul &rArr; _e2e
<P>
<H3>
Mutually Recursive functions
</H3> <LI><a href="#[1f]">NMI_Handler</a>&nbsp;&nbsp;&nbsp;&rArr;&nbsp;&nbsp;&nbsp;<a href="#[1f]">NMI_Handler</a><BR>
 <LI><a href="#[20]">HardFault_Handler</a>&nbsp;&nbsp;&nbsp;&rArr;&nbsp;&nbsp;&nbsp;<a href="#[20]">HardFault_Handler</a><BR>
 <LI><a href="#[21]">MemManage_Handler</a>&nbsp;&nbsp;&nbsp;&rArr;&nbsp;&nbsp;&nbsp;<a href="#[21]">MemManage_Handler</a><BR>
 <LI><a href="#[22]">BusFault_Handler</a>&nbsp;&nbsp;&nbsp;&rArr;&nbsp;&nbsp;&nbsp;<a href="#[22]">BusFault_Handler</a><BR>
 <LI><a href="#[23]">UsageFault_Handler</a>&nbsp;&nbsp;&nbsp;&rArr;&nbsp;&nbsp;&nbsp;<a href="#[23]">UsageFault_Handler</a><BR>
 <LI><a href="#[24]">SVC_Handler</a>&nbsp;&nbsp;&nbsp;&rArr;&nbsp;&nbsp;&nbsp;<a href="#[24]">SVC_Handler</a><BR>
 <LI><a href="#[25]">DebugMon_Handler</a>&nbsp;&nbsp;&nbsp;&rArr;&nbsp;&nbsp;&nbsp;<a href="#[25]">DebugMon_Handler</a><BR>
 <LI><a href="#[26]">PendSV_Handler</a>&nbsp;&nbsp;&nbsp;&rArr;&nbsp;&nbsp;&nbsp;<a href="#[26]">PendSV_Handler</a><BR>
 <LI><a href="#[27]">SysTick_Handler</a>&nbsp;&nbsp;&nbsp;&rArr;&nbsp;&nbsp;&nbsp;<a href="#[27]">SysTick_Handler</a><BR>
 <LI><a href="#[3e]">ADC_IRQHandler</a>&nbsp;&nbsp;&nbsp;&rArr;&nbsp;&nbsp;&nbsp;<a href="#[3e]">ADC_IRQHandler</a><BR>
 <LI><a href="#[1b3]">core_util_critical_section_enter</a>&nbsp;&nbsp;&nbsp;&rArr;&nbsp;&nbsp;&nbsp;<a href="#[1bb]">mbed_assert_internal</a><BR>
 <LI><a href="#[22f]">mbed_die</a>&nbsp;&nbsp;&nbsp;&rArr;&nbsp;&nbsp;&nbsp;<a href="#[1bb]">mbed_assert_internal</a><BR>
 <LI><a href="#[238]">pin_mode</a>&nbsp;&nbsp;&nbsp;&rArr;&nbsp;&nbsp;&nbsp;<a href="#[1bb]">mbed_assert_internal</a><BR>
 <LI><a href="#[234]">pin_function</a>&nbsp;&nbsp;&nbsp;&rArr;&nbsp;&nbsp;&nbsp;<a href="#[1bb]">mbed_assert_internal</a><BR>
 <LI><a href="#[232]">gpio_dir</a>&nbsp;&nbsp;&nbsp;&rArr;&nbsp;&nbsp;&nbsp;<a href="#[1bb]">mbed_assert_internal</a><BR>
 <LI><a href="#[21f]">gpio_init_out</a>&nbsp;&nbsp;&nbsp;&rArr;&nbsp;&nbsp;&nbsp;<a href="#[1bb]">mbed_assert_internal</a><BR>
 <LI><a href="#[237]">gpio_init_out_ex</a>&nbsp;&nbsp;&nbsp;&rArr;&nbsp;&nbsp;&nbsp;<a href="#[1bb]">mbed_assert_internal</a><BR>
 <LI><a href="#[1b1]">serial_baud</a>&nbsp;&nbsp;&nbsp;&rArr;&nbsp;&nbsp;&nbsp;<a href="#[1bb]">mbed_assert_internal</a><BR>
 <LI><a href="#[145]">_sys_write</a>&nbsp;&nbsp;&nbsp;&rArr;&nbsp;&nbsp;&nbsp;<a href="#[1b0]">serial_init</a><BR>
 <LI><a href="#[22c]">mbed_error_vfprintf</a>&nbsp;&nbsp;&nbsp;&rArr;&nbsp;&nbsp;&nbsp;<a href="#[1b0]">serial_init</a><BR>
 <LI><a href="#[1b0]">serial_init</a>&nbsp;&nbsp;&nbsp;&rArr;&nbsp;&nbsp;&nbsp;<a href="#[1bb]">mbed_assert_internal</a><BR>
 <LI><a href="#[244]">mbed_error_printf</a>&nbsp;&nbsp;&nbsp;&rArr;&nbsp;&nbsp;&nbsp;<a href="#[1b7]">core_util_critical_section_exit</a><BR>
 <LI><a href="#[190]">std::locale::locale()</a>&nbsp;&nbsp;&nbsp;&rArr;&nbsp;&nbsp;&nbsp;<a href="#[208]">std::locale::_C_init()</a><BR>
 <LI><a href="#[194]">__rw::__rw_allocate(unsigned, int)</a>&nbsp;&nbsp;&nbsp;&rArr;&nbsp;&nbsp;&nbsp;<a href="#[191]">__rw::__rw_throw(int, ...)</a><BR>
 <LI><a href="#[276]">std::basic_string&lang;char, std::char_traits&lang;char&rang;, std::allocator&lang;char&rang;&rang;::_C_getRep(unsigned, unsigned)</a>&nbsp;&nbsp;&nbsp;&rArr;&nbsp;&nbsp;&nbsp;<a href="#[191]">__rw::__rw_throw(int, ...)</a><BR>
</UL>
<P>
<H3>
Function Pointers
</H3><UL>
 <LI><a href="#[57]">&lang;Func1&rang;</a> from mbed/TARGET_LPC1768/TOOLCHAIN_ARM_STD/mbed.ar(SerialBase.o)(i.<Func1>) referenced from mbed/TARGET_LPC1768/TOOLCHAIN_ARM_STD/mbed.ar(SerialBase.o)(i._ZN4mbed10SerialBaseC1E7PinNameS1_i)
 <LI><a href="#[56]">&lang;Func5&rang;</a> from C:\Keil_v5\ARM\ARMCC\Bin\..\lib\cpplib\cpp_ws.l(locale.o)(i.<Func5>) referenced from C:\Keil_v5\ARM\ARMCC\Bin\..\lib\cpplib\cpp_ws.l(locale.o)(i._ZN4__rw15__rw_locale_impC1EPKcjj)
 <LI><a href="#[3e]">ADC_IRQHandler</a> from mbed/TARGET_LPC1768/TOOLCHAIN_ARM_STD/startup_LPC17xx.o(.text) referenced from mbed/TARGET_LPC1768/TOOLCHAIN_ARM_STD/startup_LPC17xx.o(RESET)
 <LI><a href="#[3f]">BOD_IRQHandler</a> from mbed/TARGET_LPC1768/TOOLCHAIN_ARM_STD/startup_LPC17xx.o(.text) referenced from mbed/TARGET_LPC1768/TOOLCHAIN_ARM_STD/startup_LPC17xx.o(RESET)
 <LI><a href="#[22]">BusFault_Handler</a> from mbed/TARGET_LPC1768/TOOLCHAIN_ARM_STD/startup_LPC17xx.o(.text) referenced from mbed/TARGET_LPC1768/TOOLCHAIN_ARM_STD/startup_LPC17xx.o(RESET)
 <LI><a href="#[41]">CAN_IRQHandler</a> from mbed/TARGET_LPC1768/TOOLCHAIN_ARM_STD/startup_LPC17xx.o(.text) referenced from mbed/TARGET_LPC1768/TOOLCHAIN_ARM_STD/startup_LPC17xx.o(RESET)
 <LI><a href="#[42]">DMA_IRQHandler</a> from mbed/TARGET_LPC1768/TOOLCHAIN_ARM_STD/startup_LPC17xx.o(.text) referenced from mbed/TARGET_LPC1768/TOOLCHAIN_ARM_STD/startup_LPC17xx.o(RESET)
 <LI><a href="#[25]">DebugMon_Handler</a> from mbed/TARGET_LPC1768/TOOLCHAIN_ARM_STD/startup_LPC17xx.o(.text) referenced from mbed/TARGET_LPC1768/TOOLCHAIN_ARM_STD/startup_LPC17xx.o(RESET)
 <LI><a href="#[3a]">EINT0_IRQHandler</a> from mbed/TARGET_LPC1768/TOOLCHAIN_ARM_STD/startup_LPC17xx.o(.text) referenced from mbed/TARGET_LPC1768/TOOLCHAIN_ARM_STD/startup_LPC17xx.o(RESET)
 <LI><a href="#[3b]">EINT1_IRQHandler</a> from mbed/TARGET_LPC1768/TOOLCHAIN_ARM_STD/startup_LPC17xx.o(.text) referenced from mbed/TARGET_LPC1768/TOOLCHAIN_ARM_STD/startup_LPC17xx.o(RESET)
 <LI><a href="#[3c]">EINT2_IRQHandler</a> from mbed/TARGET_LPC1768/TOOLCHAIN_ARM_STD/startup_LPC17xx.o(.text) referenced from mbed/TARGET_LPC1768/TOOLCHAIN_ARM_STD/startup_LPC17xx.o(RESET)
 <LI><a href="#[3d]">EINT3_IRQHandler</a> from mbed/TARGET_LPC1768/TOOLCHAIN_ARM_STD/startup_LPC17xx.o(.text) referenced from mbed/TARGET_LPC1768/TOOLCHAIN_ARM_STD/startup_LPC17xx.o(RESET)
 <LI><a href="#[44]">ENET_IRQHandler</a> from mbed/TARGET_LPC1768/TOOLCHAIN_ARM_STD/startup_LPC17xx.o(.text) referenced from mbed/TARGET_LPC1768/TOOLCHAIN_ARM_STD/startup_LPC17xx.o(RESET)
 <LI><a href="#[20]">HardFault_Handler</a> from mbed/TARGET_LPC1768/TOOLCHAIN_ARM_STD/startup_LPC17xx.o(.text) referenced from mbed/TARGET_LPC1768/TOOLCHAIN_ARM_STD/startup_LPC17xx.o(RESET)
 <LI><a href="#[32]">I2C0_IRQHandler</a> from mbed/TARGET_LPC1768/TOOLCHAIN_ARM_STD/startup_LPC17xx.o(.text) referenced from mbed/TARGET_LPC1768/TOOLCHAIN_ARM_STD/startup_LPC17xx.o(RESET)
 <LI><a href="#[33]">I2C1_IRQHandler</a> from mbed/TARGET_LPC1768/TOOLCHAIN_ARM_STD/startup_LPC17xx.o(.text) referenced from mbed/TARGET_LPC1768/TOOLCHAIN_ARM_STD/startup_LPC17xx.o(RESET)
 <LI><a href="#[34]">I2C2_IRQHandler</a> from mbed/TARGET_LPC1768/TOOLCHAIN_ARM_STD/startup_LPC17xx.o(.text) referenced from mbed/TARGET_LPC1768/TOOLCHAIN_ARM_STD/startup_LPC17xx.o(RESET)
 <LI><a href="#[43]">I2S_IRQHandler</a> from mbed/TARGET_LPC1768/TOOLCHAIN_ARM_STD/startup_LPC17xx.o(.text) referenced from mbed/TARGET_LPC1768/TOOLCHAIN_ARM_STD/startup_LPC17xx.o(RESET)
 <LI><a href="#[46]">MCPWM_IRQHandler</a> from mbed/TARGET_LPC1768/TOOLCHAIN_ARM_STD/startup_LPC17xx.o(.text) referenced from mbed/TARGET_LPC1768/TOOLCHAIN_ARM_STD/startup_LPC17xx.o(RESET)
 <LI><a href="#[21]">MemManage_Handler</a> from mbed/TARGET_LPC1768/TOOLCHAIN_ARM_STD/startup_LPC17xx.o(.text) referenced from mbed/TARGET_LPC1768/TOOLCHAIN_ARM_STD/startup_LPC17xx.o(RESET)
 <LI><a href="#[1f]">NMI_Handler</a> from mbed/TARGET_LPC1768/TOOLCHAIN_ARM_STD/startup_LPC17xx.o(.text) referenced from mbed/TARGET_LPC1768/TOOLCHAIN_ARM_STD/startup_LPC17xx.o(RESET)
 <LI><a href="#[38]">PLL0_IRQHandler</a> from mbed/TARGET_LPC1768/TOOLCHAIN_ARM_STD/startup_LPC17xx.o(.text) referenced from mbed/TARGET_LPC1768/TOOLCHAIN_ARM_STD/startup_LPC17xx.o(RESET)
 <LI><a href="#[48]">PLL1_IRQHandler</a> from mbed/TARGET_LPC1768/TOOLCHAIN_ARM_STD/startup_LPC17xx.o(.text) referenced from mbed/TARGET_LPC1768/TOOLCHAIN_ARM_STD/startup_LPC17xx.o(RESET)
 <LI><a href="#[31]">PWM1_IRQHandler</a> from mbed/TARGET_LPC1768/TOOLCHAIN_ARM_STD/startup_LPC17xx.o(.text) referenced from mbed/TARGET_LPC1768/TOOLCHAIN_ARM_STD/startup_LPC17xx.o(RESET)
 <LI><a href="#[26]">PendSV_Handler</a> from mbed/TARGET_LPC1768/TOOLCHAIN_ARM_STD/startup_LPC17xx.o(.text) referenced from mbed/TARGET_LPC1768/TOOLCHAIN_ARM_STD/startup_LPC17xx.o(RESET)
 <LI><a href="#[47]">QEI_IRQHandler</a> from mbed/TARGET_LPC1768/TOOLCHAIN_ARM_STD/startup_LPC17xx.o(.text) referenced from mbed/TARGET_LPC1768/TOOLCHAIN_ARM_STD/startup_LPC17xx.o(RESET)
 <LI><a href="#[45]">RIT_IRQHandler</a> from mbed/TARGET_LPC1768/TOOLCHAIN_ARM_STD/startup_LPC17xx.o(.text) referenced from mbed/TARGET_LPC1768/TOOLCHAIN_ARM_STD/startup_LPC17xx.o(RESET)
 <LI><a href="#[39]">RTC_IRQHandler</a> from mbed/TARGET_LPC1768/TOOLCHAIN_ARM_STD/startup_LPC17xx.o(.text) referenced from mbed/TARGET_LPC1768/TOOLCHAIN_ARM_STD/startup_LPC17xx.o(RESET)
 <LI><a href="#[1e]">Reset_Handler</a> from mbed/TARGET_LPC1768/TOOLCHAIN_ARM_STD/startup_LPC17xx.o(.text) referenced from mbed/TARGET_LPC1768/TOOLCHAIN_ARM_STD/startup_LPC17xx.o(RESET)
 <LI><a href="#[35]">SPI_IRQHandler</a> from mbed/TARGET_LPC1768/TOOLCHAIN_ARM_STD/startup_LPC17xx.o(.text) referenced from mbed/TARGET_LPC1768/TOOLCHAIN_ARM_STD/startup_LPC17xx.o(RESET)
 <LI><a href="#[36]">SSP0_IRQHandler</a> from mbed/TARGET_LPC1768/TOOLCHAIN_ARM_STD/startup_LPC17xx.o(.text) referenced from mbed/TARGET_LPC1768/TOOLCHAIN_ARM_STD/startup_LPC17xx.o(RESET)
 <LI><a href="#[37]">SSP1_IRQHandler</a> from mbed/TARGET_LPC1768/TOOLCHAIN_ARM_STD/startup_LPC17xx.o(.text) referenced from mbed/TARGET_LPC1768/TOOLCHAIN_ARM_STD/startup_LPC17xx.o(RESET)
 <LI><a href="#[24]">SVC_Handler</a> from mbed/TARGET_LPC1768/TOOLCHAIN_ARM_STD/startup_LPC17xx.o(.text) referenced from mbed/TARGET_LPC1768/TOOLCHAIN_ARM_STD/startup_LPC17xx.o(RESET)
 <LI><a href="#[27]">SysTick_Handler</a> from mbed/TARGET_LPC1768/TOOLCHAIN_ARM_STD/startup_LPC17xx.o(.text) referenced from mbed/TARGET_LPC1768/TOOLCHAIN_ARM_STD/startup_LPC17xx.o(RESET)
 <LI><a href="#[49]">SystemInit</a> from mbed/TARGET_LPC1768/TOOLCHAIN_ARM_STD/system_LPC17xx.o(i.SystemInit) referenced from mbed/TARGET_LPC1768/TOOLCHAIN_ARM_STD/startup_LPC17xx.o(.text)
 <LI><a href="#[29]">TIMER0_IRQHandler</a> from mbed/TARGET_LPC1768/TOOLCHAIN_ARM_STD/startup_LPC17xx.o(.text) referenced from mbed/TARGET_LPC1768/TOOLCHAIN_ARM_STD/startup_LPC17xx.o(RESET)
 <LI><a href="#[2a]">TIMER1_IRQHandler</a> from mbed/TARGET_LPC1768/TOOLCHAIN_ARM_STD/startup_LPC17xx.o(.text) referenced from mbed/TARGET_LPC1768/TOOLCHAIN_ARM_STD/startup_LPC17xx.o(RESET)
 <LI><a href="#[2b]">TIMER2_IRQHandler</a> from mbed/TARGET_LPC1768/TOOLCHAIN_ARM_STD/startup_LPC17xx.o(.text) referenced from mbed/TARGET_LPC1768/TOOLCHAIN_ARM_STD/startup_LPC17xx.o(RESET)
 <LI><a href="#[2c]">TIMER3_IRQHandler</a> from mbed/TARGET_LPC1768/TOOLCHAIN_ARM_STD/startup_LPC17xx.o(.text) referenced from mbed/TARGET_LPC1768/TOOLCHAIN_ARM_STD/startup_LPC17xx.o(RESET)
 <LI><a href="#[2d]">UART0_IRQHandler</a> from mbed/TARGET_LPC1768/TOOLCHAIN_ARM_STD/startup_LPC17xx.o(.text) referenced from mbed/TARGET_LPC1768/TOOLCHAIN_ARM_STD/startup_LPC17xx.o(RESET)
 <LI><a href="#[2e]">UART1_IRQHandler</a> from mbed/TARGET_LPC1768/TOOLCHAIN_ARM_STD/startup_LPC17xx.o(.text) referenced from mbed/TARGET_LPC1768/TOOLCHAIN_ARM_STD/startup_LPC17xx.o(RESET)
 <LI><a href="#[2f]">UART2_IRQHandler</a> from mbed/TARGET_LPC1768/TOOLCHAIN_ARM_STD/startup_LPC17xx.o(.text) referenced from mbed/TARGET_LPC1768/TOOLCHAIN_ARM_STD/startup_LPC17xx.o(RESET)
 <LI><a href="#[30]">UART3_IRQHandler</a> from mbed/TARGET_LPC1768/TOOLCHAIN_ARM_STD/startup_LPC17xx.o(.text) referenced from mbed/TARGET_LPC1768/TOOLCHAIN_ARM_STD/startup_LPC17xx.o(RESET)
 <LI><a href="#[40]">USB_IRQHandler</a> from mbed/TARGET_LPC1768/TOOLCHAIN_ARM_STD/startup_LPC17xx.o(.text) referenced from mbed/TARGET_LPC1768/TOOLCHAIN_ARM_STD/startup_LPC17xx.o(RESET)
 <LI><a href="#[23]">UsageFault_Handler</a> from mbed/TARGET_LPC1768/TOOLCHAIN_ARM_STD/startup_LPC17xx.o(.text) referenced from mbed/TARGET_LPC1768/TOOLCHAIN_ARM_STD/startup_LPC17xx.o(RESET)
 <LI><a href="#[28]">WDT_IRQHandler</a> from mbed/TARGET_LPC1768/TOOLCHAIN_ARM_STD/startup_LPC17xx.o(.text) referenced from mbed/TARGET_LPC1768/TOOLCHAIN_ARM_STD/startup_LPC17xx.o(RESET)
 <LI><a href="#[54]">[local to arm_exceptions_c]::__default_terminate_handler()</a> from C:\Keil_v5\ARM\ARMCC\Bin\..\lib\cpplib\cpprt_w.l(arm_exceptions_globs.o)(.text) referenced from C:\Keil_v5\ARM\ARMCC\Bin\..\lib\cpplib\cpprt_w.l(arm_exceptions_globs.o)(.text)
 <LI><a href="#[8d]">__rw::__rw_facet_base::_C_initfacet(const std::locale&)</a> from .\build\main.o(i._ZN4__rw15__rw_facet_base12_C_initfacetERKSt6locale) referenced from .\build\main.o(.constdata__ZTVNSt6locale5facetE)
 <LI><a href="#[8d]">__rw::__rw_facet_base::_C_initfacet(const std::locale&)</a> from .\build\main.o(i._ZN4__rw15__rw_facet_base12_C_initfacetERKSt6locale) referenced from .\build\main.o(.constdata__ZTVSt7num_putIcSt19ostreambuf_iteratorIcSt11char_traitsIcEEE)
 <LI><a href="#[8d]">__rw::__rw_facet_base::_C_initfacet(const std::locale&)</a> from .\build\main.o(i._ZN4__rw15__rw_facet_base12_C_initfacetERKSt6locale) referenced from C:\Keil_v5\ARM\ARMCC\Bin\..\lib\cpplib\cpp_ws.l(rwstdexcept.o)(.constdata__ZTVSt8messagesIcE)
 <LI><a href="#[69]">__rw::__rw_facet_maker&lang;std::ctype&lang;char&rang;&rang;::_C_maker_func(int, const char*, unsigned)</a> from C:\Keil_v5\ARM\ARMCC\Bin\..\lib\cpplib\cpp_ws.l(ios.o)(t._ZN4__rw16__rw_facet_makerISt5ctypeIcEE13_C_maker_funcEiPKcj) referenced from C:\Keil_v5\ARM\ARMCC\Bin\..\lib\cpplib\cpp_ws.l(rwstdexcept.o)(t._ZNKSt8messagesIcE6do_getEiiiRKSs)
 <LI><a href="#[69]">__rw::__rw_facet_maker&lang;std::ctype&lang;char&rang;&rang;::_C_maker_func(int, const char*, unsigned)</a> from C:\Keil_v5\ARM\ARMCC\Bin\..\lib\cpplib\cpp_ws.l(ios.o)(t._ZN4__rw16__rw_facet_makerISt5ctypeIcEE13_C_maker_funcEiPKcj) referenced from C:\Keil_v5\ARM\ARMCC\Bin\..\lib\cpplib\cpp_ws.l(ios.o)(t._ZNSt9basic_iosIcSt11char_traitsIcEE4initEPSt15basic_streambufIcS1_E)
 <LI><a href="#[69]">__rw::__rw_facet_maker&lang;std::ctype&lang;char&rang;&rang;::_C_maker_func(int, const char*, unsigned)</a> from C:\Keil_v5\ARM\ARMCC\Bin\..\lib\cpplib\cpp_ws.l(ios.o)(t._ZN4__rw16__rw_facet_makerISt5ctypeIcEE13_C_maker_funcEiPKcj) referenced from .\build\main.o(t._ZSt9use_facetISt5ctypeIcEERKT_RKSt6locale)
 <LI><a href="#[65]">__rw::__rw_facet_maker&lang;std::num_put&lang;char, std::ostreambuf_iterator&lang;char, std::char_traits&lang;char&rang;&rang;&rang;&rang;::_C_maker_func(int, const char*, unsigned)</a> from .\build\main.o(t._ZN4__rw16__rw_facet_makerISt7num_putIcSt19ostreambuf_iteratorIcSt11char_traitsIcEEEE13_C_maker_funcEiPKcj) referenced from .\build\main.o(t._ZN4__rw11__rw_insertIcSt11char_traitsIcEdEERSt13basic_ostreamIT_T0_ES7_T1_)
 <LI><a href="#[68]">__rw::__rw_facet_maker&lang;std::numpunct&lang;char&rang;&rang;::_C_maker_func(int, const char*, unsigned)</a> from .\build\main.o(t._ZN4__rw16__rw_facet_makerISt8numpunctIcEE13_C_maker_funcEiPKcj) referenced from .\build\main.o(t._ZN4__rw24__rw_digit_writer_base_1IcEC1ERSt8ios_baseRKSt6locale)
 <LI><a href="#[70]">__rw::__rw_digit_writer&lang;char, std::ostreambuf_iterator&lang;char, std::char_traits&lang;char&rang;&rang;&rang;::~__rw_digit_writer()</a> from .\build\main.o(i._ZN4__rw17__rw_digit_writerIcSt19ostreambuf_iteratorIcSt11char_traitsIcEEED1Ev) referenced from .\build\main.o(.constdata__ZTVN4__rw17__rw_digit_writerIcSt19ostreambuf_iteratorIcSt11char_traitsIcEEEE)
 <LI><a href="#[5d]">__rw::__rw_locale_vector&lang;__rw::__rw_cat*&rang;::~__rw_locale_vector()</a> from C:\Keil_v5\ARM\ARMCC\Bin\..\lib\cpplib\cpp_ws.l(rwcats.o)(t._ZN4__rw18__rw_locale_vectorIPNS_8__rw_catEED1Ev) referenced from C:\Keil_v5\ARM\ARMCC\Bin\..\lib\cpplib\cpp_ws.l(rwcats.o)(i.__sti___10_rwcats_cpp_64e8068e)
 <LI><a href="#[5b]">__rw::__rw_locale_vector&lang;std::__rw_open_cat_data&rang;::~__rw_locale_vector()</a> from C:\Keil_v5\ARM\ARMCC\Bin\..\lib\cpplib\cpp_ws.l(messages.o)(t._ZN4__rw18__rw_locale_vectorISt18__rw_open_cat_dataED1Ev) referenced from C:\Keil_v5\ARM\ARMCC\Bin\..\lib\cpplib\cpp_ws.l(messages.o)(i._ZSt13__rw_get_catsv)
 <LI><a href="#[71]">__rw::__rw_digit_writer_base::~__rw_digit_writer_base()</a> from .\build\main.o(i._ZN4__rw22__rw_digit_writer_baseD1Ev) referenced from .\build\main.o(.constdata__ZTVN4__rw22__rw_digit_writer_baseE)
 <LI><a href="#[72]">__rw::__rw_digit_writer_base_1&lang;char&rang;::~__rw_digit_writer_base_1()</a> from .\build\main.o(i._ZN4__rw24__rw_digit_writer_base_1IcED1Ev) referenced from .\build\main.o(.constdata__ZTVN4__rw24__rw_digit_writer_base_1IcEE)
 <LI><a href="#[b6]">__rw::__rw_throw_exception_noex(int, char*)</a> from C:\Keil_v5\ARM\ARMCC\Bin\..\lib\cpplib\cpp_ws.l(rwthrowproc_impl_noex.o)(i._ZN4__rw25__rw_throw_exception_noexEiPc) referenced from C:\Keil_v5\ARM\ARMCC\Bin\..\lib\cpplib\cpp_ws.l(rwthrowproc_noex.o)(.data)
 <LI><a href="#[75]">mbed::FileHandle::size()</a> from mbed/TARGET_LPC1768/TOOLCHAIN_ARM_STD/mbed.ar(FileHandle.o)(i._ZN4mbed10FileHandle4sizeEv) referenced from mbed/TARGET_LPC1768/TOOLCHAIN_ARM_STD/mbed.ar(FileHandle.o)(.constdata__ZTVN4mbed10FileHandleE)
 <LI><a href="#[74]">mbed::FileHandle::isatty()</a> from mbed/TARGET_LPC1768/TOOLCHAIN_ARM_STD/mbed.ar(FileHandle.o)(i._ZN4mbed10FileHandle6isattyEv) referenced from mbed/TARGET_LPC1768/TOOLCHAIN_ARM_STD/mbed.ar(FileHandle.o)(.constdata__ZTVN4mbed10FileHandleE)
 <LI><a href="#[58]">mbed::SerialBase::_irq_handler(unsigned, SerialIrq)</a> from mbed/TARGET_LPC1768/TOOLCHAIN_ARM_STD/mbed.ar(SerialBase.o)(i._ZN4mbed10SerialBase12_irq_handlerEj9SerialIrq) referenced from mbed/TARGET_LPC1768/TOOLCHAIN_ARM_STD/mbed.ar(SerialBase.o)(i._ZN4mbed10SerialBaseC1E7PinNameS1_i)
 <LI><a href="#[76]">mbed::SerialBase::lock()</a> from mbed/TARGET_LPC1768/TOOLCHAIN_ARM_STD/mbed.ar(SerialBase.o)(i._ZN4mbed10SerialBase4lockEv) referenced from mbed/TARGET_LPC1768/TOOLCHAIN_ARM_STD/mbed.ar(SerialBase.o)(.constdata__ZTVN4mbed10SerialBaseE)
 <LI><a href="#[77]">mbed::SerialBase::unlock()</a> from mbed/TARGET_LPC1768/TOOLCHAIN_ARM_STD/mbed.ar(SerialBase.o)(i._ZN4mbed10SerialBase6unlockEv) referenced from mbed/TARGET_LPC1768/TOOLCHAIN_ARM_STD/mbed.ar(SerialBase.o)(.constdata__ZTVN4mbed10SerialBaseE)
 <LI><a href="#[78]">mbed::SerialBase::~SerialBase()</a> from mbed/TARGET_LPC1768/TOOLCHAIN_ARM_STD/mbed.ar(SerialBase.o)(i._ZN4mbed10SerialBaseD1Ev) referenced from mbed/TARGET_LPC1768/TOOLCHAIN_ARM_STD/mbed.ar(SerialBase.o)(.constdata__ZTVN4mbed10SerialBaseE)
 <LI><a href="#[79]">mbed::I2C::lock()</a> from mbed/TARGET_LPC1768/TOOLCHAIN_ARM_STD/mbed.ar(I2C.o)(i._ZN4mbed3I2C4lockEv) referenced from mbed/TARGET_LPC1768/TOOLCHAIN_ARM_STD/mbed.ar(I2C.o)(.constdata__ZTVN4mbed3I2CE)
 <LI><a href="#[7a]">mbed::I2C::unlock()</a> from mbed/TARGET_LPC1768/TOOLCHAIN_ARM_STD/mbed.ar(I2C.o)(i._ZN4mbed3I2C6unlockEv) referenced from mbed/TARGET_LPC1768/TOOLCHAIN_ARM_STD/mbed.ar(I2C.o)(.constdata__ZTVN4mbed3I2CE)
 <LI><a href="#[7c]">mbed::SPI::lock()</a> from mbed/TARGET_LPC1768/TOOLCHAIN_ARM_STD/mbed.ar(SPI.o)(i._ZN4mbed3SPI4lockEv) referenced from mbed/TARGET_LPC1768/TOOLCHAIN_ARM_STD/mbed.ar(SPI.o)(.constdata__ZTVN4mbed3SPIE)
 <LI><a href="#[7b]">mbed::SPI::write(int)</a> from mbed/TARGET_LPC1768/TOOLCHAIN_ARM_STD/mbed.ar(SPI.o)(i._ZN4mbed3SPI5writeEi) referenced from mbed/TARGET_LPC1768/TOOLCHAIN_ARM_STD/mbed.ar(SPI.o)(.constdata__ZTVN4mbed3SPIE)
 <LI><a href="#[7d]">mbed::SPI::unlock()</a> from mbed/TARGET_LPC1768/TOOLCHAIN_ARM_STD/mbed.ar(SPI.o)(i._ZN4mbed3SPI6unlockEv) referenced from mbed/TARGET_LPC1768/TOOLCHAIN_ARM_STD/mbed.ar(SPI.o)(.constdata__ZTVN4mbed3SPIE)
 <LI><a href="#[7e]">mbed::Serial::lock()</a> from mbed/TARGET_LPC1768/TOOLCHAIN_ARM_STD/mbed.ar(Serial.o)(i._ZN4mbed6Serial4lockEv) referenced from mbed/TARGET_LPC1768/TOOLCHAIN_ARM_STD/mbed.ar(Serial.o)(.constdata__ZTVN4mbed6SerialE)
 <LI><a href="#[7f]">mbed::Serial::unlock()</a> from mbed/TARGET_LPC1768/TOOLCHAIN_ARM_STD/mbed.ar(Serial.o)(i._ZN4mbed6Serial6unlockEv) referenced from mbed/TARGET_LPC1768/TOOLCHAIN_ARM_STD/mbed.ar(Serial.o)(.constdata__ZTVN4mbed6SerialE)
 <LI><a href="#[5e]">mbed::Serial::~Serial()</a> from mbed/TARGET_LPC1768/TOOLCHAIN_ARM_STD/mbed.ar(Serial.o)(i._ZN4mbed6SerialD1Ev) referenced from mbed/TARGET_LPC1768/TOOLCHAIN_ARM_STD/mbed.ar(Serial.o)(.constdata__ZTVN4mbed6SerialE)
 <LI><a href="#[5e]">mbed::Serial::~Serial()</a> from mbed/TARGET_LPC1768/TOOLCHAIN_ARM_STD/mbed.ar(Serial.o)(i._ZN4mbed6SerialD1Ev) referenced from .\build\main.o(i.__sti___8_main_cpp_myled)
 <LI><a href="#[89]">mbed::Stream::lock()</a> from mbed/TARGET_LPC1768/TOOLCHAIN_ARM_STD/mbed.ar(Stream.o)(i._ZN4mbed6Stream4lockEv) referenced from mbed/TARGET_LPC1768/TOOLCHAIN_ARM_STD/mbed.ar(Stream.o)(.constdata__ZTVN4mbed6StreamE)
 <LI><a href="#[81]">mbed::Stream::seek(long, int)</a> from mbed/TARGET_LPC1768/TOOLCHAIN_ARM_STD/mbed.ar(Stream.o)(i._ZN4mbed6Stream4seekEli) referenced from mbed/TARGET_LPC1768/TOOLCHAIN_ARM_STD/mbed.ar(Serial.o)(.constdata__ZTVN4mbed6SerialE)
 <LI><a href="#[81]">mbed::Stream::seek(long, int)</a> from mbed/TARGET_LPC1768/TOOLCHAIN_ARM_STD/mbed.ar(Stream.o)(i._ZN4mbed6Stream4seekEli) referenced from mbed/TARGET_LPC1768/TOOLCHAIN_ARM_STD/mbed.ar(Stream.o)(.constdata__ZTVN4mbed6StreamE)
 <LI><a href="#[84]">mbed::Stream::size()</a> from mbed/TARGET_LPC1768/TOOLCHAIN_ARM_STD/mbed.ar(Stream.o)(i._ZN4mbed6Stream4sizeEv) referenced from mbed/TARGET_LPC1768/TOOLCHAIN_ARM_STD/mbed.ar(Serial.o)(.constdata__ZTVN4mbed6SerialE)
 <LI><a href="#[84]">mbed::Stream::size()</a> from mbed/TARGET_LPC1768/TOOLCHAIN_ARM_STD/mbed.ar(Stream.o)(i._ZN4mbed6Stream4sizeEv) referenced from mbed/TARGET_LPC1768/TOOLCHAIN_ARM_STD/mbed.ar(Stream.o)(.constdata__ZTVN4mbed6StreamE)
 <LI><a href="#[82]">mbed::Stream::close()</a> from mbed/TARGET_LPC1768/TOOLCHAIN_ARM_STD/mbed.ar(Stream.o)(i._ZN4mbed6Stream5closeEv) referenced from mbed/TARGET_LPC1768/TOOLCHAIN_ARM_STD/mbed.ar(Serial.o)(.constdata__ZTVN4mbed6SerialE)
 <LI><a href="#[82]">mbed::Stream::close()</a> from mbed/TARGET_LPC1768/TOOLCHAIN_ARM_STD/mbed.ar(Stream.o)(i._ZN4mbed6Stream5closeEv) referenced from mbed/TARGET_LPC1768/TOOLCHAIN_ARM_STD/mbed.ar(Stream.o)(.constdata__ZTVN4mbed6StreamE)
 <LI><a href="#[80]">mbed::Stream::write(const void*, unsigned)</a> from mbed/TARGET_LPC1768/TOOLCHAIN_ARM_STD/mbed.ar(Stream.o)(i._ZN4mbed6Stream5writeEPKvj) referenced from mbed/TARGET_LPC1768/TOOLCHAIN_ARM_STD/mbed.ar(Serial.o)(.constdata__ZTVN4mbed6SerialE)
 <LI><a href="#[80]">mbed::Stream::write(const void*, unsigned)</a> from mbed/TARGET_LPC1768/TOOLCHAIN_ARM_STD/mbed.ar(Stream.o)(i._ZN4mbed6Stream5writeEPKvj) referenced from mbed/TARGET_LPC1768/TOOLCHAIN_ARM_STD/mbed.ar(Stream.o)(.constdata__ZTVN4mbed6StreamE)
 <LI><a href="#[83]">mbed::Stream::isatty()</a> from mbed/TARGET_LPC1768/TOOLCHAIN_ARM_STD/mbed.ar(Stream.o)(i._ZN4mbed6Stream6isattyEv) referenced from mbed/TARGET_LPC1768/TOOLCHAIN_ARM_STD/mbed.ar(Serial.o)(.constdata__ZTVN4mbed6SerialE)
 <LI><a href="#[83]">mbed::Stream::isatty()</a> from mbed/TARGET_LPC1768/TOOLCHAIN_ARM_STD/mbed.ar(Stream.o)(i._ZN4mbed6Stream6isattyEv) referenced from mbed/TARGET_LPC1768/TOOLCHAIN_ARM_STD/mbed.ar(Stream.o)(.constdata__ZTVN4mbed6StreamE)
 <LI><a href="#[8a]">mbed::Stream::unlock()</a> from mbed/TARGET_LPC1768/TOOLCHAIN_ARM_STD/mbed.ar(Stream.o)(i._ZN4mbed6Stream6unlockEv) referenced from mbed/TARGET_LPC1768/TOOLCHAIN_ARM_STD/mbed.ar(Stream.o)(.constdata__ZTVN4mbed6StreamE)
 <LI><a href="#[88]">mbed::Stream::~Stream__sub_object()</a> from mbed/TARGET_LPC1768/TOOLCHAIN_ARM_STD/mbed.ar(Stream.o)(i._ZN4mbed6StreamD2Ev) referenced from mbed/TARGET_LPC1768/TOOLCHAIN_ARM_STD/mbed.ar(Stream.o)(.constdata__ZTVN4mbed6StreamE)
 <LI><a href="#[59]">mbed::Callback&lang;void()&rang;::~Callback()</a> from mbed/TARGET_LPC1768/TOOLCHAIN_ARM_STD/mbed.ar(SerialBase.o)(t._ZN4mbed8CallbackIFvvEED1Ev) referenced from mbed/TARGET_LPC1768/TOOLCHAIN_ARM_STD/mbed.ar(SerialBase.o)(i._ZN4mbed10SerialBaseD1Ev)
 <LI><a href="#[8b]">mbed::FileBase::~FileBase()</a> from mbed/TARGET_LPC1768/TOOLCHAIN_ARM_STD/mbed.ar(FileBase.o)(i._ZN4mbed8FileBaseD1Ev) referenced from mbed/TARGET_LPC1768/TOOLCHAIN_ARM_STD/mbed.ar(FileBase.o)(.constdata__ZTVN4mbed8FileBaseE)
 <LI><a href="#[5f]">MMA8452::~MMA8452()</a> from .\build\mma8452.o(i._ZN7MMA8452D1Ev) referenced from .\build\main.o(i.__sti___8_main_cpp_myled)
 <LI><a href="#[94]">std::__rw_exception::what() const</a> from C:\Keil_v5\ARM\ARMCC\Bin\..\lib\cpplib\cpp_ws.l(rwstdexcept.o)(i._ZNKSt14__rw_exception4whatEv) referenced from C:\Keil_v5\ARM\ARMCC\Bin\..\lib\cpplib\cpp_ws.l(rwstdexcept.o)(.constdata__ZTVSt14__rw_exception)
 <LI><a href="#[92]">std::ctype&lang;char&rang;::do_widen(const char*, const char*, char*) const</a> from C:\Keil_v5\ARM\ARMCC\Bin\..\lib\cpplib\cpp_ws.l(char.o)(i._ZNKSt5ctypeIcE8do_widenEPKcS2_Pc) referenced from C:\Keil_v5\ARM\ARMCC\Bin\..\lib\cpplib\cpp_ws.l(char.o)(.constdata__ZTVSt12ctype_bynameIcE)
 <LI><a href="#[92]">std::ctype&lang;char&rang;::do_widen(const char*, const char*, char*) const</a> from C:\Keil_v5\ARM\ARMCC\Bin\..\lib\cpplib\cpp_ws.l(char.o)(i._ZNKSt5ctypeIcE8do_widenEPKcS2_Pc) referenced from C:\Keil_v5\ARM\ARMCC\Bin\..\lib\cpplib\cpp_ws.l(char.o)(.constdata__ZTVSt5ctypeIcE)
 <LI><a href="#[91]">std::ctype&lang;char&rang;::do_widen(char) const</a> from C:\Keil_v5\ARM\ARMCC\Bin\..\lib\cpplib\cpp_ws.l(char.o)(i._ZNKSt5ctypeIcE8do_widenEc) referenced from C:\Keil_v5\ARM\ARMCC\Bin\..\lib\cpplib\cpp_ws.l(char.o)(.constdata__ZTVSt12ctype_bynameIcE)
 <LI><a href="#[91]">std::ctype&lang;char&rang;::do_widen(char) const</a> from C:\Keil_v5\ARM\ARMCC\Bin\..\lib\cpplib\cpp_ws.l(char.o)(i._ZNKSt5ctypeIcE8do_widenEc) referenced from C:\Keil_v5\ARM\ARMCC\Bin\..\lib\cpplib\cpp_ws.l(char.o)(.constdata__ZTVSt5ctypeIcE)
 <LI><a href="#[a9]">std::num_put&lang;char, std::ostreambuf_iterator&lang;char, std::char_traits&lang;char&rang;&rang;&rang;::do_put(std::ostreambuf_iterator&lang;char, std::char_traits&lang;char&rang;&rang;, std::ios_base&, char, double) const</a> from .\build\main.o(t._ZNKSt7num_putIcSt19ostreambuf_iteratorIcSt11char_traitsIcEEE6do_putES3_RSt8ios_basecd) referenced from .\build\main.o(.constdata__ZTVSt7num_putIcSt19ostreambuf_iteratorIcSt11char_traitsIcEEE)
 <LI><a href="#[ae]">std::messages&lang;char&rang;::do_get(int, int, int, const std::basic_string&lang;char, std::char_traits&lang;char&rang;, std::allocator&lang;char&rang;&rang;&) const</a> from C:\Keil_v5\ARM\ARMCC\Bin\..\lib\cpplib\cpp_ws.l(rwstdexcept.o)(t._ZNKSt8messagesIcE6do_getEiiiRKSs) referenced from C:\Keil_v5\ARM\ARMCC\Bin\..\lib\cpplib\cpp_ws.l(rwstdexcept.o)(.constdata__ZTVSt8messagesIcE)
 <LI><a href="#[ad]">std::messages&lang;char&rang;::do_open(const std::basic_string&lang;char, std::char_traits&lang;char&rang;, std::allocator&lang;char&rang;&rang;&, const std::locale&) const</a> from C:\Keil_v5\ARM\ARMCC\Bin\..\lib\cpplib\cpp_ws.l(rwstdexcept.o)(t._ZNKSt8messagesIcE7do_openERKSsRKSt6locale) referenced from C:\Keil_v5\ARM\ARMCC\Bin\..\lib\cpplib\cpp_ws.l(rwstdexcept.o)(.constdata__ZTVSt8messagesIcE)
 <LI><a href="#[a1]">std::numpunct&lang;char&rang;::do_grouping() const</a> from C:\Keil_v5\ARM\ARMCC\Bin\..\lib\cpplib\cpp_ws.l(char.o)(t._ZNKSt8numpunctIcE11do_groupingEv) referenced from .\build\main.o(.constdata__ZTVSt15numpunct_bynameIcE)
 <LI><a href="#[a1]">std::numpunct&lang;char&rang;::do_grouping() const</a> from C:\Keil_v5\ARM\ARMCC\Bin\..\lib\cpplib\cpp_ws.l(char.o)(t._ZNKSt8numpunctIcE11do_groupingEv) referenced from .\build\main.o(.constdata__ZTVSt8numpunctIcE)
 <LI><a href="#[a2]">std::numpunct&lang;char&rang;::do_truename() const</a> from C:\Keil_v5\ARM\ARMCC\Bin\..\lib\cpplib\cpp_ws.l(char.o)(t._ZNKSt8numpunctIcE11do_truenameEv) referenced from .\build\main.o(.constdata__ZTVSt15numpunct_bynameIcE)
 <LI><a href="#[a2]">std::numpunct&lang;char&rang;::do_truename() const</a> from C:\Keil_v5\ARM\ARMCC\Bin\..\lib\cpplib\cpp_ws.l(char.o)(t._ZNKSt8numpunctIcE11do_truenameEv) referenced from .\build\main.o(.constdata__ZTVSt8numpunctIcE)
 <LI><a href="#[a3]">std::numpunct&lang;char&rang;::do_falsename() const</a> from C:\Keil_v5\ARM\ARMCC\Bin\..\lib\cpplib\cpp_ws.l(char.o)(t._ZNKSt8numpunctIcE12do_falsenameEv) referenced from .\build\main.o(.constdata__ZTVSt15numpunct_bynameIcE)
 <LI><a href="#[a3]">std::numpunct&lang;char&rang;::do_falsename() const</a> from C:\Keil_v5\ARM\ARMCC\Bin\..\lib\cpplib\cpp_ws.l(char.o)(t._ZNKSt8numpunctIcE12do_falsenameEv) referenced from .\build\main.o(.constdata__ZTVSt8numpunctIcE)
 <LI><a href="#[9f]">std::numpunct&lang;char&rang;::do_decimal_point() const</a> from C:\Keil_v5\ARM\ARMCC\Bin\..\lib\cpplib\cpp_ws.l(char.o)(t._ZNKSt8numpunctIcE16do_decimal_pointEv) referenced from .\build\main.o(.constdata__ZTVSt15numpunct_bynameIcE)
 <LI><a href="#[9f]">std::numpunct&lang;char&rang;::do_decimal_point() const</a> from C:\Keil_v5\ARM\ARMCC\Bin\..\lib\cpplib\cpp_ws.l(char.o)(t._ZNKSt8numpunctIcE16do_decimal_pointEv) referenced from .\build\main.o(.constdata__ZTVSt8numpunctIcE)
 <LI><a href="#[a0]">std::numpunct&lang;char&rang;::do_thousands_sep() const</a> from C:\Keil_v5\ARM\ARMCC\Bin\..\lib\cpplib\cpp_ws.l(char.o)(t._ZNKSt8numpunctIcE16do_thousands_sepEv) referenced from .\build\main.o(.constdata__ZTVSt15numpunct_bynameIcE)
 <LI><a href="#[a0]">std::numpunct&lang;char&rang;::do_thousands_sep() const</a> from C:\Keil_v5\ARM\ARMCC\Bin\..\lib\cpplib\cpp_ws.l(char.o)(t._ZNKSt8numpunctIcE16do_thousands_sepEv) referenced from .\build\main.o(.constdata__ZTVSt8numpunctIcE)
 <LI><a href="#[55]">std::basic_string&lang;char, std::char_traits&lang;char&rang;, std::allocator&lang;char&rang;&rang;::~basic_string()</a> from C:\Keil_v5\ARM\ARMCC\Bin\..\lib\cpplib\cpp_ws.l(char.o)(t._ZNSsD1Ev) referenced from C:\Keil_v5\ARM\ARMCC\Bin\..\lib\cpplib\cpp_ws.l(locale.o)(i._ZN4__rw15__rw_locale_impC1EPKcjj)
 <LI><a href="#[55]">std::basic_string&lang;char, std::char_traits&lang;char&rang;, std::allocator&lang;char&rang;&rang;::~basic_string()</a> from C:\Keil_v5\ARM\ARMCC\Bin\..\lib\cpplib\cpp_ws.l(char.o)(t._ZNSsD1Ev) referenced from C:\Keil_v5\ARM\ARMCC\Bin\..\lib\cpplib\cpp_ws.l(ios.o)(t._ZN4__rw18__rw_locale_vectorISsED1Ev)
 <LI><a href="#[8f]">std::ctype_byname&lang;char&rang;::~ctype_byname__deallocating()</a> from C:\Keil_v5\ARM\ARMCC\Bin\..\lib\cpplib\cpp_ws.l(char.o)(i._ZNSt12ctype_bynameIcED0Ev) referenced from C:\Keil_v5\ARM\ARMCC\Bin\..\lib\cpplib\cpp_ws.l(char.o)(.constdata__ZTVSt12ctype_bynameIcE)
 <LI><a href="#[8e]">std::ctype_byname&lang;char&rang;::~ctype_byname()</a> from C:\Keil_v5\ARM\ARMCC\Bin\..\lib\cpplib\cpp_ws.l(char.o)(i._ZNSt12ctype_bynameIcED1Ev) referenced from C:\Keil_v5\ARM\ARMCC\Bin\..\lib\cpplib\cpp_ws.l(char.o)(.constdata__ZTVSt12ctype_bynameIcE)
 <LI><a href="#[93]">std::__rw_exception::~__rw_exception()</a> from C:\Keil_v5\ARM\ARMCC\Bin\..\lib\cpplib\cpp_ws.l(rwstdexcept.o)(i._ZNSt14__rw_exceptionD1Ev) referenced from C:\Keil_v5\ARM\ARMCC\Bin\..\lib\cpplib\cpp_ws.l(rwstdexcept.o)(.constdata__ZTVSt14__rw_exception)
 <LI><a href="#[98]">std::basic_streambuf&lang;char, std::char_traits&lang;char&rang;&rang;::sync()</a> from C:\Keil_v5\ARM\ARMCC\Bin\..\lib\cpplib\cpp_ws.l(ios.o)(t._ZNSt15basic_streambufIcSt11char_traitsIcEE4syncEv) referenced from .\build\main.o(.constdata__ZTVSt15basic_streambufIcSt11char_traitsIcEE)
 <LI><a href="#[98]">std::basic_streambuf&lang;char, std::char_traits&lang;char&rang;&rang;::sync()</a> from C:\Keil_v5\ARM\ARMCC\Bin\..\lib\cpplib\cpp_ws.l(ios.o)(t._ZNSt15basic_streambufIcSt11char_traitsIcEE4syncEv) referenced from .\build\main.o(.constdata__ZTVSt15basic_stringbufIcSt11char_traitsIcESaIcEE)
 <LI><a href="#[96]">std::basic_streambuf&lang;char, std::char_traits&lang;char&rang;&rang;::seekoff(long, std::ios_base::_C_seekdir, int)</a> from C:\Keil_v5\ARM\ARMCC\Bin\..\lib\cpplib\cpp_ws.l(ios.o)(t._ZNSt15basic_streambufIcSt11char_traitsIcEE7seekoffElNSt8ios_base10_C_seekdirEi) referenced from .\build\main.o(.constdata__ZTVSt15basic_streambufIcSt11char_traitsIcEE)
 <LI><a href="#[97]">std::basic_streambuf&lang;char, std::char_traits&lang;char&rang;&rang;::overflow(int)</a> from C:\Keil_v5\ARM\ARMCC\Bin\..\lib\cpplib\cpp_ws.l(ios.o)(t._ZNSt15basic_streambufIcSt11char_traitsIcEE8overflowEi) referenced from .\build\main.o(.constdata__ZTVSt15basic_streambufIcSt11char_traitsIcEE)
 <LI><a href="#[95]">std::basic_streambuf&lang;char, std::char_traits&lang;char&rang;&rang;::~basic_streambuf()</a> from C:\Keil_v5\ARM\ARMCC\Bin\..\lib\cpplib\cpp_ws.l(ios.o)(t._ZNSt15basic_streambufIcSt11char_traitsIcEED1Ev) referenced from .\build\main.o(.constdata__ZTVSt15basic_streambufIcSt11char_traitsIcEE)
 <LI><a href="#[9a]">std::basic_stringbuf&lang;char, std::char_traits&lang;char&rang;, std::allocator&lang;char&rang;&rang;::seekoff(long, std::ios_base::_C_seekdir, int)</a> from .\build\main.o(t._ZNSt15basic_stringbufIcSt11char_traitsIcESaIcEE7seekoffElNSt8ios_base10_C_seekdirEi) referenced from .\build\main.o(.constdata__ZTVSt15basic_stringbufIcSt11char_traitsIcESaIcEE)
 <LI><a href="#[9b]">std::basic_stringbuf&lang;char, std::char_traits&lang;char&rang;, std::allocator&lang;char&rang;&rang;::overflow(int)</a> from .\build\main.o(t._ZNSt15basic_stringbufIcSt11char_traitsIcESaIcEE8overflowEi) referenced from .\build\main.o(.constdata__ZTVSt15basic_stringbufIcSt11char_traitsIcESaIcEE)
 <LI><a href="#[99]">std::basic_stringbuf&lang;char, std::char_traits&lang;char&rang;, std::allocator&lang;char&rang;&rang;::~basic_stringbuf()</a> from .\build\main.o(t._ZNSt15basic_stringbufIcSt11char_traitsIcESaIcEED1Ev) referenced from .\build\main.o(.constdata__ZTVSt15basic_stringbufIcSt11char_traitsIcESaIcEE)
 <LI><a href="#[9d]">std::numpunct_byname&lang;char&rang;::~numpunct_byname__deallocating()</a> from .\build\main.o(i._ZNSt15numpunct_bynameIcED0Ev) referenced from .\build\main.o(.constdata__ZTVSt15numpunct_bynameIcE)
 <LI><a href="#[9c]">std::numpunct_byname&lang;char&rang;::~numpunct_byname()</a> from .\build\main.o(i._ZNSt15numpunct_bynameIcED1Ev) referenced from .\build\main.o(.constdata__ZTVSt15numpunct_bynameIcE)
 <LI><a href="#[67]">std::__rw_open_cat_data::__rw_open_cat_data()</a> from C:\Keil_v5\ARM\ARMCC\Bin\..\lib\cpplib\cpp_ws.l(messages.o)(i._ZNSt18__rw_open_cat_dataC1Ev) referenced from C:\Keil_v5\ARM\ARMCC\Bin\..\lib\cpplib\cpp_ws.l(messages.o)(t._ZN4__rw18__rw_locale_vectorISt18__rw_open_cat_dataE6resizeEj)
 <LI><a href="#[66]">std::__rw_open_cat_data::~__rw_open_cat_data()</a> from C:\Keil_v5\ARM\ARMCC\Bin\..\lib\cpplib\cpp_ws.l(messages.o)(i._ZNSt18__rw_open_cat_dataD1Ev) referenced from C:\Keil_v5\ARM\ARMCC\Bin\..\lib\cpplib\cpp_ws.l(messages.o)(t._ZN4__rw18__rw_locale_vectorISt18__rw_open_cat_dataE6resizeEj)
 <LI><a href="#[66]">std::__rw_open_cat_data::~__rw_open_cat_data()</a> from C:\Keil_v5\ARM\ARMCC\Bin\..\lib\cpplib\cpp_ws.l(messages.o)(i._ZNSt18__rw_open_cat_dataD1Ev) referenced from C:\Keil_v5\ARM\ARMCC\Bin\..\lib\cpplib\cpp_ws.l(messages.o)(t._ZN4__rw18__rw_locale_vectorISt18__rw_open_cat_dataED1Ev)
 <LI><a href="#[a4]">std::basic_ostringstream&lang;char, std::char_traits&lang;char&rang;, std::allocator&lang;char&rang;&rang;::~basic_ostringstream()</a> from .\build\main.o(i._ZNSt19basic_ostringstreamIcSt11char_traitsIcESaIcEED1Ev) referenced from .\build\main.o(.constdata__ZTVSt19basic_ostringstreamIcSt11char_traitsIcESaIcEE)
 <LI><a href="#[90]">std::ctype&lang;char&rang;::_C_initfacet(const std::locale&)</a> from C:\Keil_v5\ARM\ARMCC\Bin\..\lib\cpplib\cpp_ws.l(char.o)(i._ZNSt5ctypeIcE12_C_initfacetERKSt6locale) referenced from C:\Keil_v5\ARM\ARMCC\Bin\..\lib\cpplib\cpp_ws.l(char.o)(.constdata__ZTVSt12ctype_bynameIcE)
 <LI><a href="#[90]">std::ctype&lang;char&rang;::_C_initfacet(const std::locale&)</a> from C:\Keil_v5\ARM\ARMCC\Bin\..\lib\cpplib\cpp_ws.l(char.o)(i._ZNSt5ctypeIcE12_C_initfacetERKSt6locale) referenced from C:\Keil_v5\ARM\ARMCC\Bin\..\lib\cpplib\cpp_ws.l(char.o)(.constdata__ZTVSt5ctypeIcE)
 <LI><a href="#[a6]">std::ctype&lang;char&rang;::~ctype__deallocating()</a> from C:\Keil_v5\ARM\ARMCC\Bin\..\lib\cpplib\cpp_ws.l(char.o)(i._ZNSt5ctypeIcED0Ev) referenced from C:\Keil_v5\ARM\ARMCC\Bin\..\lib\cpplib\cpp_ws.l(char.o)(.constdata__ZTVSt5ctypeIcE)
 <LI><a href="#[a5]">std::ctype&lang;char&rang;::~ctype()</a> from C:\Keil_v5\ARM\ARMCC\Bin\..\lib\cpplib\cpp_ws.l(char.o)(i._ZNSt5ctypeIcED1Ev) referenced from C:\Keil_v5\ARM\ARMCC\Bin\..\lib\cpplib\cpp_ws.l(char.o)(.constdata__ZTVSt5ctypeIcE)
 <LI><a href="#[8c]">std::locale::facet::~facet__deallocating()</a> from C:\Keil_v5\ARM\ARMCC\Bin\..\lib\cpplib\cpp_ws.l(ios.o)(i._ZNSt6locale5facetD0Ev) referenced from .\build\main.o(.constdata__ZTVNSt6locale5facetE)
 <LI><a href="#[5a]">std::locale::~locale()</a> from C:\Keil_v5\ARM\ARMCC\Bin\..\lib\cpplib\cpp_ws.l(ios.o)(i._ZNSt6localeD1Ev) referenced from C:\Keil_v5\ARM\ARMCC\Bin\..\lib\cpplib\cpp_ws.l(locale.o)(i._ZNSt6locale7classicEv)
 <LI><a href="#[a8]">std::num_put&lang;char, std::ostreambuf_iterator&lang;char, std::char_traits&lang;char&rang;&rang;&rang;::~num_put__deallocating()</a> from .\build\main.o(i._ZNSt7num_putIcSt19ostreambuf_iteratorIcSt11char_traitsIcEEED0Ev) referenced from .\build\main.o(.constdata__ZTVSt7num_putIcSt19ostreambuf_iteratorIcSt11char_traitsIcEEE)
 <LI><a href="#[a7]">std::num_put&lang;char, std::ostreambuf_iterator&lang;char, std::char_traits&lang;char&rang;&rang;&rang;::~num_put()</a> from .\build\main.o(i._ZNSt7num_putIcSt19ostreambuf_iteratorIcSt11char_traitsIcEEED1Ev) referenced from .\build\main.o(.constdata__ZTVSt7num_putIcSt19ostreambuf_iteratorIcSt11char_traitsIcEEE)
 <LI><a href="#[aa]">std::ios_base::~ios_base()</a> from C:\Keil_v5\ARM\ARMCC\Bin\..\lib\cpplib\cpp_ws.l(ios.o)(i._ZNSt8ios_baseD1Ev) referenced from .\build\main.o(.constdata__ZTVSt8ios_base)
 <LI><a href="#[ac]">std::messages&lang;char&rang;::~messages__deallocating()</a> from C:\Keil_v5\ARM\ARMCC\Bin\..\lib\cpplib\cpp_ws.l(rwstdexcept.o)(i._ZNSt8messagesIcED0Ev) referenced from C:\Keil_v5\ARM\ARMCC\Bin\..\lib\cpplib\cpp_ws.l(rwstdexcept.o)(.constdata__ZTVSt8messagesIcE)
 <LI><a href="#[ab]">std::messages&lang;char&rang;::~messages()</a> from C:\Keil_v5\ARM\ARMCC\Bin\..\lib\cpplib\cpp_ws.l(rwstdexcept.o)(i._ZNSt8messagesIcED1Ev) referenced from C:\Keil_v5\ARM\ARMCC\Bin\..\lib\cpplib\cpp_ws.l(rwstdexcept.o)(.constdata__ZTVSt8messagesIcE)
 <LI><a href="#[9e]">std::numpunct&lang;char&rang;::_C_initfacet(const std::locale&)</a> from C:\Keil_v5\ARM\ARMCC\Bin\..\lib\cpplib\cpp_ws.l(char.o)(t._ZNSt8numpunctIcE12_C_initfacetERKSt6locale) referenced from .\build\main.o(.constdata__ZTVSt15numpunct_bynameIcE)
 <LI><a href="#[9e]">std::numpunct&lang;char&rang;::_C_initfacet(const std::locale&)</a> from C:\Keil_v5\ARM\ARMCC\Bin\..\lib\cpplib\cpp_ws.l(char.o)(t._ZNSt8numpunctIcE12_C_initfacetERKSt6locale) referenced from .\build\main.o(.constdata__ZTVSt8numpunctIcE)
 <LI><a href="#[b0]">std::numpunct&lang;char&rang;::~numpunct__deallocating()</a> from C:\Keil_v5\ARM\ARMCC\Bin\..\lib\cpplib\cpp_ws.l(char.o)(i._ZNSt8numpunctIcED0Ev) referenced from .\build\main.o(.constdata__ZTVSt8numpunctIcE)
 <LI><a href="#[af]">std::numpunct&lang;char&rang;::~numpunct()</a> from C:\Keil_v5\ARM\ARMCC\Bin\..\lib\cpplib\cpp_ws.l(char.o)(i._ZNSt8numpunctIcED1Ev) referenced from .\build\main.o(.constdata__ZTVSt8numpunctIcE)
 <LI><a href="#[b1]">std::basic_ios&lang;char, std::char_traits&lang;char&rang;&rang;::~basic_ios()</a> from C:\Keil_v5\ARM\ARMCC\Bin\..\lib\cpplib\cpp_ws.l(ios.o)(i._ZNSt9basic_iosIcSt11char_traitsIcEED1Ev) referenced from .\build\main.o(.constdata__ZTVSt9basic_iosIcSt11char_traitsIcEE)
 <LI><a href="#[86]">thunk{-48} to mbed::Serial::lock()</a> from mbed/TARGET_LPC1768/TOOLCHAIN_ARM_STD/mbed.ar(Serial.o)(i._ZThn48_N4mbed6Serial4lockEv) referenced from mbed/TARGET_LPC1768/TOOLCHAIN_ARM_STD/mbed.ar(Serial.o)(.constdata__ZTVN4mbed6SerialE)
 <LI><a href="#[85]">thunk{-48} to mbed::Serial::_putc(int)</a> from mbed/TARGET_LPC1768/TOOLCHAIN_ARM_STD/mbed.ar(Serial.o)(i._ZThn48_N4mbed6Serial5_putcEi) referenced from mbed/TARGET_LPC1768/TOOLCHAIN_ARM_STD/mbed.ar(Serial.o)(.constdata__ZTVN4mbed6SerialE)
 <LI><a href="#[87]">thunk{-48} to mbed::Serial::unlock()</a> from mbed/TARGET_LPC1768/TOOLCHAIN_ARM_STD/mbed.ar(Serial.o)(i._ZThn48_N4mbed6Serial6unlockEv) referenced from mbed/TARGET_LPC1768/TOOLCHAIN_ARM_STD/mbed.ar(Serial.o)(.constdata__ZTVN4mbed6SerialE)
 <LI><a href="#[5c]">operator delete[] (void*)</a> from mbed/TARGET_LPC1768/TOOLCHAIN_ARM_STD/mbed_retarget.o(i._ZdaPv) referenced from C:\Keil_v5\ARM\ARMCC\Bin\..\lib\cpplib\cpprt_w.l(cxa_vec_new.o)(i.__cxa_vec_new)
 <LI><a href="#[73]">__cxa_pure_virtual</a> from C:\Keil_v5\ARM\ARMCC\Bin\..\lib\cpplib\cpprt_w.l(pure_virt.o)(i.__cxa_pure_virtual) referenced 4 times from mbed/TARGET_LPC1768/TOOLCHAIN_ARM_STD/mbed.ar(FileHandle.o)(.constdata__ZTVN4mbed10FileHandleE)
 <LI><a href="#[73]">__cxa_pure_virtual</a> from C:\Keil_v5\ARM\ARMCC\Bin\..\lib\cpplib\cpprt_w.l(pure_virt.o)(i.__cxa_pure_virtual) referenced 2 times from mbed/TARGET_LPC1768/TOOLCHAIN_ARM_STD/mbed.ar(Stream.o)(.constdata__ZTVN4mbed6StreamE)
 <LI><a href="#[b7]">__main</a> from C:\Keil_v5\ARM\ARMCC\Bin\..\lib\armlib\c_w.l(__main.o)(!!!main) referenced from mbed/TARGET_LPC1768/TOOLCHAIN_ARM_STD/startup_LPC17xx.o(.text)
 <LI><a href="#[b4]">__sti___10_locale_cpp_ff99fc7b</a> from C:\Keil_v5\ARM\ARMCC\Bin\..\lib\cpplib\cpp_ws.l(locale.o)(i.__sti___10_locale_cpp_ff99fc7b) referenced from C:\Keil_v5\ARM\ARMCC\Bin\..\lib\cpplib\cpp_ws.l(locale.o)(.init_array)
 <LI><a href="#[b5]">__sti___10_rwcats_cpp_64e8068e</a> from C:\Keil_v5\ARM\ARMCC\Bin\..\lib\cpplib\cpp_ws.l(rwcats.o)(i.__sti___10_rwcats_cpp_64e8068e) referenced from C:\Keil_v5\ARM\ARMCC\Bin\..\lib\cpplib\cpp_ws.l(rwcats.o)(.init_array)
 <LI><a href="#[b3]">__sti___8_char_cpp_a3dc957a</a> from C:\Keil_v5\ARM\ARMCC\Bin\..\lib\cpplib\cpp_ws.l(char.o)(i.__sti___8_char_cpp_a3dc957a) referenced from C:\Keil_v5\ARM\ARMCC\Bin\..\lib\cpplib\cpp_ws.l(char.o)(.init_array)
 <LI><a href="#[b2]">__sti___8_main_cpp_myled</a> from .\build\main.o(i.__sti___8_main_cpp_myled) referenced from .\build\main.o(.init_array)
 <LI><a href="#[4d]">_get_lc_ctype</a> from C:\Keil_v5\ARM\ARMCC\Bin\..\lib\armlib\c_w.l(lc_ctype_c.o)(locale$$code) referenced from C:\Keil_v5\ARM\ARMCC\Bin\..\lib\armlib\c_w.l(rt_ctype_table.o)(.text)
 <LI><a href="#[4e]">_printf_input_char</a> from C:\Keil_v5\ARM\ARMCC\Bin\..\lib\armlib\c_w.l(_printf_char_common.o)(.text) referenced from C:\Keil_v5\ARM\ARMCC\Bin\..\lib\armlib\c_w.l(_printf_char_common.o)(.text)
 <LI><a href="#[51]">_sbackspace</a> from C:\Keil_v5\ARM\ARMCC\Bin\..\lib\armlib\c_w.l(_sgetc.o)(.text) referenced from C:\Keil_v5\ARM\ARMCC\Bin\..\lib\armlib\c_w.l(sscanf.o)(.text)
 <LI><a href="#[52]">_scanf_char_input</a> from C:\Keil_v5\ARM\ARMCC\Bin\..\lib\armlib\c_w.l(scanf_char.o)(.text) referenced from C:\Keil_v5\ARM\ARMCC\Bin\..\lib\armlib\c_w.l(scanf_char.o)(.text)
 <LI><a href="#[50]">_sgetc</a> from C:\Keil_v5\ARM\ARMCC\Bin\..\lib\armlib\c_w.l(_sgetc.o)(.text) referenced from C:\Keil_v5\ARM\ARMCC\Bin\..\lib\armlib\c_w.l(sscanf.o)(.text)
 <LI><a href="#[4b]">_snputc</a> from C:\Keil_v5\ARM\ARMCC\Bin\..\lib\armlib\c_w.l(_snputc.o)(.text) referenced from C:\Keil_v5\ARM\ARMCC\Bin\..\lib\armlib\c_w.l(vsnprintf.o)(.text)
 <LI><a href="#[4c]">_sputc</a> from C:\Keil_v5\ARM\ARMCC\Bin\..\lib\armlib\c_w.l(_sputc.o)(.text) referenced from C:\Keil_v5\ARM\ARMCC\Bin\..\lib\armlib\c_w.l(__2sprintf.o)(.text)
 <LI><a href="#[4f]">fputc</a> from C:\Keil_v5\ARM\ARMCC\Bin\..\lib\armlib\c_w.l(fputc.o)(i.fputc) referenced from C:\Keil_v5\ARM\ARMCC\Bin\..\lib\armlib\c_w.l(_printf_char_file.o)(.text)
 <LI><a href="#[53]">isspace</a> from C:\Keil_v5\ARM\ARMCC\Bin\..\lib\armlib\c_w.l(isspace.o)(.text) referenced from C:\Keil_v5\ARM\ARMCC\Bin\..\lib\armlib\c_w.l(scanf_char.o)(.text)
 <LI><a href="#[60]">uart0_irq</a> from mbed/TARGET_LPC1768/TOOLCHAIN_ARM_STD/serial_api.o(i.uart0_irq) referenced from mbed/TARGET_LPC1768/TOOLCHAIN_ARM_STD/serial_api.o(i.serial_irq_set_internal)
 <LI><a href="#[61]">uart1_irq</a> from mbed/TARGET_LPC1768/TOOLCHAIN_ARM_STD/serial_api.o(i.uart1_irq) referenced from mbed/TARGET_LPC1768/TOOLCHAIN_ARM_STD/serial_api.o(i.serial_irq_set_internal)
 <LI><a href="#[62]">uart2_irq</a> from mbed/TARGET_LPC1768/TOOLCHAIN_ARM_STD/serial_api.o(i.uart2_irq) referenced from mbed/TARGET_LPC1768/TOOLCHAIN_ARM_STD/serial_api.o(i.serial_irq_set_internal)
 <LI><a href="#[63]">uart3_irq</a> from mbed/TARGET_LPC1768/TOOLCHAIN_ARM_STD/serial_api.o(i.uart3_irq) referenced from mbed/TARGET_LPC1768/TOOLCHAIN_ARM_STD/serial_api.o(i.serial_irq_set_internal)
 <LI><a href="#[6d]">us_ticker_clear_interrupt</a> from mbed/TARGET_LPC1768/TOOLCHAIN_ARM_STD/us_ticker.o(i.us_ticker_clear_interrupt) referenced from mbed/TARGET_LPC1768/TOOLCHAIN_ARM_STD/mbed.ar(mbed_us_ticker_api.o)(.constdata)
 <LI><a href="#[6c]">us_ticker_disable_interrupt</a> from mbed/TARGET_LPC1768/TOOLCHAIN_ARM_STD/us_ticker.o(i.us_ticker_disable_interrupt) referenced from mbed/TARGET_LPC1768/TOOLCHAIN_ARM_STD/mbed.ar(mbed_us_ticker_api.o)(.constdata)
 <LI><a href="#[6f]">us_ticker_fire_interrupt</a> from mbed/TARGET_LPC1768/TOOLCHAIN_ARM_STD/us_ticker.o(i.us_ticker_fire_interrupt) referenced from mbed/TARGET_LPC1768/TOOLCHAIN_ARM_STD/mbed.ar(mbed_us_ticker_api.o)(.constdata)
 <LI><a href="#[6a]">us_ticker_init</a> from mbed/TARGET_LPC1768/TOOLCHAIN_ARM_STD/us_ticker.o(i.us_ticker_init) referenced from mbed/TARGET_LPC1768/TOOLCHAIN_ARM_STD/mbed.ar(mbed_us_ticker_api.o)(.constdata)
 <LI><a href="#[64]">us_ticker_irq_handler</a> from mbed/TARGET_LPC1768/TOOLCHAIN_ARM_STD/mbed.ar(mbed_us_ticker_api.o)(i.us_ticker_irq_handler) referenced from mbed/TARGET_LPC1768/TOOLCHAIN_ARM_STD/us_ticker.o(i.us_ticker_init)
 <LI><a href="#[64]">us_ticker_irq_handler</a> from mbed/TARGET_LPC1768/TOOLCHAIN_ARM_STD/mbed.ar(mbed_us_ticker_api.o)(i.us_ticker_irq_handler) referenced from mbed/TARGET_LPC1768/TOOLCHAIN_ARM_STD/us_ticker.o(i.us_ticker_read)
 <LI><a href="#[6b]">us_ticker_read</a> from mbed/TARGET_LPC1768/TOOLCHAIN_ARM_STD/us_ticker.o(i.us_ticker_read) referenced from mbed/TARGET_LPC1768/TOOLCHAIN_ARM_STD/mbed.ar(mbed_us_ticker_api.o)(.constdata)
 <LI><a href="#[6e]">us_ticker_set_interrupt</a> from mbed/TARGET_LPC1768/TOOLCHAIN_ARM_STD/us_ticker.o(i.us_ticker_set_interrupt) referenced from mbed/TARGET_LPC1768/TOOLCHAIN_ARM_STD/mbed.ar(mbed_us_ticker_api.o)(.constdata)
</UL>
<P>
<H3>
Global Symbols
</H3>
<P><STRONG><a name="[b7]"></a>__main</STRONG> (Thumb, 8 bytes, Stack size 0 bytes, C:\Keil_v5\ARM\ARMCC\Bin\..\lib\armlib\c_w.l(__main.o)(!!!main))
<BR><BR>[Calls]<UL><LI><a href="#[b9]">&gt;&gt;</a>&nbsp;&nbsp;&nbsp;__scatterload
<LI><a href="#[ba]">&gt;&gt;</a>&nbsp;&nbsp;&nbsp;__rt_entry
</UL>

<P><STRONG><a name="[b9]"></a>__scatterload</STRONG> (Thumb, 0 bytes, Stack size unknown bytes, C:\Keil_v5\ARM\ARMCC\Bin\..\lib\armlib\c_w.l(__scatter.o)(!!!scatter))
<BR><BR>[Called By]<UL><LI><a href="#[b7]">&gt;&gt;</a>&nbsp;&nbsp;&nbsp;__main
</UL>

<P><STRONG><a name="[bb]"></a>__scatterload_rt2</STRONG> (Thumb, 44 bytes, Stack size unknown bytes, C:\Keil_v5\ARM\ARMCC\Bin\..\lib\armlib\c_w.l(__scatter.o)(!!!scatter), UNUSED)
<BR><BR>[Calls]<UL><LI><a href="#[ba]">&gt;&gt;</a>&nbsp;&nbsp;&nbsp;__rt_entry
</UL>

<P><STRONG><a name="[2ab]"></a>__scatterload_rt2_thumb_only</STRONG> (Thumb, 0 bytes, Stack size unknown bytes, C:\Keil_v5\ARM\ARMCC\Bin\..\lib\armlib\c_w.l(__scatter.o)(!!!scatter), UNUSED)

<P><STRONG><a name="[2ac]"></a>__scatterload_null</STRONG> (Thumb, 0 bytes, Stack size unknown bytes, C:\Keil_v5\ARM\ARMCC\Bin\..\lib\armlib\c_w.l(__scatter.o)(!!!scatter), UNUSED)

<P><STRONG><a name="[bc]"></a>__scatterload_copy</STRONG> (Thumb, 26 bytes, Stack size unknown bytes, C:\Keil_v5\ARM\ARMCC\Bin\..\lib\armlib\c_w.l(__scatter_copy.o)(!!handler_copy), UNUSED)
<BR><BR>[Calls]<UL><LI><a href="#[bc]">&gt;&gt;</a>&nbsp;&nbsp;&nbsp;__scatterload_copy
</UL>
<BR>[Called By]<UL><LI><a href="#[bc]">&gt;&gt;</a>&nbsp;&nbsp;&nbsp;__scatterload_copy
</UL>

<P><STRONG><a name="[2ad]"></a>__scatterload_zeroinit</STRONG> (Thumb, 28 bytes, Stack size unknown bytes, C:\Keil_v5\ARM\ARMCC\Bin\..\lib\armlib\c_w.l(__scatter_zi.o)(!!handler_zi), UNUSED)

<P><STRONG><a name="[bd]"></a>_printf_n</STRONG> (Thumb, 0 bytes, Stack size unknown bytes, C:\Keil_v5\ARM\ARMCC\Bin\..\lib\armlib\c_w.l(_printf_n.o)(.ARM.Collect$$_printf_percent$$00000001))
<BR><BR>[Calls]<UL><LI><a href="#[be]">&gt;&gt;</a>&nbsp;&nbsp;&nbsp;_printf_charcount
</UL>

<P><STRONG><a name="[102]"></a>_printf_percent</STRONG> (Thumb, 0 bytes, Stack size unknown bytes, C:\Keil_v5\ARM\ARMCC\Bin\..\lib\armlib\c_w.l(_printf_percent.o)(.ARM.Collect$$_printf_percent$$00000000))
<BR><BR>[Called By]<UL><LI><a href="#[100]">&gt;&gt;</a>&nbsp;&nbsp;&nbsp;__printf
</UL>

<P><STRONG><a name="[bf]"></a>_printf_p</STRONG> (Thumb, 0 bytes, Stack size unknown bytes, C:\Keil_v5\ARM\ARMCC\Bin\..\lib\armlib\c_w.l(_printf_p.o)(.ARM.Collect$$_printf_percent$$00000002))
<BR><BR>[Stack]<UL><LI>Max Depth = 64 + Unknown Stack Size
<LI>Call Chain = _printf_p &rArr; _printf_hex_ptr &rArr; _printf_longlong_hex &rArr; _printf_int_common &rArr; _printf_post_padding
</UL>
<BR>[Calls]<UL><LI><a href="#[c0]">&gt;&gt;</a>&nbsp;&nbsp;&nbsp;_printf_hex_ptr
</UL>

<P><STRONG><a name="[c1]"></a>_printf_f</STRONG> (Thumb, 0 bytes, Stack size unknown bytes, C:\Keil_v5\ARM\ARMCC\Bin\..\lib\armlib\c_w.l(_printf_f.o)(.ARM.Collect$$_printf_percent$$00000003))
<BR><BR>[Stack]<UL><LI>Max Depth = 324 + Unknown Stack Size
<LI>Call Chain = _printf_f &rArr; _printf_fp_dec &rArr; _printf_fp_dec_real &rArr; _fp_digits &rArr; _btod_etento &rArr; _btod_emul &rArr; _e2e
</UL>
<BR>[Calls]<UL><LI><a href="#[c2]">&gt;&gt;</a>&nbsp;&nbsp;&nbsp;_printf_fp_dec
</UL>

<P><STRONG><a name="[c3]"></a>_printf_e</STRONG> (Thumb, 0 bytes, Stack size unknown bytes, C:\Keil_v5\ARM\ARMCC\Bin\..\lib\armlib\c_w.l(_printf_e.o)(.ARM.Collect$$_printf_percent$$00000004))
<BR><BR>[Stack]<UL><LI>Max Depth = 324 + Unknown Stack Size
<LI>Call Chain = _printf_e &rArr; _printf_fp_dec &rArr; _printf_fp_dec_real &rArr; _fp_digits &rArr; _btod_etento &rArr; _btod_emul &rArr; _e2e
</UL>
<BR>[Calls]<UL><LI><a href="#[c2]">&gt;&gt;</a>&nbsp;&nbsp;&nbsp;_printf_fp_dec
</UL>

<P><STRONG><a name="[c4]"></a>_printf_g</STRONG> (Thumb, 0 bytes, Stack size unknown bytes, C:\Keil_v5\ARM\ARMCC\Bin\..\lib\armlib\c_w.l(_printf_g.o)(.ARM.Collect$$_printf_percent$$00000005))
<BR><BR>[Stack]<UL><LI>Max Depth = 324 + Unknown Stack Size
<LI>Call Chain = _printf_g &rArr; _printf_fp_dec &rArr; _printf_fp_dec_real &rArr; _fp_digits &rArr; _btod_etento &rArr; _btod_emul &rArr; _e2e
</UL>
<BR>[Calls]<UL><LI><a href="#[c2]">&gt;&gt;</a>&nbsp;&nbsp;&nbsp;_printf_fp_dec
</UL>

<P><STRONG><a name="[c5]"></a>_printf_a</STRONG> (Thumb, 0 bytes, Stack size unknown bytes, C:\Keil_v5\ARM\ARMCC\Bin\..\lib\armlib\c_w.l(_printf_a.o)(.ARM.Collect$$_printf_percent$$00000006))
<BR><BR>[Stack]<UL><LI>Max Depth = 112 + Unknown Stack Size
<LI>Call Chain = _printf_a &rArr; _printf_fp_hex &rArr; _printf_fp_hex_real &rArr; _printf_fp_infnan &rArr; _printf_post_padding
</UL>
<BR>[Calls]<UL><LI><a href="#[c6]">&gt;&gt;</a>&nbsp;&nbsp;&nbsp;_printf_fp_hex
</UL>

<P><STRONG><a name="[2ae]"></a>_printf_ll</STRONG> (Thumb, 0 bytes, Stack size unknown bytes, C:\Keil_v5\ARM\ARMCC\Bin\..\lib\armlib\c_w.l(_printf_ll.o)(.ARM.Collect$$_printf_percent$$00000007))

<P><STRONG><a name="[c7]"></a>_printf_i</STRONG> (Thumb, 0 bytes, Stack size unknown bytes, C:\Keil_v5\ARM\ARMCC\Bin\..\lib\armlib\c_w.l(_printf_i.o)(.ARM.Collect$$_printf_percent$$00000008))
<BR><BR>[Stack]<UL><LI>Max Depth = 72 + Unknown Stack Size
<LI>Call Chain = _printf_i &rArr; _printf_int_dec &rArr; _printf_int_common &rArr; _printf_post_padding
</UL>
<BR>[Calls]<UL><LI><a href="#[c8]">&gt;&gt;</a>&nbsp;&nbsp;&nbsp;_printf_int_dec
</UL>

<P><STRONG><a name="[c9]"></a>_printf_d</STRONG> (Thumb, 0 bytes, Stack size unknown bytes, C:\Keil_v5\ARM\ARMCC\Bin\..\lib\armlib\c_w.l(_printf_d.o)(.ARM.Collect$$_printf_percent$$00000009))
<BR><BR>[Stack]<UL><LI>Max Depth = 72 + Unknown Stack Size
<LI>Call Chain = _printf_d &rArr; _printf_int_dec &rArr; _printf_int_common &rArr; _printf_post_padding
</UL>
<BR>[Calls]<UL><LI><a href="#[c8]">&gt;&gt;</a>&nbsp;&nbsp;&nbsp;_printf_int_dec
</UL>

<P><STRONG><a name="[ca]"></a>_printf_u</STRONG> (Thumb, 0 bytes, Stack size unknown bytes, C:\Keil_v5\ARM\ARMCC\Bin\..\lib\armlib\c_w.l(_printf_u.o)(.ARM.Collect$$_printf_percent$$0000000A))
<BR><BR>[Stack]<UL><LI>Max Depth = 72 + Unknown Stack Size
<LI>Call Chain = _printf_u &rArr; _printf_int_dec &rArr; _printf_int_common &rArr; _printf_post_padding
</UL>
<BR>[Calls]<UL><LI><a href="#[c8]">&gt;&gt;</a>&nbsp;&nbsp;&nbsp;_printf_int_dec
</UL>

<P><STRONG><a name="[cb]"></a>_printf_o</STRONG> (Thumb, 0 bytes, Stack size unknown bytes, C:\Keil_v5\ARM\ARMCC\Bin\..\lib\armlib\c_w.l(_printf_o.o)(.ARM.Collect$$_printf_percent$$0000000B))
<BR><BR>[Stack]<UL><LI>Max Depth = 64 + Unknown Stack Size
<LI>Call Chain = _printf_o &rArr; _printf_int_oct &rArr; _printf_longlong_oct &rArr; _printf_int_common &rArr; _printf_post_padding
</UL>
<BR>[Calls]<UL><LI><a href="#[cc]">&gt;&gt;</a>&nbsp;&nbsp;&nbsp;_printf_int_oct
</UL>

<P><STRONG><a name="[cd]"></a>_printf_x</STRONG> (Thumb, 0 bytes, Stack size unknown bytes, C:\Keil_v5\ARM\ARMCC\Bin\..\lib\armlib\c_w.l(_printf_x.o)(.ARM.Collect$$_printf_percent$$0000000C))
<BR><BR>[Stack]<UL><LI>Max Depth = 80 + Unknown Stack Size
<LI>Call Chain = _printf_x &rArr; _printf_int_hex &rArr; _printf_longlong_hex &rArr; _printf_int_common &rArr; _printf_post_padding
</UL>
<BR>[Calls]<UL><LI><a href="#[ce]">&gt;&gt;</a>&nbsp;&nbsp;&nbsp;_printf_int_hex
</UL>

<P><STRONG><a name="[cf]"></a>_printf_lli</STRONG> (Thumb, 0 bytes, Stack size unknown bytes, C:\Keil_v5\ARM\ARMCC\Bin\..\lib\armlib\c_w.l(_printf_lli.o)(.ARM.Collect$$_printf_percent$$0000000D))
<BR><BR>[Stack]<UL><LI>Max Depth = 72 + Unknown Stack Size
<LI>Call Chain = _printf_lli &rArr; _printf_longlong_dec &rArr; _printf_int_common &rArr; _printf_post_padding
</UL>
<BR>[Calls]<UL><LI><a href="#[d0]">&gt;&gt;</a>&nbsp;&nbsp;&nbsp;_printf_longlong_dec
</UL>

<P><STRONG><a name="[d1]"></a>_printf_lld</STRONG> (Thumb, 0 bytes, Stack size unknown bytes, C:\Keil_v5\ARM\ARMCC\Bin\..\lib\armlib\c_w.l(_printf_lld.o)(.ARM.Collect$$_printf_percent$$0000000E))
<BR><BR>[Stack]<UL><LI>Max Depth = 72 + Unknown Stack Size
<LI>Call Chain = _printf_lld &rArr; _printf_longlong_dec &rArr; _printf_int_common &rArr; _printf_post_padding
</UL>
<BR>[Calls]<UL><LI><a href="#[d0]">&gt;&gt;</a>&nbsp;&nbsp;&nbsp;_printf_longlong_dec
</UL>

<P><STRONG><a name="[d2]"></a>_printf_llu</STRONG> (Thumb, 0 bytes, Stack size unknown bytes, C:\Keil_v5\ARM\ARMCC\Bin\..\lib\armlib\c_w.l(_printf_llu.o)(.ARM.Collect$$_printf_percent$$0000000F))
<BR><BR>[Stack]<UL><LI>Max Depth = 72 + Unknown Stack Size
<LI>Call Chain = _printf_llu &rArr; _printf_longlong_dec &rArr; _printf_int_common &rArr; _printf_post_padding
</UL>
<BR>[Calls]<UL><LI><a href="#[d0]">&gt;&gt;</a>&nbsp;&nbsp;&nbsp;_printf_longlong_dec
</UL>

<P><STRONG><a name="[d3]"></a>_printf_llo</STRONG> (Thumb, 0 bytes, Stack size unknown bytes, C:\Keil_v5\ARM\ARMCC\Bin\..\lib\armlib\c_w.l(_printf_llo.o)(.ARM.Collect$$_printf_percent$$00000010))
<BR><BR>[Stack]<UL><LI>Max Depth = 56 + Unknown Stack Size
<LI>Call Chain = _printf_llo &rArr; _printf_ll_oct &rArr; _printf_longlong_oct &rArr; _printf_int_common &rArr; _printf_post_padding
</UL>
<BR>[Calls]<UL><LI><a href="#[d4]">&gt;&gt;</a>&nbsp;&nbsp;&nbsp;_printf_ll_oct
</UL>

<P><STRONG><a name="[d5]"></a>_printf_llx</STRONG> (Thumb, 0 bytes, Stack size unknown bytes, C:\Keil_v5\ARM\ARMCC\Bin\..\lib\armlib\c_w.l(_printf_llx.o)(.ARM.Collect$$_printf_percent$$00000011))
<BR><BR>[Stack]<UL><LI>Max Depth = 64 + Unknown Stack Size
<LI>Call Chain = _printf_llx &rArr; _printf_ll_hex &rArr; _printf_longlong_hex &rArr; _printf_int_common &rArr; _printf_post_padding
</UL>
<BR>[Calls]<UL><LI><a href="#[d6]">&gt;&gt;</a>&nbsp;&nbsp;&nbsp;_printf_ll_hex
</UL>

<P><STRONG><a name="[2af]"></a>_printf_l</STRONG> (Thumb, 0 bytes, Stack size unknown bytes, C:\Keil_v5\ARM\ARMCC\Bin\..\lib\armlib\c_w.l(_printf_l.o)(.ARM.Collect$$_printf_percent$$00000012))

<P><STRONG><a name="[d7]"></a>_printf_c</STRONG> (Thumb, 0 bytes, Stack size unknown bytes, C:\Keil_v5\ARM\ARMCC\Bin\..\lib\armlib\c_w.l(_printf_c.o)(.ARM.Collect$$_printf_percent$$00000013))
<BR><BR>[Stack]<UL><LI>Max Depth = 40 + Unknown Stack Size
<LI>Call Chain = _printf_c &rArr; _printf_char &rArr; _printf_cs_common &rArr; _printf_str &rArr; _printf_post_padding
</UL>
<BR>[Calls]<UL><LI><a href="#[d8]">&gt;&gt;</a>&nbsp;&nbsp;&nbsp;_printf_char
</UL>

<P><STRONG><a name="[d9]"></a>_printf_s</STRONG> (Thumb, 0 bytes, Stack size unknown bytes, C:\Keil_v5\ARM\ARMCC\Bin\..\lib\armlib\c_w.l(_printf_s.o)(.ARM.Collect$$_printf_percent$$00000014))
<BR><BR>[Stack]<UL><LI>Max Depth = 40 + Unknown Stack Size
<LI>Call Chain = _printf_s &rArr; _printf_string &rArr; _printf_cs_common &rArr; _printf_str &rArr; _printf_post_padding
</UL>
<BR>[Calls]<UL><LI><a href="#[da]">&gt;&gt;</a>&nbsp;&nbsp;&nbsp;_printf_string
</UL>

<P><STRONG><a name="[db]"></a>_printf_lc</STRONG> (Thumb, 0 bytes, Stack size unknown bytes, C:\Keil_v5\ARM\ARMCC\Bin\..\lib\armlib\c_w.l(_printf_lc.o)(.ARM.Collect$$_printf_percent$$00000015))
<BR><BR>[Stack]<UL><LI>Max Depth = 88 + Unknown Stack Size
<LI>Call Chain = _printf_lc &rArr; _printf_wchar &rArr; _printf_lcs_common &rArr; _printf_wctomb &rArr; _wcrtomb &rArr; __rt_ctype_table
</UL>
<BR>[Calls]<UL><LI><a href="#[dc]">&gt;&gt;</a>&nbsp;&nbsp;&nbsp;_printf_wchar
</UL>

<P><STRONG><a name="[dd]"></a>_printf_ls</STRONG> (Thumb, 0 bytes, Stack size unknown bytes, C:\Keil_v5\ARM\ARMCC\Bin\..\lib\armlib\c_w.l(_printf_ls.o)(.ARM.Collect$$_printf_percent$$00000016))
<BR><BR>[Stack]<UL><LI>Max Depth = 88 + Unknown Stack Size
<LI>Call Chain = _printf_ls &rArr; _printf_wstring &rArr; _printf_lcs_common &rArr; _printf_wctomb &rArr; _wcrtomb &rArr; __rt_ctype_table
</UL>
<BR>[Calls]<UL><LI><a href="#[de]">&gt;&gt;</a>&nbsp;&nbsp;&nbsp;_printf_wstring
</UL>

<P><STRONG><a name="[2b0]"></a>_printf_percent_end</STRONG> (Thumb, 0 bytes, Stack size unknown bytes, C:\Keil_v5\ARM\ARMCC\Bin\..\lib\armlib\c_w.l(_printf_percent_end.o)(.ARM.Collect$$_printf_percent$$00000017))

<P><STRONG><a name="[f0]"></a>__rt_lib_init</STRONG> (Thumb, 0 bytes, Stack size unknown bytes, C:\Keil_v5\ARM\ARMCC\Bin\..\lib\armlib\c_w.l(libinit.o)(.ARM.Collect$$libinit$$00000000))
<BR><BR>[Called By]<UL><LI><a href="#[ef]">&gt;&gt;</a>&nbsp;&nbsp;&nbsp;__rt_entry_li
</UL>

<P><STRONG><a name="[2b1]"></a>__rt_lib_init_fp_1</STRONG> (Thumb, 0 bytes, Stack size unknown bytes, C:\Keil_v5\ARM\ARMCC\Bin\..\lib\armlib\c_w.l(libinit2.o)(.ARM.Collect$$libinit$$00000002))

<P><STRONG><a name="[df]"></a>__rt_lib_init_heap_2</STRONG> (Thumb, 0 bytes, Stack size unknown bytes, C:\Keil_v5\ARM\ARMCC\Bin\..\lib\armlib\c_w.l(libinit2.o)(.ARM.Collect$$libinit$$00000005))
<BR><BR>[Stack]<UL><LI>Max Depth = 64 + Unknown Stack Size
<LI>Call Chain = __rt_lib_init_heap_2 &rArr; _init_alloc &rArr; __rt_SIGRTMEM &rArr; __rt_SIGRTMEM_inner &rArr; __default_signal_display &rArr; _ttywrch
</UL>
<BR>[Calls]<UL><LI><a href="#[e0]">&gt;&gt;</a>&nbsp;&nbsp;&nbsp;_init_alloc
</UL>

<P><STRONG><a name="[2b2]"></a>__rt_lib_init_preinit_1</STRONG> (Thumb, 0 bytes, Stack size unknown bytes, C:\Keil_v5\ARM\ARMCC\Bin\..\lib\armlib\c_w.l(libinit2.o)(.ARM.Collect$$libinit$$00000004))

<P><STRONG><a name="[2b3]"></a>__rt_lib_init_heap_1</STRONG> (Thumb, 0 bytes, Stack size unknown bytes, C:\Keil_v5\ARM\ARMCC\Bin\..\lib\armlib\c_w.l(libinit2.o)(.ARM.Collect$$libinit$$0000000A))

<P><STRONG><a name="[e1]"></a>__rt_lib_init_lc_common</STRONG> (Thumb, 0 bytes, Stack size unknown bytes, C:\Keil_v5\ARM\ARMCC\Bin\..\lib\armlib\c_w.l(libinit2.o)(.ARM.Collect$$libinit$$0000000F))
<BR><BR>[Calls]<UL><LI><a href="#[e2]">&gt;&gt;</a>&nbsp;&nbsp;&nbsp;__rt_locale
</UL>

<P><STRONG><a name="[2b4]"></a>__rt_lib_init_rand_1</STRONG> (Thumb, 0 bytes, Stack size unknown bytes, C:\Keil_v5\ARM\ARMCC\Bin\..\lib\armlib\c_w.l(libinit2.o)(.ARM.Collect$$libinit$$0000000E))

<P><STRONG><a name="[2b5]"></a>__rt_lib_init_user_alloc_1</STRONG> (Thumb, 0 bytes, Stack size unknown bytes, C:\Keil_v5\ARM\ARMCC\Bin\..\lib\armlib\c_w.l(libinit2.o)(.ARM.Collect$$libinit$$0000000C))

<P><STRONG><a name="[2b6]"></a>__rt_lib_init_lc_collate_1</STRONG> (Thumb, 0 bytes, Stack size unknown bytes, C:\Keil_v5\ARM\ARMCC\Bin\..\lib\armlib\c_w.l(libinit2.o)(.ARM.Collect$$libinit$$00000011))

<P><STRONG><a name="[e3]"></a>__rt_lib_init_lc_ctype_2</STRONG> (Thumb, 0 bytes, Stack size unknown bytes, C:\Keil_v5\ARM\ARMCC\Bin\..\lib\armlib\c_w.l(libinit2.o)(.ARM.Collect$$libinit$$00000012))
<BR><BR>[Stack]<UL><LI>Max Depth = 8 + Unknown Stack Size
<LI>Call Chain = __rt_lib_init_lc_ctype_2 &rArr; _get_lc_ctype
</UL>
<BR>[Calls]<UL><LI><a href="#[4d]">&gt;&gt;</a>&nbsp;&nbsp;&nbsp;_get_lc_ctype
</UL>

<P><STRONG><a name="[2b7]"></a>__rt_lib_init_lc_ctype_1</STRONG> (Thumb, 0 bytes, Stack size unknown bytes, C:\Keil_v5\ARM\ARMCC\Bin\..\lib\armlib\c_w.l(libinit2.o)(.ARM.Collect$$libinit$$00000013))

<P><STRONG><a name="[e4]"></a>__rt_lib_init_lc_monetary_2</STRONG> (Thumb, 0 bytes, Stack size unknown bytes, C:\Keil_v5\ARM\ARMCC\Bin\..\lib\armlib\c_w.l(libinit2.o)(.ARM.Collect$$libinit$$00000014))
<BR><BR>[Stack]<UL><LI>Max Depth = 8 + Unknown Stack Size
<LI>Call Chain = __rt_lib_init_lc_monetary_2 &rArr; _get_lc_monetary
</UL>
<BR>[Calls]<UL><LI><a href="#[e5]">&gt;&gt;</a>&nbsp;&nbsp;&nbsp;_get_lc_monetary
</UL>

<P><STRONG><a name="[2b8]"></a>__rt_lib_init_lc_monetary_1</STRONG> (Thumb, 0 bytes, Stack size unknown bytes, C:\Keil_v5\ARM\ARMCC\Bin\..\lib\armlib\c_w.l(libinit2.o)(.ARM.Collect$$libinit$$00000015))

<P><STRONG><a name="[e6]"></a>__rt_lib_init_lc_numeric_2</STRONG> (Thumb, 0 bytes, Stack size unknown bytes, C:\Keil_v5\ARM\ARMCC\Bin\..\lib\armlib\c_w.l(libinit2.o)(.ARM.Collect$$libinit$$00000016))
<BR><BR>[Stack]<UL><LI>Max Depth = 8 + Unknown Stack Size
<LI>Call Chain = __rt_lib_init_lc_numeric_2 &rArr; _get_lc_numeric
</UL>
<BR>[Calls]<UL><LI><a href="#[e7]">&gt;&gt;</a>&nbsp;&nbsp;&nbsp;_get_lc_numeric
</UL>

<P><STRONG><a name="[2b9]"></a>__rt_lib_init_atexit_1</STRONG> (Thumb, 0 bytes, Stack size unknown bytes, C:\Keil_v5\ARM\ARMCC\Bin\..\lib\armlib\c_w.l(libinit2.o)(.ARM.Collect$$libinit$$0000001B))

<P><STRONG><a name="[2ba]"></a>__rt_lib_init_clock_1</STRONG> (Thumb, 0 bytes, Stack size unknown bytes, C:\Keil_v5\ARM\ARMCC\Bin\..\lib\armlib\c_w.l(libinit2.o)(.ARM.Collect$$libinit$$00000021))

<P><STRONG><a name="[2bb]"></a>__rt_lib_init_fp_trap_1</STRONG> (Thumb, 0 bytes, Stack size unknown bytes, C:\Keil_v5\ARM\ARMCC\Bin\..\lib\armlib\c_w.l(libinit2.o)(.ARM.Collect$$libinit$$0000001F))

<P><STRONG><a name="[2bc]"></a>__rt_lib_init_getenv_1</STRONG> (Thumb, 0 bytes, Stack size unknown bytes, C:\Keil_v5\ARM\ARMCC\Bin\..\lib\armlib\c_w.l(libinit2.o)(.ARM.Collect$$libinit$$00000023))

<P><STRONG><a name="[2bd]"></a>__rt_lib_init_lc_numeric_1</STRONG> (Thumb, 0 bytes, Stack size unknown bytes, C:\Keil_v5\ARM\ARMCC\Bin\..\lib\armlib\c_w.l(libinit2.o)(.ARM.Collect$$libinit$$00000017))

<P><STRONG><a name="[2be]"></a>__rt_lib_init_lc_time_1</STRONG> (Thumb, 0 bytes, Stack size unknown bytes, C:\Keil_v5\ARM\ARMCC\Bin\..\lib\armlib\c_w.l(libinit2.o)(.ARM.Collect$$libinit$$00000019))

<P><STRONG><a name="[2bf]"></a>__rt_lib_init_signal_1</STRONG> (Thumb, 0 bytes, Stack size unknown bytes, C:\Keil_v5\ARM\ARMCC\Bin\..\lib\armlib\c_w.l(libinit2.o)(.ARM.Collect$$libinit$$0000001D))

<P><STRONG><a name="[e8]"></a>__rt_lib_init_stdio_2</STRONG> (Thumb, 0 bytes, Stack size unknown bytes, C:\Keil_v5\ARM\ARMCC\Bin\..\lib\armlib\c_w.l(libinit2.o)(.ARM.Collect$$libinit$$00000024))
<BR><BR>[Stack]<UL><LI>Max Depth = 664 + Unknown Stack Size
<LI>Call Chain = __rt_lib_init_stdio_2 &rArr; _initio &rArr; freopen &rArr; _sys_open &rArr; mbed::FilePath::FilePath(const char*) &rArr; mbed::FileBase::lookup(const char*, unsigned) &rArr; SingletonPtr&lang;PlatformMutex&rang;::operator -&rang;() &rArr; mbed_assert_internal &rArr; mbed_error_printf &rArr;  core_util_critical_section_exit (Cycle)
</UL>
<BR>[Calls]<UL><LI><a href="#[e9]">&gt;&gt;</a>&nbsp;&nbsp;&nbsp;_initio
</UL>

<P><STRONG><a name="[2c0]"></a>__rt_lib_init_alloca_1</STRONG> (Thumb, 0 bytes, Stack size unknown bytes, C:\Keil_v5\ARM\ARMCC\Bin\..\lib\armlib\c_w.l(libinit2.o)(.ARM.Collect$$libinit$$0000002E))

<P><STRONG><a name="[2c1]"></a>__rt_lib_init_argv_1</STRONG> (Thumb, 0 bytes, Stack size unknown bytes, C:\Keil_v5\ARM\ARMCC\Bin\..\lib\armlib\c_w.l(libinit2.o)(.ARM.Collect$$libinit$$0000002C))

<P><STRONG><a name="[ea]"></a>__rt_lib_init_cpp_2</STRONG> (Thumb, 0 bytes, Stack size unknown bytes, C:\Keil_v5\ARM\ARMCC\Bin\..\lib\armlib\c_w.l(libinit2.o)(.ARM.Collect$$libinit$$00000031))
<BR><BR>[Stack]<UL><LI>Max Depth = 16 + Unknown Stack Size
<LI>Call Chain = __rt_lib_init_cpp_2 &rArr; __cpp_initialize__aeabi_
</UL>
<BR>[Calls]<UL><LI><a href="#[b8]">&gt;&gt;</a>&nbsp;&nbsp;&nbsp;__cpp_initialize__aeabi_
</UL>

<P><STRONG><a name="[2c2]"></a>__rt_lib_init_exceptions_1</STRONG> (Thumb, 0 bytes, Stack size unknown bytes, C:\Keil_v5\ARM\ARMCC\Bin\..\lib\armlib\c_w.l(libinit2.o)(.ARM.Collect$$libinit$$00000030))

<P><STRONG><a name="[2c3]"></a>__rt_lib_init_stdio_1</STRONG> (Thumb, 0 bytes, Stack size unknown bytes, C:\Keil_v5\ARM\ARMCC\Bin\..\lib\armlib\c_w.l(libinit2.o)(.ARM.Collect$$libinit$$00000025))

<P><STRONG><a name="[2c4]"></a>__rt_lib_init_cpp_1</STRONG> (Thumb, 0 bytes, Stack size unknown bytes, C:\Keil_v5\ARM\ARMCC\Bin\..\lib\armlib\c_w.l(libinit2.o)(.ARM.Collect$$libinit$$00000032))

<P><STRONG><a name="[2c5]"></a>__rt_lib_init_return</STRONG> (Thumb, 0 bytes, Stack size unknown bytes, C:\Keil_v5\ARM\ARMCC\Bin\..\lib\armlib\c_w.l(libinit2.o)(.ARM.Collect$$libinit$$00000033))

<P><STRONG><a name="[ba]"></a>__rt_entry</STRONG> (Thumb, 0 bytes, Stack size unknown bytes, C:\Keil_v5\ARM\ARMCC\Bin\..\lib\armlib\c_w.l(__rtentry.o)(.ARM.Collect$$rtentry$$00000000))
<BR><BR>[Called By]<UL><LI><a href="#[b7]">&gt;&gt;</a>&nbsp;&nbsp;&nbsp;__main
<LI><a href="#[bb]">&gt;&gt;</a>&nbsp;&nbsp;&nbsp;__scatterload_rt2
</UL>

<P><STRONG><a name="[2c6]"></a>__rt_entry_presh_1</STRONG> (Thumb, 0 bytes, Stack size unknown bytes, C:\Keil_v5\ARM\ARMCC\Bin\..\lib\armlib\c_w.l(__rtentry2.o)(.ARM.Collect$$rtentry$$00000002))

<P><STRONG><a name="[eb]"></a>__rt_entry_sh</STRONG> (Thumb, 0 bytes, Stack size unknown bytes, C:\Keil_v5\ARM\ARMCC\Bin\..\lib\armlib\c_w.l(__rtentry4.o)(.ARM.Collect$$rtentry$$00000004))
<BR><BR>[Stack]<UL><LI>Max Depth = 8 + Unknown Stack Size
<LI>Call Chain = __rt_entry_sh &rArr; __user_setup_stackheap
</UL>
<BR>[Calls]<UL><LI><a href="#[ec]">&gt;&gt;</a>&nbsp;&nbsp;&nbsp;__user_setup_stackheap
</UL>

<P><STRONG><a name="[2c7]"></a>__rt_lib_shutdown_stdio_2</STRONG> (Thumb, 0 bytes, Stack size unknown bytes, C:\Keil_v5\ARM\ARMCC\Bin\..\lib\armlib\c_w.l(libshutdown2.o)(.ARM.Collect$$libshutdown$$00000004))

<P><STRONG><a name="[ed]"></a>__rt_entry_postsh_1</STRONG> (Thumb, 0 bytes, Stack size unknown bytes, C:\Keil_v5\ARM\ARMCC\Bin\..\lib\armlib\c_w.l(__rtentry2.o)(.ARM.Collect$$rtentry$$00000008))
<BR><BR>[Stack]<UL><LI>Max Depth = 16 + Unknown Stack Size
<LI>Call Chain = __rt_entry_postsh_1 &rArr; _platform_post_stackheap_init &rArr; __aeabi_memcpy4
</UL>
<BR>[Calls]<UL><LI><a href="#[ee]">&gt;&gt;</a>&nbsp;&nbsp;&nbsp;_platform_post_stackheap_init
</UL>

<P><STRONG><a name="[ef]"></a>__rt_entry_li</STRONG> (Thumb, 0 bytes, Stack size unknown bytes, C:\Keil_v5\ARM\ARMCC\Bin\..\lib\armlib\c_w.l(__rtentry2.o)(.ARM.Collect$$rtentry$$0000000A))
<BR><BR>[Calls]<UL><LI><a href="#[f0]">&gt;&gt;</a>&nbsp;&nbsp;&nbsp;__rt_lib_init
</UL>

<P><STRONG><a name="[f1]"></a>__rt_entry_main</STRONG> (Thumb, 0 bytes, Stack size unknown bytes, C:\Keil_v5\ARM\ARMCC\Bin\..\lib\armlib\c_w.l(__rtentry2.o)(.ARM.Collect$$rtentry$$0000000D))
<BR><BR>[Stack]<UL><LI>Max Depth = 1180 + Unknown Stack Size
<LI>Call Chain = __rt_entry_main &rArr; main &rArr; $Super$$main &rArr; std::basic_ostream&lang;T1, T2&rang;& __rw::__rw_insert&lang;char, std::char_traits&lang;char&rang;, double&rang;(std::basic_ostream&lang;T1, T2&rang;&, T3) &rArr; std::locale::_C_use_facet(const std::locale::id&, bool, int, __rw::__rw_facet_base*(*)(int, const char*, unsigned)) const &rArr; std::locale::_C_make_facet(const std::locale::id&, bool, int, __rw::__rw_facet_base*(*)(int, const char*, unsigned)) const &rArr; std::locale::locale(__rw::__rw_locale_imp*) &rArr; std::locale::_C_init() &rArr; __rw::__rw_locale_imp::__rw_locale_imp(const char*, unsigned, unsigned) &rArr; std::basic_string&lang;char, std::char_traits&lang;char&rang;, std::allocator&lang;char&rang;&rang;::operator =(const std::basic_string&lang;char, std::char_traits&lang;char&rang;, std::allocator&lang;char&rang;&rang;&) &rArr; std::basic_string&lang;char, std::char_traits&lang;char&rang;, std::allocator&lang;char&rang;&rang;::replace(unsigned, unsigned, const char*, unsigned) &rArr; std::basic_string&lang;char, std::char_traits&lang;char&rang;, std::allocator&lang;char&rang;&rang;::replace(unsigned, unsigned, const char*, unsigned, unsigned, unsigned) &rArr; __rw::__rw_throw(int, ...) &rArr; std::__rw_exception::_C_vformat(int, std::__va_list) &rArr; [local to rwstdexcept_cpp]::__rw::__rw_vfmatstr(char*, unsigned, int, std::__va_list) &rArr; sscanf &rArr; __vfscanf_char &rArr; __vfscanf &rArr; _scanf_real &rArr; _scanf_really_real &rArr; _fp_value &rArr; _btod_etento &rArr; _btod_emul &rArr; _e2e
</UL>
<BR>[Calls]<UL><LI><a href="#[f2]">&gt;&gt;</a>&nbsp;&nbsp;&nbsp;main
<LI><a href="#[f3]">&gt;&gt;</a>&nbsp;&nbsp;&nbsp;exit
</UL>

<P><STRONG><a name="[2c8]"></a>__rt_entry_postli_1</STRONG> (Thumb, 0 bytes, Stack size unknown bytes, C:\Keil_v5\ARM\ARMCC\Bin\..\lib\armlib\c_w.l(__rtentry2.o)(.ARM.Collect$$rtentry$$0000000C))

<P><STRONG><a name="[1e]"></a>Reset_Handler</STRONG> (Thumb, 8 bytes, Stack size 0 bytes, mbed/TARGET_LPC1768/TOOLCHAIN_ARM_STD/startup_LPC17xx.o(.text))
<BR>[Address Reference Count : 1]<UL><LI> startup_LPC17xx.o(RESET)
</UL>
<P><STRONG><a name="[2c9]"></a>_maybe_terminate_alloc</STRONG> (Thumb, 0 bytes, Stack size 0 bytes, C:\Keil_v5\ARM\ARMCC\Bin\..\lib\armlib\c_w.l(maybetermalloc1.o)(.emb_text), UNUSED)

<P><STRONG><a name="[1f]"></a>NMI_Handler</STRONG> (Thumb, 2 bytes, Stack size 0 bytes, mbed/TARGET_LPC1768/TOOLCHAIN_ARM_STD/startup_LPC17xx.o(.text))
<BR><BR>[Calls]<UL><LI><a href="#[1f]">&gt;&gt;</a>&nbsp;&nbsp;&nbsp;NMI_Handler
</UL>
<BR>[Called By]<UL><LI><a href="#[1f]">&gt;&gt;</a>&nbsp;&nbsp;&nbsp;NMI_Handler
</UL>
<BR>[Address Reference Count : 1]<UL><LI> startup_LPC17xx.o(RESET)
</UL>
<P><STRONG><a name="[20]"></a>HardFault_Handler</STRONG> (Thumb, 2 bytes, Stack size 0 bytes, mbed/TARGET_LPC1768/TOOLCHAIN_ARM_STD/startup_LPC17xx.o(.text))
<BR><BR>[Calls]<UL><LI><a href="#[20]">&gt;&gt;</a>&nbsp;&nbsp;&nbsp;HardFault_Handler
</UL>
<BR>[Called By]<UL><LI><a href="#[20]">&gt;&gt;</a>&nbsp;&nbsp;&nbsp;HardFault_Handler
</UL>
<BR>[Address Reference Count : 1]<UL><LI> startup_LPC17xx.o(RESET)
</UL>
<P><STRONG><a name="[21]"></a>MemManage_Handler</STRONG> (Thumb, 2 bytes, Stack size 0 bytes, mbed/TARGET_LPC1768/TOOLCHAIN_ARM_STD/startup_LPC17xx.o(.text))
<BR><BR>[Calls]<UL><LI><a href="#[21]">&gt;&gt;</a>&nbsp;&nbsp;&nbsp;MemManage_Handler
</UL>
<BR>[Called By]<UL><LI><a href="#[21]">&gt;&gt;</a>&nbsp;&nbsp;&nbsp;MemManage_Handler
</UL>
<BR>[Address Reference Count : 1]<UL><LI> startup_LPC17xx.o(RESET)
</UL>
<P><STRONG><a name="[22]"></a>BusFault_Handler</STRONG> (Thumb, 2 bytes, Stack size 0 bytes, mbed/TARGET_LPC1768/TOOLCHAIN_ARM_STD/startup_LPC17xx.o(.text))
<BR><BR>[Calls]<UL><LI><a href="#[22]">&gt;&gt;</a>&nbsp;&nbsp;&nbsp;BusFault_Handler
</UL>
<BR>[Called By]<UL><LI><a href="#[22]">&gt;&gt;</a>&nbsp;&nbsp;&nbsp;BusFault_Handler
</UL>
<BR>[Address Reference Count : 1]<UL><LI> startup_LPC17xx.o(RESET)
</UL>
<P><STRONG><a name="[23]"></a>UsageFault_Handler</STRONG> (Thumb, 2 bytes, Stack size 0 bytes, mbed/TARGET_LPC1768/TOOLCHAIN_ARM_STD/startup_LPC17xx.o(.text))
<BR><BR>[Calls]<UL><LI><a href="#[23]">&gt;&gt;</a>&nbsp;&nbsp;&nbsp;UsageFault_Handler
</UL>
<BR>[Called By]<UL><LI><a href="#[23]">&gt;&gt;</a>&nbsp;&nbsp;&nbsp;UsageFault_Handler
</UL>
<BR>[Address Reference Count : 1]<UL><LI> startup_LPC17xx.o(RESET)
</UL>
<P><STRONG><a name="[24]"></a>SVC_Handler</STRONG> (Thumb, 2 bytes, Stack size 0 bytes, mbed/TARGET_LPC1768/TOOLCHAIN_ARM_STD/startup_LPC17xx.o(.text))
<BR><BR>[Calls]<UL><LI><a href="#[24]">&gt;&gt;</a>&nbsp;&nbsp;&nbsp;SVC_Handler
</UL>
<BR>[Called By]<UL><LI><a href="#[24]">&gt;&gt;</a>&nbsp;&nbsp;&nbsp;SVC_Handler
</UL>
<BR>[Address Reference Count : 1]<UL><LI> startup_LPC17xx.o(RESET)
</UL>
<P><STRONG><a name="[25]"></a>DebugMon_Handler</STRONG> (Thumb, 2 bytes, Stack size 0 bytes, mbed/TARGET_LPC1768/TOOLCHAIN_ARM_STD/startup_LPC17xx.o(.text))
<BR><BR>[Calls]<UL><LI><a href="#[25]">&gt;&gt;</a>&nbsp;&nbsp;&nbsp;DebugMon_Handler
</UL>
<BR>[Called By]<UL><LI><a href="#[25]">&gt;&gt;</a>&nbsp;&nbsp;&nbsp;DebugMon_Handler
</UL>
<BR>[Address Reference Count : 1]<UL><LI> startup_LPC17xx.o(RESET)
</UL>
<P><STRONG><a name="[26]"></a>PendSV_Handler</STRONG> (Thumb, 2 bytes, Stack size 0 bytes, mbed/TARGET_LPC1768/TOOLCHAIN_ARM_STD/startup_LPC17xx.o(.text))
<BR><BR>[Calls]<UL><LI><a href="#[26]">&gt;&gt;</a>&nbsp;&nbsp;&nbsp;PendSV_Handler
</UL>
<BR>[Called By]<UL><LI><a href="#[26]">&gt;&gt;</a>&nbsp;&nbsp;&nbsp;PendSV_Handler
</UL>
<BR>[Address Reference Count : 1]<UL><LI> startup_LPC17xx.o(RESET)
</UL>
<P><STRONG><a name="[27]"></a>SysTick_Handler</STRONG> (Thumb, 2 bytes, Stack size 0 bytes, mbed/TARGET_LPC1768/TOOLCHAIN_ARM_STD/startup_LPC17xx.o(.text))
<BR><BR>[Calls]<UL><LI><a href="#[27]">&gt;&gt;</a>&nbsp;&nbsp;&nbsp;SysTick_Handler
</UL>
<BR>[Called By]<UL><LI><a href="#[27]">&gt;&gt;</a>&nbsp;&nbsp;&nbsp;SysTick_Handler
</UL>
<BR>[Address Reference Count : 1]<UL><LI> startup_LPC17xx.o(RESET)
</UL>
<P><STRONG><a name="[3e]"></a>ADC_IRQHandler</STRONG> (Thumb, 0 bytes, Stack size 0 bytes, mbed/TARGET_LPC1768/TOOLCHAIN_ARM_STD/startup_LPC17xx.o(.text))
<BR><BR>[Calls]<UL><LI><a href="#[3e]">&gt;&gt;</a>&nbsp;&nbsp;&nbsp;ADC_IRQHandler
</UL>
<BR>[Called By]<UL><LI><a href="#[3e]">&gt;&gt;</a>&nbsp;&nbsp;&nbsp;ADC_IRQHandler
</UL>
<BR>[Address Reference Count : 1]<UL><LI> startup_LPC17xx.o(RESET)
</UL>
<P><STRONG><a name="[3f]"></a>BOD_IRQHandler</STRONG> (Thumb, 0 bytes, Stack size 0 bytes, mbed/TARGET_LPC1768/TOOLCHAIN_ARM_STD/startup_LPC17xx.o(.text))
<BR>[Address Reference Count : 1]<UL><LI> startup_LPC17xx.o(RESET)
</UL>
<P><STRONG><a name="[41]"></a>CAN_IRQHandler</STRONG> (Thumb, 0 bytes, Stack size 0 bytes, mbed/TARGET_LPC1768/TOOLCHAIN_ARM_STD/startup_LPC17xx.o(.text))
<BR>[Address Reference Count : 1]<UL><LI> startup_LPC17xx.o(RESET)
</UL>
<P><STRONG><a name="[42]"></a>DMA_IRQHandler</STRONG> (Thumb, 0 bytes, Stack size 0 bytes, mbed/TARGET_LPC1768/TOOLCHAIN_ARM_STD/startup_LPC17xx.o(.text))
<BR>[Address Reference Count : 1]<UL><LI> startup_LPC17xx.o(RESET)
</UL>
<P><STRONG><a name="[3a]"></a>EINT0_IRQHandler</STRONG> (Thumb, 0 bytes, Stack size 0 bytes, mbed/TARGET_LPC1768/TOOLCHAIN_ARM_STD/startup_LPC17xx.o(.text))
<BR>[Address Reference Count : 1]<UL><LI> startup_LPC17xx.o(RESET)
</UL>
<P><STRONG><a name="[3b]"></a>EINT1_IRQHandler</STRONG> (Thumb, 0 bytes, Stack size 0 bytes, mbed/TARGET_LPC1768/TOOLCHAIN_ARM_STD/startup_LPC17xx.o(.text))
<BR>[Address Reference Count : 1]<UL><LI> startup_LPC17xx.o(RESET)
</UL>
<P><STRONG><a name="[3c]"></a>EINT2_IRQHandler</STRONG> (Thumb, 0 bytes, Stack size 0 bytes, mbed/TARGET_LPC1768/TOOLCHAIN_ARM_STD/startup_LPC17xx.o(.text))
<BR>[Address Reference Count : 1]<UL><LI> startup_LPC17xx.o(RESET)
</UL>
<P><STRONG><a name="[3d]"></a>EINT3_IRQHandler</STRONG> (Thumb, 0 bytes, Stack size 0 bytes, mbed/TARGET_LPC1768/TOOLCHAIN_ARM_STD/startup_LPC17xx.o(.text))
<BR>[Address Reference Count : 1]<UL><LI> startup_LPC17xx.o(RESET)
</UL>
<P><STRONG><a name="[44]"></a>ENET_IRQHandler</STRONG> (Thumb, 0 bytes, Stack size 0 bytes, mbed/TARGET_LPC1768/TOOLCHAIN_ARM_STD/startup_LPC17xx.o(.text))
<BR>[Address Reference Count : 1]<UL><LI> startup_LPC17xx.o(RESET)
</UL>
<P><STRONG><a name="[32]"></a>I2C0_IRQHandler</STRONG> (Thumb, 0 bytes, Stack size 0 bytes, mbed/TARGET_LPC1768/TOOLCHAIN_ARM_STD/startup_LPC17xx.o(.text))
<BR>[Address Reference Count : 1]<UL><LI> startup_LPC17xx.o(RESET)
</UL>
<P><STRONG><a name="[33]"></a>I2C1_IRQHandler</STRONG> (Thumb, 0 bytes, Stack size 0 bytes, mbed/TARGET_LPC1768/TOOLCHAIN_ARM_STD/startup_LPC17xx.o(.text))
<BR>[Address Reference Count : 1]<UL><LI> startup_LPC17xx.o(RESET)
</UL>
<P><STRONG><a name="[34]"></a>I2C2_IRQHandler</STRONG> (Thumb, 0 bytes, Stack size 0 bytes, mbed/TARGET_LPC1768/TOOLCHAIN_ARM_STD/startup_LPC17xx.o(.text))
<BR>[Address Reference Count : 1]<UL><LI> startup_LPC17xx.o(RESET)
</UL>
<P><STRONG><a name="[43]"></a>I2S_IRQHandler</STRONG> (Thumb, 0 bytes, Stack size 0 bytes, mbed/TARGET_LPC1768/TOOLCHAIN_ARM_STD/startup_LPC17xx.o(.text))
<BR>[Address Reference Count : 1]<UL><LI> startup_LPC17xx.o(RESET)
</UL>
<P><STRONG><a name="[46]"></a>MCPWM_IRQHandler</STRONG> (Thumb, 0 bytes, Stack size 0 bytes, mbed/TARGET_LPC1768/TOOLCHAIN_ARM_STD/startup_LPC17xx.o(.text))
<BR>[Address Reference Count : 1]<UL><LI> startup_LPC17xx.o(RESET)
</UL>
<P><STRONG><a name="[38]"></a>PLL0_IRQHandler</STRONG> (Thumb, 0 bytes, Stack size 0 bytes, mbed/TARGET_LPC1768/TOOLCHAIN_ARM_STD/startup_LPC17xx.o(.text))
[...]
<BR><BR>[Stack]<UL><LI>Max Depth = 16<LI>Call Chain = __aeabi_fmul
</UL>
<BR>[Called By]<UL><LI><a href="#[243]">&gt;&gt;</a>&nbsp;&nbsp;&nbsp;wait
</UL>

<P><STRONG><a name="[2a6]"></a>_fmul</STRONG> (Thumb, 258 bytes, Stack size 16 bytes, C:\Keil_v5\ARM\ARMCC\Bin\..\lib\armlib\fz_ws.l(fmul.o)(x$fpl$fmul), UNUSED)
<BR><BR>[Calls]<UL><LI><a href="#[28e]">&gt;&gt;</a>&nbsp;&nbsp;&nbsp;__fpl_fretinf
<LI><a href="#[2a1]">&gt;&gt;</a>&nbsp;&nbsp;&nbsp;__fpl_fnaninf
</UL>

<P><STRONG><a name="[2a1]"></a>__fpl_fnaninf</STRONG> (Thumb, 140 bytes, Stack size 8 bytes, C:\Keil_v5\ARM\ARMCC\Bin\..\lib\armlib\fz_ws.l(fnaninf.o)(x$fpl$fnaninf), UNUSED)
<BR><BR>[Called By]<UL><LI><a href="#[2a6]">&gt;&gt;</a>&nbsp;&nbsp;&nbsp;_fmul
<LI><a href="#[2a5]">&gt;&gt;</a>&nbsp;&nbsp;&nbsp;_ffix
<LI><a href="#[2a4]">&gt;&gt;</a>&nbsp;&nbsp;&nbsp;_fdiv
<LI><a href="#[2a7]">&gt;&gt;</a>&nbsp;&nbsp;&nbsp;_fsub
<LI><a href="#[2a2]">&gt;&gt;</a>&nbsp;&nbsp;&nbsp;_fadd
<LI><a href="#[2a0]">&gt;&gt;</a>&nbsp;&nbsp;&nbsp;_f2d
</UL>

<P><STRONG><a name="[28e]"></a>__fpl_fretinf</STRONG> (Thumb, 10 bytes, Stack size 0 bytes, C:\Keil_v5\ARM\ARMCC\Bin\..\lib\armlib\fz_ws.l(fretinf.o)(x$fpl$fretinf), UNUSED)
<BR><BR>[Called By]<UL><LI><a href="#[28d]">&gt;&gt;</a>&nbsp;&nbsp;&nbsp;_d2f
<LI><a href="#[2a6]">&gt;&gt;</a>&nbsp;&nbsp;&nbsp;_fmul
<LI><a href="#[2a4]">&gt;&gt;</a>&nbsp;&nbsp;&nbsp;_fdiv
<LI><a href="#[2a2]">&gt;&gt;</a>&nbsp;&nbsp;&nbsp;_fadd
</UL>

<P><STRONG><a name="[32a]"></a>__aeabi_fsub</STRONG> (Thumb, 0 bytes, Stack size 16 bytes, C:\Keil_v5\ARM\ARMCC\Bin\..\lib\armlib\fz_ws.l(faddsub_clz.o)(x$fpl$fsub), UNUSED)

<P><STRONG><a name="[2a7]"></a>_fsub</STRONG> (Thumb, 234 bytes, Stack size 16 bytes, C:\Keil_v5\ARM\ARMCC\Bin\..\lib\armlib\fz_ws.l(faddsub_clz.o)(x$fpl$fsub), UNUSED)
<BR><BR>[Calls]<UL><LI><a href="#[2a1]">&gt;&gt;</a>&nbsp;&nbsp;&nbsp;__fpl_fnaninf
<LI><a href="#[2a8]">&gt;&gt;</a>&nbsp;&nbsp;&nbsp;_fadd1
</UL>

<P><STRONG><a name="[12]"></a>__ieee_status</STRONG> (Thumb, 6 bytes, Stack size 0 bytes, C:\Keil_v5\ARM\ARMCC\Bin\..\lib\armlib\fz_ws.l(istatus.o)(x$fpl$ieeestatus))
<BR><BR>[Called By]<UL><LI><a href="#[159]">&gt;&gt;</a>&nbsp;&nbsp;&nbsp;_fp_value
</UL>

<P><STRONG><a name="[c2]"></a>_printf_fp_dec</STRONG> (Thumb, 4 bytes, Stack size 0 bytes, C:\Keil_v5\ARM\ARMCC\Bin\..\lib\armlib\fz_ws.l(printf1.o)(x$fpl$printf1))
<BR><BR>[Stack]<UL><LI>Max Depth = 324<LI>Call Chain = _printf_fp_dec &rArr; _printf_fp_dec_real &rArr; _fp_digits &rArr; _btod_etento &rArr; _btod_emul &rArr; _e2e
</UL>
<BR>[Calls]<UL><LI><a href="#[12c]">&gt;&gt;</a>&nbsp;&nbsp;&nbsp;_printf_fp_dec_real
</UL>
<BR>[Called By]<UL><LI><a href="#[c1]">&gt;&gt;</a>&nbsp;&nbsp;&nbsp;_printf_f
<LI><a href="#[c4]">&gt;&gt;</a>&nbsp;&nbsp;&nbsp;_printf_g
<LI><a href="#[c3]">&gt;&gt;</a>&nbsp;&nbsp;&nbsp;_printf_e
</UL>

<P><STRONG><a name="[c6]"></a>_printf_fp_hex</STRONG> (Thumb, 4 bytes, Stack size 0 bytes, C:\Keil_v5\ARM\ARMCC\Bin\..\lib\armlib\fz_ws.l(printf2.o)(x$fpl$printf2))
<BR><BR>[Stack]<UL><LI>Max Depth = 112<LI>Call Chain = _printf_fp_hex &rArr; _printf_fp_hex_real &rArr; _printf_fp_infnan &rArr; _printf_post_padding
</UL>
<BR>[Calls]<UL><LI><a href="#[154]">&gt;&gt;</a>&nbsp;&nbsp;&nbsp;_printf_fp_hex_real
</UL>
<BR>[Called By]<UL><LI><a href="#[c5]">&gt;&gt;</a>&nbsp;&nbsp;&nbsp;_printf_a
</UL>

<P><STRONG><a name="[294]"></a>__fpl_return_NaN</STRONG> (Thumb, 100 bytes, Stack size 0 bytes, C:\Keil_v5\ARM\ARMCC\Bin\..\lib\armlib\fz_ws.l(retnan.o)(x$fpl$retnan))
<BR><BR>[Calls]<UL><LI><a href="#[2a9]">&gt;&gt;</a>&nbsp;&nbsp;&nbsp;__fpl_cmpreturn
</UL>
<BR>[Called By]<UL><LI><a href="#[293]">&gt;&gt;</a>&nbsp;&nbsp;&nbsp;__fpl_dcheck_NaN1
</UL>

<P><STRONG><a name="[217]"></a>__ARM_scalbn</STRONG> (Thumb, 92 bytes, Stack size 0 bytes, C:\Keil_v5\ARM\ARMCC\Bin\..\lib\armlib\fz_ws.l(scalbn.o)(x$fpl$scalbn))
<BR><BR>[Calls]<UL><LI><a href="#[293]">&gt;&gt;</a>&nbsp;&nbsp;&nbsp;__fpl_dcheck_NaN1
</UL>
<BR>[Called By]<UL><LI><a href="#[21a]">&gt;&gt;</a>&nbsp;&nbsp;&nbsp;__mathlib_dbl_underflow
<LI><a href="#[219]">&gt;&gt;</a>&nbsp;&nbsp;&nbsp;__mathlib_dbl_overflow
<LI><a href="#[216]">&gt;&gt;</a>&nbsp;&nbsp;&nbsp;__mathlib_dbl_infnan
<LI><a href="#[221]">&gt;&gt;</a>&nbsp;&nbsp;&nbsp;ldexp
<LI><a href="#[21c]">&gt;&gt;</a>&nbsp;&nbsp;&nbsp;frexp
<LI><a href="#[226]">&gt;&gt;</a>&nbsp;&nbsp;&nbsp;acos
</UL>

<P><STRONG><a name="[157]"></a>_scanf_real</STRONG> (Thumb, 4 bytes, Stack size 0 bytes, C:\Keil_v5\ARM\ARMCC\Bin\..\lib\armlib\fz_ws.l(scanf1.o)(x$fpl$scanf1))
<BR><BR>[Stack]<UL><LI>Max Depth = 340<LI>Call Chain = _scanf_real &rArr; _scanf_really_real &rArr; _fp_value &rArr; _btod_etento &rArr; _btod_emul &rArr; _e2e
</UL>
<BR>[Calls]<UL><LI><a href="#[15c]">&gt;&gt;</a>&nbsp;&nbsp;&nbsp;_scanf_really_real
</UL>
<BR>[Called By]<UL><LI><a href="#[137]">&gt;&gt;</a>&nbsp;&nbsp;&nbsp;__vfscanf
</UL>

<P><STRONG><a name="[15e]"></a>_scanf_hex_real</STRONG> (Thumb, 4 bytes, Stack size 0 bytes, C:\Keil_v5\ARM\ARMCC\Bin\..\lib\armlib\fz_ws.l(scanf2.o)(x$fpl$scanf2))
<BR><BR>[Stack]<UL><LI>Max Depth = 144<LI>Call Chain = _scanf_hex_real &rArr; _scanf_really_hex_real &rArr; __support_ldexp &rArr; ldexp &rArr; __aeabi_cdcmpeq
</UL>
<BR>[Calls]<UL><LI><a href="#[16c]">&gt;&gt;</a>&nbsp;&nbsp;&nbsp;_scanf_really_hex_real
</UL>
<BR>[Called By]<UL><LI><a href="#[15c]">&gt;&gt;</a>&nbsp;&nbsp;&nbsp;_scanf_really_real
</UL>

<P><STRONG><a name="[15d]"></a>_scanf_infnan</STRONG> (Thumb, 4 bytes, Stack size 0 bytes, C:\Keil_v5\ARM\ARMCC\Bin\..\lib\armlib\fz_ws.l(scanf2.o)(x$fpl$scanf2))
<BR><BR>[Stack]<UL><LI>Max Depth = 72<LI>Call Chain = _scanf_infnan &rArr; _scanf_really_infnan
</UL>
<BR>[Calls]<UL><LI><a href="#[2aa]">&gt;&gt;</a>&nbsp;&nbsp;&nbsp;_scanf_really_infnan
</UL>
<BR>[Called By]<UL><LI><a href="#[15c]">&gt;&gt;</a>&nbsp;&nbsp;&nbsp;_scanf_really_real
</UL>

<P><STRONG><a name="[2a9]"></a>__fpl_cmpreturn</STRONG> (Thumb, 48 bytes, Stack size 0 bytes, C:\Keil_v5\ARM\ARMCC\Bin\..\lib\armlib\fz_ws.l(trapv.o)(x$fpl$trapveneer))
<BR><BR>[Called By]<UL><LI><a href="#[294]">&gt;&gt;</a>&nbsp;&nbsp;&nbsp;__fpl_return_NaN
</UL>
<P>
<H3>
Local Symbols
</H3>
<P><STRONG><a name="[b2]"></a>__sti___8_main_cpp_myled</STRONG> (Thumb, 164 bytes, Stack size 16 bytes, .\build\main.o(i.__sti___8_main_cpp_myled))
<BR><BR>[Stack]<UL><LI>Max Depth = 736 + Unknown Stack Size
<LI>Call Chain = __sti___8_main_cpp_myled &rArr; mbed::Serial::Serial(PinName, PinName, const char*, int) &rArr; mbed::Stream::Stream__sub_object(const char*) &rArr; mbed::fdopen(mbed::FileHandle*, const char*) &rArr; mbed::mbed_fdopen(mbed::FileHandle*, const char*) &rArr; fopen &rArr; freopen &rArr; _sys_open &rArr; mbed::FilePath::FilePath(const char*) &rArr; mbed::FileBase::lookup(const char*, unsigned) &rArr; SingletonPtr&lang;PlatformMutex&rang;::operator -&rang;() &rArr; mbed_assert_internal &rArr; mbed_error_printf &rArr;  core_util_critical_section_exit (Cycle)
</UL>
<BR>[Calls]<UL><LI><a href="#[10d]">&gt;&gt;</a>&nbsp;&nbsp;&nbsp;__aeabi_memclr4
<LI><a href="#[220]">&gt;&gt;</a>&nbsp;&nbsp;&nbsp;std::locale::id::id()
<LI><a href="#[21f]">&gt;&gt;</a>&nbsp;&nbsp;&nbsp;gpio_init_out
<LI><a href="#[20a]">&gt;&gt;</a>&nbsp;&nbsp;&nbsp;__aeabi_atexit
<LI><a href="#[1ea]">&gt;&gt;</a>&nbsp;&nbsp;&nbsp;MMA8452::MMA8452(PinName, PinName, int)
<LI><a href="#[1c8]">&gt;&gt;</a>&nbsp;&nbsp;&nbsp;mbed::Serial::Serial(PinName, PinName, const char*, int)
<LI><a href="#[185]">&gt;&gt;</a>&nbsp;&nbsp;&nbsp;SevenSegmentSerial::SevenSegmentSerial(int, PinName, PinName, PinName)
<LI><a href="#[1ab]">&gt;&gt;</a>&nbsp;&nbsp;&nbsp;__cxa_guard_acquire
</UL>
<BR>[Address Reference Count : 1]<UL><LI> main.o(.init_array)
</UL>
<P><STRONG><a name="[24a]"></a>serial_irq_set_internal</STRONG> (Thumb, 222 bytes, Stack size 12 bytes, mbed/TARGET_LPC1768/TOOLCHAIN_ARM_STD/serial_api.o(i.serial_irq_set_internal))
<BR><BR>[Stack]<UL><LI>Max Depth = 12<LI>Call Chain = serial_irq_set_internal
</UL>
<BR>[Called By]<UL><LI><a href="#[249]">&gt;&gt;</a>&nbsp;&nbsp;&nbsp;serial_set_flow_control
<LI><a href="#[1b5]">&gt;&gt;</a>&nbsp;&nbsp;&nbsp;serial_irq_set
</UL>

<P><STRONG><a name="[254]"></a>uart_irq</STRONG> (Thumb, 94 bytes, Stack size 8 bytes, mbed/TARGET_LPC1768/TOOLCHAIN_ARM_STD/serial_api.o(i.uart_irq))
<BR><BR>[Stack]<UL><LI>Max Depth = 8<LI>Call Chain = uart_irq
</UL>
<BR>[Called By]<UL><LI><a href="#[63]">&gt;&gt;</a>&nbsp;&nbsp;&nbsp;uart3_irq
<LI><a href="#[62]">&gt;&gt;</a>&nbsp;&nbsp;&nbsp;uart2_irq
<LI><a href="#[61]">&gt;&gt;</a>&nbsp;&nbsp;&nbsp;uart1_irq
<LI><a href="#[60]">&gt;&gt;</a>&nbsp;&nbsp;&nbsp;uart0_irq
</UL>

<P><STRONG><a name="[57]"></a>&lang;Func1&rang;</STRONG> (Thumb, 12 bytes, Stack size 0 bytes, mbed/TARGET_LPC1768/TOOLCHAIN_ARM_STD/mbed.ar(SerialBase.o)(i.<Func1>))
<BR>[Address Reference Count : 1]<UL><LI> SerialBase.o(i._ZN4mbed10SerialBaseC1E7PinNameS1_i)
</UL>
<P><STRONG><a name="[247]"></a>schedule_interrupt</STRONG> (Thumb, 102 bytes, Stack size 16 bytes, mbed/TARGET_LPC1768/TOOLCHAIN_ARM_STD/mbed.ar(mbed_ticker_api.o)(i.schedule_interrupt))
<BR><BR>[Stack]<UL><LI>Max Depth = 32<LI>Call Chain = schedule_interrupt &rArr; update_present_time
</UL>
<BR>[Calls]<UL><LI><a href="#[248]">&gt;&gt;</a>&nbsp;&nbsp;&nbsp;update_present_time
</UL>
<BR>[Called By]<UL><LI><a href="#[252]">&gt;&gt;</a>&nbsp;&nbsp;&nbsp;ticker_irq_handler
<LI><a href="#[253]">&gt;&gt;</a>&nbsp;&nbsp;&nbsp;ticker_read
</UL>

<P><STRONG><a name="[248]"></a>update_present_time</STRONG> (Thumb, 40 bytes, Stack size 16 bytes, mbed/TARGET_LPC1768/TOOLCHAIN_ARM_STD/mbed.ar(mbed_ticker_api.o)(i.update_present_time))
<BR><BR>[Stack]<UL><LI>Max Depth = 16<LI>Call Chain = update_present_time
</UL>
<BR>[Called By]<UL><LI><a href="#[247]">&gt;&gt;</a>&nbsp;&nbsp;&nbsp;schedule_interrupt
<LI><a href="#[253]">&gt;&gt;</a>&nbsp;&nbsp;&nbsp;ticker_read
</UL>

<P><STRONG><a name="[b3]"></a>__sti___8_char_cpp_a3dc957a</STRONG> (Thumb, 12 bytes, Stack size 0 bytes, C:\Keil_v5\ARM\ARMCC\Bin\..\lib\cpplib\cpp_ws.l(char.o)(i.__sti___8_char_cpp_a3dc957a))
<BR>[Address Reference Count : 1]<UL><LI> char.o(.init_array)
</UL>
<P><STRONG><a name="[56]"></a>&lang;Func5&rang;</STRONG> (Thumb, 20 bytes, Stack size 16 bytes, C:\Keil_v5\ARM\ARMCC\Bin\..\lib\cpplib\cpp_ws.l(locale.o)(i.<Func5>))
<BR><BR>[Stack]<UL><LI>Max Depth = 24<LI>Call Chain = &lang;Func5&rang; &rArr; std::basic_string&lang;char, std::char_traits&lang;char&rang;, std::allocator&lang;char&rang;&rang;::basic_string(const std::allocator&lang;char&rang;&)
</UL>
<BR>[Calls]<UL><LI><a href="#[177]">&gt;&gt;</a>&nbsp;&nbsp;&nbsp;std::basic_string&lang;char, std::char_traits&lang;char&rang;, std::allocator&lang;char&rang;&rang;::basic_string(const std::allocator&lang;char&rang;&)
</UL>
<BR>[Address Reference Count : 1]<UL><LI> locale.o(i._ZN4__rw15__rw_locale_impC1EPKcjj)
</UL>
<P><STRONG><a name="[b4]"></a>__sti___10_locale_cpp_ff99fc7b</STRONG> (Thumb, 12 bytes, Stack size 0 bytes, C:\Keil_v5\ARM\ARMCC\Bin\..\lib\cpplib\cpp_ws.l(locale.o)(i.__sti___10_locale_cpp_ff99fc7b))
<BR>[Address Reference Count : 1]<UL><LI> locale.o(.init_array)
</UL>
<P><STRONG><a name="[18b]"></a>[local to rwstdexcept_cpp]::__rw::__rw_vfmatstr(char*, unsigned, const char*, std::__va_list)</STRONG> (Thumb, 88 bytes, Stack size 24 bytes, C:\Keil_v5\ARM\ARMCC\Bin\..\lib\cpplib\cpp_ws.l(rwstdexcept.o)(i._ZN37_INTERNAL_15_rwstdexcept_cpp_8697b68a4__rw13__rw_vfmatstrEPcjPKcSt9__va_list))
<BR><BR>[Stack]<UL><LI>Max Depth = 328 + Unknown Stack Size
<LI>Call Chain = [local to rwstdexcept_cpp]::__rw::__rw_vfmatstr(char*, unsigned, const char*, std::__va_list) &rArr; operator new[] (unsigned) &rArr; error &rArr; mbed_error_vfprintf &rArr;  serial_init (Cycle)
</UL>
<BR>[Calls]<UL><LI><a href="#[f8]">&gt;&gt;</a>&nbsp;&nbsp;&nbsp;vsnprintf
<LI><a href="#[18c]">&gt;&gt;</a>&nbsp;&nbsp;&nbsp;operator new[] (unsigned)
<LI><a href="#[5c]">&gt;&gt;</a>&nbsp;&nbsp;&nbsp;operator delete[] (void*)
</UL>
<BR>[Called By]<UL><LI><a href="#[193]">&gt;&gt;</a>&nbsp;&nbsp;&nbsp;std::__rw_exception::_C_vformat(int, std::__va_list)
<LI><a href="#[18d]">&gt;&gt;</a>&nbsp;&nbsp;&nbsp;[local to rwstdexcept_cpp]::__rw::__rw_vfmatstr(char*, unsigned, int, std::__va_list)
</UL>

<P><STRONG><a name="[18d]"></a>[local to rwstdexcept_cpp]::__rw::__rw_vfmatstr(char*, unsigned, int, std::__va_list)</STRONG> (Thumb, 296 bytes, Stack size 88 bytes, C:\Keil_v5\ARM\ARMCC\Bin\..\lib\cpplib\cpp_ws.l(rwstdexcept.o)(i._ZN37_INTERNAL_15_rwstdexcept_cpp_8697b68a4__rw13__rw_vfmatstrEPcjiSt9__va_list))
<BR><BR>[Stack]<UL><LI>Max Depth = 596 + Unknown Stack Size
<LI>Call Chain = [local to rwstdexcept_cpp]::__rw::__rw_vfmatstr(char*, unsigned, int, std::__va_list) &rArr; sscanf &rArr; __vfscanf_char &rArr; __vfscanf &rArr; _scanf_real &rArr; _scanf_really_real &rArr; _fp_value &rArr; _btod_etento &rArr; _btod_emul &rArr; _e2e
</UL>
<BR>[Calls]<UL><LI><a href="#[5a]">&gt;&gt;</a>&nbsp;&nbsp;&nbsp;std::locale::~locale()
<LI><a href="#[190]">&gt;&gt;</a>&nbsp;&nbsp;&nbsp;std::locale::locale()
<LI><a href="#[55]">&gt;&gt;</a>&nbsp;&nbsp;&nbsp;std::basic_string&lang;char, std::char_traits&lang;char&rang;, std::allocator&lang;char&rang;&rang;::~basic_string()
<LI><a href="#[189]">&gt;&gt;</a>&nbsp;&nbsp;&nbsp;std::basic_string&lang;char, std::char_traits&lang;char&rang;, std::allocator&lang;char&rang;&rang;::basic_string(const std::basic_string&lang;char, std::char_traits&lang;char&rang;, std::allocator&lang;char&rang;&rang;&)
<LI><a href="#[18e]">&gt;&gt;</a>&nbsp;&nbsp;&nbsp;strrchr
<LI><a href="#[134]">&gt;&gt;</a>&nbsp;&nbsp;&nbsp;sscanf
<LI><a href="#[18b]">&gt;&gt;</a>&nbsp;&nbsp;&nbsp;[local to rwstdexcept_cpp]::__rw::__rw_vfmatstr(char*, unsigned, const char*, std::__va_list)
<LI><a href="#[18f]">&gt;&gt;</a>&nbsp;&nbsp;&nbsp;std::basic_string&lang;char, std::char_traits&lang;char&rang;, std::allocator&lang;char&rang;&rang;::basic_string(const char*, const std::allocator&lang;char&rang;&)
</UL>
<BR>[Called By]<UL><LI><a href="#[193]">&gt;&gt;</a>&nbsp;&nbsp;&nbsp;std::__rw_exception::_C_vformat(int, std::__va_list)
</UL>

<P><STRONG><a name="[29e]"></a>_dadd1</STRONG> (Thumb, 0 bytes, Stack size unknown bytes, C:\Keil_v5\ARM\ARMCC\Bin\..\lib\armlib\fz_ws.l(daddsub_clz.o)(x$fpl$dadd), UNUSED)
<BR><BR>[Called By]<UL><LI><a href="#[29f]">&gt;&gt;</a>&nbsp;&nbsp;&nbsp;_dsub
<LI><a href="#[29d]">&gt;&gt;</a>&nbsp;&nbsp;&nbsp;_drsb
</UL>

<P><STRONG><a name="[291]"></a>_dsub1</STRONG> (Thumb, 0 bytes, Stack size unknown bytes, C:\Keil_v5\ARM\ARMCC\Bin\..\lib\armlib\fz_ws.l(daddsub_clz.o)(x$fpl$dsub), UNUSED)
<BR><BR>[Called By]<UL><LI><a href="#[29d]">&gt;&gt;</a>&nbsp;&nbsp;&nbsp;_drsb
<LI><a href="#[290]">&gt;&gt;</a>&nbsp;&nbsp;&nbsp;_dadd
</UL>

<P><STRONG><a name="[2a8]"></a>_fadd1</STRONG> (Thumb, 0 bytes, Stack size unknown bytes, C:\Keil_v5\ARM\ARMCC\Bin\..\lib\armlib\fz_ws.l(faddsub_clz.o)(x$fpl$fadd), UNUSED)
<BR><BR>[Called By]<UL><LI><a href="#[2a7]">&gt;&gt;</a>&nbsp;&nbsp;&nbsp;_fsub
</UL>

<P><STRONG><a name="[2a3]"></a>_fsub1</STRONG> (Thumb, 0 bytes, Stack size unknown bytes, C:\Keil_v5\ARM\ARMCC\Bin\..\lib\armlib\fz_ws.l(faddsub_clz.o)(x$fpl$fsub), UNUSED)
<BR><BR>[Called By]<UL><LI><a href="#[2a2]">&gt;&gt;</a>&nbsp;&nbsp;&nbsp;_fadd
</UL>

<P><STRONG><a name="[126]"></a>_fp_digits</STRONG> (Thumb, 432 bytes, Stack size 96 bytes, C:\Keil_v5\ARM\ARMCC\Bin\..\lib\armlib\c_w.l(_printf_fp_dec.o)(.text))
<BR><BR>[Stack]<UL><LI>Max Depth = 220<LI>Call Chain = _fp_digits &rArr; _btod_etento &rArr; _btod_emul &rArr; _e2e
</UL>
<BR>[Calls]<UL><LI><a href="#[12a]">&gt;&gt;</a>&nbsp;&nbsp;&nbsp;_btod_emul
<LI><a href="#[129]">&gt;&gt;</a>&nbsp;&nbsp;&nbsp;_btod_ediv
<LI><a href="#[128]">&gt;&gt;</a>&nbsp;&nbsp;&nbsp;_btod_d2e
<LI><a href="#[127]">&gt;&gt;</a>&nbsp;&nbsp;&nbsp;_btod_etento
<LI><a href="#[12b]">&gt;&gt;</a>&nbsp;&nbsp;&nbsp;_ll_udiv10
</UL>
<BR>[Called By]<UL><LI><a href="#[12c]">&gt;&gt;</a>&nbsp;&nbsp;&nbsp;_printf_fp_dec_real
</UL>

<P><STRONG><a name="[4e]"></a>_printf_input_char</STRONG> (Thumb, 10 bytes, Stack size 0 bytes, C:\Keil_v5\ARM\ARMCC\Bin\..\lib\armlib\c_w.l(_printf_char_common.o)(.text))
<BR>[Address Reference Count : 1]<UL><LI> _printf_char_common.o(.text)
</UL>
<P><STRONG><a name="[52]"></a>_scanf_char_input</STRONG> (Thumb, 12 bytes, Stack size 0 bytes, C:\Keil_v5\ARM\ARMCC\Bin\..\lib\armlib\c_w.l(scanf_char.o)(.text))
<BR>[Address Reference Count : 1]<UL><LI> scanf_char.o(.text)
</UL>
<P><STRONG><a name="[159]"></a>_fp_value</STRONG> (Thumb, 588 bytes, Stack size 96 bytes, C:\Keil_v5\ARM\ARMCC\Bin\..\lib\armlib\c_w.l(scanf_fp.o)(.text))
<BR><BR>[Stack]<UL><LI>Max Depth = 220<LI>Call Chain = _fp_value &rArr; _btod_etento &rArr; _btod_emul &rArr; _e2e
</UL>
<BR>[Calls]<UL><LI><a href="#[120]">&gt;&gt;</a>&nbsp;&nbsp;&nbsp;__aeabi_errno_addr
<LI><a href="#[15a]">&gt;&gt;</a>&nbsp;&nbsp;&nbsp;_btod_emuld
<LI><a href="#[15b]">&gt;&gt;</a>&nbsp;&nbsp;&nbsp;_btod_edivd
<LI><a href="#[127]">&gt;&gt;</a>&nbsp;&nbsp;&nbsp;_btod_etento
<LI><a href="#[12]">&gt;&gt;</a>&nbsp;&nbsp;&nbsp;__ieee_status
</UL>
<BR>[Called By]<UL><LI><a href="#[15c]">&gt;&gt;</a>&nbsp;&nbsp;&nbsp;_scanf_really_real
</UL>

<P><STRONG><a name="[160]"></a>_locale_name</STRONG> (Thumb, 154 bytes, Stack size 16 bytes, C:\Keil_v5\ARM\ARMCC\Bin\..\lib\armlib\c_w.l(locale_r.o)(.text))
<BR><BR>[Stack]<UL><LI>Max Depth = 16<LI>Call Chain = _locale_name
</UL>
<BR>[Calls]<UL><LI><a href="#[e2]">&gt;&gt;</a>&nbsp;&nbsp;&nbsp;__rt_locale
</UL>
<BR>[Called By]<UL><LI><a href="#[149]">&gt;&gt;</a>&nbsp;&nbsp;&nbsp;_setlocale_r
<LI><a href="#[161]">&gt;&gt;</a>&nbsp;&nbsp;&nbsp;_set_locale_byname
<LI><a href="#[162]">&gt;&gt;</a>&nbsp;&nbsp;&nbsp;_set_locale_mixed
</UL>

<P><STRONG><a name="[162]"></a>_set_locale_mixed</STRONG> (Thumb, 98 bytes, Stack size 24 bytes, C:\Keil_v5\ARM\ARMCC\Bin\..\lib\armlib\c_w.l(locale_r.o)(.text), UNUSED)
<BR><BR>[Calls]<UL><LI><a href="#[e2]">&gt;&gt;</a>&nbsp;&nbsp;&nbsp;__rt_locale
<LI><a href="#[160]">&gt;&gt;</a>&nbsp;&nbsp;&nbsp;_locale_name
</UL>

<P><STRONG><a name="[161]"></a>_set_locale_byname</STRONG> (Thumb, 152 bytes, Stack size 24 bytes, C:\Keil_v5\ARM\ARMCC\Bin\..\lib\armlib\c_w.l(locale_r.o)(.text))
<BR><BR>[Stack]<UL><LI>Max Depth = 40<LI>Call Chain = _set_locale_byname &rArr; _locale_name
</UL>
<BR>[Calls]<UL><LI><a href="#[e2]">&gt;&gt;</a>&nbsp;&nbsp;&nbsp;__rt_locale
<LI><a href="#[e5]">&gt;&gt;</a>&nbsp;&nbsp;&nbsp;_get_lc_monetary
<LI><a href="#[e7]">&gt;&gt;</a>&nbsp;&nbsp;&nbsp;_get_lc_numeric
<LI><a href="#[4d]">&gt;&gt;</a>&nbsp;&nbsp;&nbsp;_get_lc_ctype
<LI><a href="#[160]">&gt;&gt;</a>&nbsp;&nbsp;&nbsp;_locale_name
</UL>
<BR>[Called By]<UL><LI><a href="#[149]">&gt;&gt;</a>&nbsp;&nbsp;&nbsp;_setlocale_r
</UL>

<P><STRONG><a name="[b5]"></a>__sti___10_rwcats_cpp_64e8068e</STRONG> (Thumb, 42 bytes, Stack size 16 bytes, C:\Keil_v5\ARM\ARMCC\Bin\..\lib\cpplib\cpp_ws.l(rwcats.o)(i.__sti___10_rwcats_cpp_64e8068e))
<BR><BR>[Stack]<UL><LI>Max Depth = 320 + Unknown Stack Size
<LI>Call Chain = __sti___10_rwcats_cpp_64e8068e &rArr; operator new[] (unsigned) &rArr; error &rArr; mbed_error_vfprintf &rArr;  serial_init (Cycle)
</UL>
<BR>[Calls]<UL><LI><a href="#[20a]">&gt;&gt;</a>&nbsp;&nbsp;&nbsp;__aeabi_atexit
<LI><a href="#[18c]">&gt;&gt;</a>&nbsp;&nbsp;&nbsp;operator new[] (unsigned)
</UL>
<BR>[Address Reference Count : 1]<UL><LI> rwcats.o(.init_array)
</UL>
<P><STRONG><a name="[54]"></a>[local to arm_exceptions_c]::__default_terminate_handler()</STRONG> (Thumb, 6 bytes, Stack size 8 bytes, C:\Keil_v5\ARM\ARMCC\Bin\..\lib\cpplib\cpprt_w.l(arm_exceptions_globs.o)(.text))
<BR><BR>[Stack]<UL><LI>Max Depth = 56<LI>Call Chain = [local to arm_exceptions_c]::__default_terminate_handler() &rArr; abort &rArr; __rt_SIGABRT &rArr; __rt_SIGABRT_inner &rArr; __default_signal_display &rArr; _ttywrch
</UL>
<BR>[Calls]<UL><LI><a href="#[14c]">&gt;&gt;</a>&nbsp;&nbsp;&nbsp;abort
</UL>
<BR>[Address Reference Count : 1]<UL><LI> arm_exceptions_globs.o(.text)
</UL><P>
<H3>
Undefined Global Symbols
</H3><HR></body></html>
