Component: ARM Compiler 5.06 update 5 (build 528) Tool: armlink [4d35e2]

==============================================================================

Section Cross References

    .\build\main.o(i._Z10GetAxisAcci) refers to mbed/TARGET_LPC1768/TOOLCHAIN_ARM_STD/mbed.ar(I2C.o)(i._ZN4mbed3I2C5writeEiPKcib) for mbed::I2C::write(int, const char*, int, bool)
    .\build\main.o(i._Z10GetAxisAcci) refers to mbed/TARGET_LPC1768/TOOLCHAIN_ARM_STD/mbed.ar(I2C.o)(i._ZN4mbed3I2C4readEiPcib) for mbed::I2C::read(int, char*, int, bool)
    .\build\main.o(i._Z10GetAxisAcci) refers to C:\Keil_v5\ARM\ARMCC\Bin\..\lib\armlib\fz_ws.l(dflt_clz.o)(x$fpl$dflt) for __aeabi_i2d
    .\build\main.o(i._Z10GetAxisAcci) refers to C:\Keil_v5\ARM\ARMCC\Bin\..\lib\armlib\fz_ws.l(ddiv.o)(x$fpl$ddiv) for __aeabi_ddiv
    .\build\main.o(i._Z10GetAxisAcci) refers to C:\Keil_v5\ARM\ARMCC\Bin\..\lib\armlib\fz_ws.l(d2f.o)(x$fpl$d2f) for __aeabi_d2f
    .\build\main.o(i._Z10GetAxisAcci) refers to .\build\main.o(.bss) for i2c
    .\build\main.o(i._Z14CalculateAnglef) refers to C:\Keil_v5\ARM\ARMCC\Bin\..\lib\armlib\fz_ws.l(frleqf.o)(x$fpl$frleqf) for __aeabi_cfrcmple
    .\build\main.o(i._Z14CalculateAnglef) refers to C:\Keil_v5\ARM\ARMCC\Bin\..\lib\armlib\fz_ws.l(fleqf.o)(x$fpl$fleqf) for __aeabi_cfcmple
    .\build\main.o(i._Z14CalculateAnglef) refers to C:\Keil_v5\ARM\ARMCC\Bin\..\lib\armlib\m_ws.l(acosf.o)(i.acosf) for acosf
    .\build\main.o(i._Z14CalculateAnglef) refers to C:\Keil_v5\ARM\ARMCC\Bin\..\lib\armlib\fz_ws.l(f2d.o)(x$fpl$f2d) for __aeabi_f2d
    .\build\main.o(i._Z14CalculateAnglef) refers to C:\Keil_v5\ARM\ARMCC\Bin\..\lib\armlib\fz_ws.l(drleqf.o)(x$fpl$drleqf) for __aeabi_cdrcmple
    .\build\main.o(i._Z14CalculateAnglef) refers to C:\Keil_v5\ARM\ARMCC\Bin\..\lib\armlib\fz_ws.l(daddsub_clz.o)(x$fpl$dsub) for __aeabi_dsub
    .\build\main.o(i._Z14CalculateAnglef) refers to C:\Keil_v5\ARM\ARMCC\Bin\..\lib\armlib\fz_ws.l(dmul.o)(x$fpl$dmul) for __aeabi_dmul
    .\build\main.o(i._Z14CalculateAnglef) refers to C:\Keil_v5\ARM\ARMCC\Bin\..\lib\armlib\fz_ws.l(ddiv.o)(x$fpl$ddiv) for __aeabi_ddiv
    .\build\main.o(i._Z14CalculateAnglef) refers to C:\Keil_v5\ARM\ARMCC\Bin\..\lib\armlib\fz_ws.l(dfix.o)(x$fpl$dfix) for __aeabi_d2iz
    .\build\main.o(i._Z17Write7SegmentUARTc) refers to C:\Keil_v5\ARM\ARMCC\Bin\..\lib\armlib\c_w.l(_printf_percent.o)(.ARM.Collect$$_printf_percent$$00000000) for _printf_percent
    .\build\main.o(i._Z17Write7SegmentUARTc) refers to C:\Keil_v5\ARM\ARMCC\Bin\..\lib\armlib\c_w.l(_printf_c.o)(.ARM.Collect$$_printf_percent$$00000013) for _printf_c
    .\build\main.o(i._Z17Write7SegmentUARTc) refers to C:\Keil_v5\ARM\ARMCC\Bin\..\lib\armlib\c_w.l(_printf_str.o)(.text) for _printf_str
    .\build\main.o(i._Z17Write7SegmentUARTc) refers to C:\Keil_v5\ARM\ARMCC\Bin\..\lib\armlib\c_w.l(__2printf.o)(.text) for __2printf
    .\build\main.o(i._Z17Write7SegmentUARTc) refers to .\build\main.o(.data) for u1thr
    .\build\main.o(i.__sti___8_main_cpp_pinmode0) refers to mbed/TARGET_LPC1768/TOOLCHAIN_ARM_STD/mbed.ar(I2C.o)(i._ZN4mbed3I2CC1E7PinNameS1_) for mbed::I2C::I2C(PinName, PinName)
    .\build\main.o(i.__sti___8_main_cpp_pinmode0) refers to mbed/TARGET_LPC1768/TOOLCHAIN_ARM_STD/mbed_retarget.o(i.__aeabi_atexit) for __aeabi_atexit
    .\build\main.o(i.__sti___8_main_cpp_pinmode0) refers to .\build\main.o(.bss) for i2c
    .\build\main.o(i.__sti___8_main_cpp_pinmode0) refers to mbed/TARGET_LPC1768/TOOLCHAIN_ARM_STD/mbed.ar(I2C.o)(i._ZN4mbed3I2CD1Ev) for mbed::I2C::~I2C()
    .\build\main.o(i.main) refers to C:\Keil_v5\ARM\ARMCC\Bin\..\lib\armlib\c_w.l(_printf_percent.o)(.ARM.Collect$$_printf_percent$$00000000) for _printf_percent
    .\build\main.o(i.main) refers to C:\Keil_v5\ARM\ARMCC\Bin\..\lib\armlib\c_w.l(_printf_d.o)(.ARM.Collect$$_printf_percent$$00000009) for _printf_d
    .\build\main.o(i.main) refers to C:\Keil_v5\ARM\ARMCC\Bin\..\lib\armlib\c_w.l(_printf_dec.o)(.text) for _printf_int_dec
    .\build\main.o(i.main) refers to C:\Keil_v5\ARM\ARMCC\Bin\..\lib\armlib\c_w.l(_printf_c.o)(.ARM.Collect$$_printf_percent$$00000013) for _printf_c
    .\build\main.o(i.main) refers to C:\Keil_v5\ARM\ARMCC\Bin\..\lib\armlib\c_w.l(_printf_str.o)(.text) for _printf_str
    .\build\main.o(i.main) refers to mbed/TARGET_LPC1768/TOOLCHAIN_ARM_STD/system_LPC17xx.o(i.SystemInit) for SystemInit
    .\build\main.o(i.main) refers to mbed/TARGET_LPC1768/TOOLCHAIN_ARM_STD/mbed.ar(I2C.o)(i._ZN4mbed3I2C5writeEiPKcib) for mbed::I2C::write(int, const char*, int, bool)
    .\build\main.o(i.main) refers to .\build\main.o(i._Z10GetAxisAcci) for GetAxisAcc(int)
    .\build\main.o(i.main) refers to .\build\main.o(i._Z14CalculateAnglef) for CalculateAngle(float)
    .\build\main.o(i.main) refers to C:\Keil_v5\ARM\ARMCC\Bin\..\lib\armlib\c_w.l(__2printf.o)(.text) for __2printf
    .\build\main.o(i.main) refers to C:\Keil_v5\ARM\ARMCC\Bin\..\lib\armlib\fz_ws.l(dflt_clz.o)(x$fpl$dflt) for __aeabi_i2d
[...]
    _is_digit                                0x00002d11   Thumb Code    14  C:\Keil_v5\ARM\ARMCC\Bin\..\lib\armlib\c_w.l(__printf_wp.o)(i._is_digit)
    _mbed_user_setup_stackheap               0x00002d21   Thumb Code    10  mbed/TARGET_LPC1768/TOOLCHAIN_ARM_STD/mbed_retarget.o(i._mbed_user_setup_stackheap)
    _platform_post_stackheap_init            0x00002d31   Thumb Code    24  mbed/TARGET_LPC1768/TOOLCHAIN_ARM_STD/mbed_sdk_boot.o(i._platform_post_stackheap_init)
    _sys_close                               0x00002d4d   Thumb Code    70  mbed/TARGET_LPC1768/TOOLCHAIN_ARM_STD/mbed_retarget.o(i._sys_close)
    _sys_flen                                0x00002d99   Thumb Code    70  mbed/TARGET_LPC1768/TOOLCHAIN_ARM_STD/mbed_retarget.o(i._sys_flen)
    _sys_istty                               0x00002de5   Thumb Code    58  mbed/TARGET_LPC1768/TOOLCHAIN_ARM_STD/mbed_retarget.o(i._sys_istty)
    _sys_open                                0x00002e25   Thumb Code   480  mbed/TARGET_LPC1768/TOOLCHAIN_ARM_STD/mbed_retarget.o(i._sys_open)
    _sys_seek                                0x0000302d   Thumb Code    74  mbed/TARGET_LPC1768/TOOLCHAIN_ARM_STD/mbed_retarget.o(i._sys_seek)
    _sys_write                               0x0000307d   Thumb Code   110  mbed/TARGET_LPC1768/TOOLCHAIN_ARM_STD/mbed_retarget.o(i._sys_write)
    acosf                                    0x000030fd   Thumb Code   242  C:\Keil_v5\ARM\ARMCC\Bin\..\lib\armlib\m_ws.l(acosf.o)(i.acosf)
    core_util_critical_section_enter         0x00003219   Thumb Code    70  mbed/TARGET_LPC1768/TOOLCHAIN_ARM_STD/mbed.ar(mbed_critical.o)(i.core_util_critical_section_enter)
    core_util_critical_section_exit          0x000032e1   Thumb Code    60  mbed/TARGET_LPC1768/TOOLCHAIN_ARM_STD/mbed.ar(mbed_critical.o)(i.core_util_critical_section_exit)
    error                                    0x00003375   Thumb Code    36  mbed/TARGET_LPC1768/TOOLCHAIN_ARM_STD/mbed.ar(mbed_error.o)(i.error)
    exit                                     0x0000339d   Thumb Code    36  mbed/TARGET_LPC1768/TOOLCHAIN_ARM_STD/mbed_retarget.o(i.exit)
    fputc                                    0x000033c9   Thumb Code    26  C:\Keil_v5\ARM\ARMCC\Bin\..\lib\armlib\c_w.l(fputc.o)(i.fputc)
    get_us_ticker_data                       0x000033e5   Thumb Code     4  mbed/TARGET_LPC1768/TOOLCHAIN_ARM_STD/mbed.ar(mbed_us_ticker_api.o)(i.get_us_ticker_data)
    gpio_dir                                 0x000033ed   Thumb Code    54  mbed/TARGET_LPC1768/TOOLCHAIN_ARM_STD/gpio_api.o(i.gpio_dir)
    gpio_init                                0x00003441   Thumb Code    58  mbed/TARGET_LPC1768/TOOLCHAIN_ARM_STD/gpio_api.o(i.gpio_init)
    gpio_init_in                             0x0000347b   Thumb Code    40  mbed/TARGET_LPC1768/TOOLCHAIN_ARM_STD/mbed.ar(mbed_gpio.o)(i.gpio_init_in)
    gpio_init_out                            0x000034a5   Thumb Code    64  mbed/TARGET_LPC1768/TOOLCHAIN_ARM_STD/mbed.ar(mbed_gpio.o)(i.gpio_init_out)
    gpio_init_out_ex                         0x000034ed   Thumb Code    76  mbed/TARGET_LPC1768/TOOLCHAIN_ARM_STD/mbed.ar(mbed_gpio.o)(i.gpio_init_out_ex)
    gpio_mode                                0x00003555   Thumb Code     6  mbed/TARGET_LPC1768/TOOLCHAIN_ARM_STD/gpio_api.o(i.gpio_mode)
    i2c_frequency                            0x0000355d   Thumb Code    22  mbed/TARGET_LPC1768/TOOLCHAIN_ARM_STD/i2c_api.o(i.i2c_frequency)
    i2c_init                                 0x00003579   Thumb Code   172  mbed/TARGET_LPC1768/TOOLCHAIN_ARM_STD/i2c_api.o(i.i2c_init)
    i2c_read                                 0x00003651   Thumb Code   372  mbed/TARGET_LPC1768/TOOLCHAIN_ARM_STD/i2c_api.o(i.i2c_read)
    i2c_stop                                 0x000037c9   Thumb Code    52  mbed/TARGET_LPC1768/TOOLCHAIN_ARM_STD/i2c_api.o(i.i2c_stop)
    i2c_write                                0x00003801   Thumb Code   290  mbed/TARGET_LPC1768/TOOLCHAIN_ARM_STD/i2c_api.o(i.i2c_write)
    $Super$$main                             0x00003929   Thumb Code   346  .\build\main.o(i.main)
    mbed_assert_internal                     0x00003afd   Thumb Code    32  mbed/TARGET_LPC1768/TOOLCHAIN_ARM_STD/mbed.ar(mbed_assert.o)(i.mbed_assert_internal)
    mbed_die                                 0x00003b51   Thumb Code   156  mbed/TARGET_LPC1768/TOOLCHAIN_ARM_STD/mbed_board.o(i.mbed_die)
    mbed_error_printf                        0x00003c0d   Thumb Code    76  mbed/TARGET_LPC1768/TOOLCHAIN_ARM_STD/mbed_board.o(i.mbed_error_printf)
    mbed_error_vfprintf                      0x00003c65   Thumb Code    70  mbed/TARGET_LPC1768/TOOLCHAIN_ARM_STD/mbed_board.o(i.mbed_error_vfprintf)
    mbed_interface_connected                 0x00003cb9   Thumb Code     4  mbed/TARGET_LPC1768/TOOLCHAIN_ARM_STD/mbed.ar(mbed_interface.o)(i.mbed_interface_connected)
    mbed_main                                0x00003cbd   Thumb Code     2  mbed/TARGET_LPC1768/TOOLCHAIN_ARM_STD/mbed_sdk_boot.o(i.mbed_main)
    mbed_sdk_init                            0x00003cbf   Thumb Code     2  mbed/TARGET_LPC1768/TOOLCHAIN_ARM_STD/mbed_sdk_boot.o(i.mbed_sdk_init)
    pin_function                             0x00003cc1   Thumb Code    68  mbed/TARGET_LPC1768/TOOLCHAIN_ARM_STD/pinmap.o(i.pin_function)
    pin_mode                                 0x00003d1d   Thumb Code   120  mbed/TARGET_LPC1768/TOOLCHAIN_ARM_STD/pinmap.o(i.pin_mode)
    pinmap_find_peripheral                   0x00003dad   Thumb Code    34  mbed/TARGET_LPC1768/TOOLCHAIN_ARM_STD/mbed.ar(mbed_pinmap_common.o)(i.pinmap_find_peripheral)
    pinmap_merge                             0x00003dd1   Thumb Code    38  mbed/TARGET_LPC1768/TOOLCHAIN_ARM_STD/mbed.ar(mbed_pinmap_common.o)(i.pinmap_merge)
    pinmap_peripheral                        0x00003e0d   Thumb Code    58  mbed/TARGET_LPC1768/TOOLCHAIN_ARM_STD/mbed.ar(mbed_pinmap_common.o)(i.pinmap_peripheral)
    pinmap_pinout                            0x00003e69   Thumb Code    66  mbed/TARGET_LPC1768/TOOLCHAIN_ARM_STD/mbed.ar(mbed_pinmap_common.o)(i.pinmap_pinout)
    semihost_connected                       0x00003f29   Thumb Code    10  mbed/TARGET_LPC1768/TOOLCHAIN_ARM_STD/mbed.ar(mbed_semihost_api.o)(i.semihost_connected)
    semihost_exit                            0x00003f39   Thumb Code    12  mbed/TARGET_LPC1768/TOOLCHAIN_ARM_STD/mbed.ar(mbed_semihost_api.o)(i.semihost_exit)
    serial_baud                              0x00003f45   Thumb Code   408  mbed/TARGET_LPC1768/TOOLCHAIN_ARM_STD/serial_api.o(i.serial_baud)
    serial_init                              0x00004109   Thumb Code   344  mbed/TARGET_LPC1768/TOOLCHAIN_ARM_STD/serial_api.o(i.serial_init)
    serial_putc                              0x00004381   Thumb Code   100  mbed/TARGET_LPC1768/TOOLCHAIN_ARM_STD/serial_api.o(i.serial_putc)
    serial_set_flow_control                  0x000043e9   Thumb Code   252  mbed/TARGET_LPC1768/TOOLCHAIN_ARM_STD/serial_api.o(i.serial_set_flow_control)
    sqrtf                                    0x000044f5   Thumb Code    44  C:\Keil_v5\ARM\ARMCC\Bin\..\lib\armlib\m_ws.l(sqrtf.o)(i.sqrtf)
    ticker_irq_handler                       0x00004521   Thumb Code    92  mbed/TARGET_LPC1768/TOOLCHAIN_ARM_STD/mbed.ar(mbed_ticker_api.o)(i.ticker_irq_handler)
    ticker_read                              0x0000457d   Thumb Code    62  mbed/TARGET_LPC1768/TOOLCHAIN_ARM_STD/mbed.ar(mbed_ticker_api.o)(i.ticker_read)
    uart0_irq                                0x000045bd   Thumb Code    14  mbed/TARGET_LPC1768/TOOLCHAIN_ARM_STD/serial_api.o(i.uart0_irq)
    uart1_irq                                0x000045d1   Thumb Code    14  mbed/TARGET_LPC1768/TOOLCHAIN_ARM_STD/serial_api.o(i.uart1_irq)
    uart2_irq                                0x000045e5   Thumb Code    14  mbed/TARGET_LPC1768/TOOLCHAIN_ARM_STD/serial_api.o(i.uart2_irq)
    uart3_irq                                0x000045f9   Thumb Code    14  mbed/TARGET_LPC1768/TOOLCHAIN_ARM_STD/serial_api.o(i.uart3_irq)
    us_ticker_clear_interrupt                0x0000469d   Thumb Code     8  mbed/TARGET_LPC1768/TOOLCHAIN_ARM_STD/us_ticker.o(i.us_ticker_clear_interrupt)
    us_ticker_disable_interrupt              0x000046a9   Thumb Code    12  mbed/TARGET_LPC1768/TOOLCHAIN_ARM_STD/us_ticker.o(i.us_ticker_disable_interrupt)
    us_ticker_fire_interrupt                 0x000046b9   Thumb Code    12  mbed/TARGET_LPC1768/TOOLCHAIN_ARM_STD/us_ticker.o(i.us_ticker_fire_interrupt)
    us_ticker_init                           0x000046c5   Thumb Code    74  mbed/TARGET_LPC1768/TOOLCHAIN_ARM_STD/us_ticker.o(i.us_ticker_init)
    us_ticker_irq_handler                    0x0000472d   Thumb Code     6  mbed/TARGET_LPC1768/TOOLCHAIN_ARM_STD/mbed.ar(mbed_us_ticker_api.o)(i.us_ticker_irq_handler)
    us_ticker_read                           0x00004739   Thumb Code    72  mbed/TARGET_LPC1768/TOOLCHAIN_ARM_STD/us_ticker.o(i.us_ticker_read)
    us_ticker_set_interrupt                  0x0000479d   Thumb Code    14  mbed/TARGET_LPC1768/TOOLCHAIN_ARM_STD/us_ticker.o(i.us_ticker_set_interrupt)
    wait                                     0x000047b1   Thumb Code    40  mbed/TARGET_LPC1768/TOOLCHAIN_ARM_STD/mbed.ar(mbed_wait_api_no_rtos.o)(i.wait)
    wait_ms                                  0x000047dd   Thumb Code    36  mbed/TARGET_LPC1768/TOOLCHAIN_ARM_STD/mbed.ar(mbed_wait_api_no_rtos.o)(i.wait_ms)
    _get_lc_numeric                          0x00004801   Thumb Code    44  C:\Keil_v5\ARM\ARMCC\Bin\..\lib\armlib\c_w.l(lc_numeric_c.o)(locale$$code)
    _get_lc_ctype                            0x0000482d   Thumb Code    44  C:\Keil_v5\ARM\ARMCC\Bin\..\lib\armlib\c_w.l(lc_ctype_c.o)(locale$$code)
    SingletonPtr<PlatformMutex>::operator ->() 0x00004859   Thumb Code    36  mbed/TARGET_LPC1768/TOOLCHAIN_ARM_STD/mbed.ar(FileBase.o)(t._ZN12SingletonPtrI13PlatformMutexEptEv)
    __aeabi_d2f                              0x00004885   Thumb Code     0  C:\Keil_v5\ARM\ARMCC\Bin\..\lib\armlib\fz_ws.l(d2f.o)(x$fpl$d2f)
    _d2f                                     0x00004885   Thumb Code    98  C:\Keil_v5\ARM\ARMCC\Bin\..\lib\armlib\fz_ws.l(d2f.o)(x$fpl$d2f)
    __aeabi_dadd                             0x000048e9   Thumb Code     0  C:\Keil_v5\ARM\ARMCC\Bin\..\lib\armlib\fz_ws.l(daddsub_clz.o)(x$fpl$dadd)
    _dadd                                    0x000048e9   Thumb Code   332  C:\Keil_v5\ARM\ARMCC\Bin\..\lib\armlib\fz_ws.l(daddsub_clz.o)(x$fpl$dadd)
    __fpl_dcmp_Inf                           0x00004a39   Thumb Code    24  C:\Keil_v5\ARM\ARMCC\Bin\..\lib\armlib\fz_ws.l(dcmpi.o)(x$fpl$dcmpinf)
    __aeabi_ddiv                             0x00004a51   Thumb Code     0  C:\Keil_v5\ARM\ARMCC\Bin\..\lib\armlib\fz_ws.l(ddiv.o)(x$fpl$ddiv)
    _ddiv                                    0x00004a51   Thumb Code   552  C:\Keil_v5\ARM\ARMCC\Bin\..\lib\armlib\fz_ws.l(ddiv.o)(x$fpl$ddiv)
    __aeabi_d2iz                             0x00004d01   Thumb Code     0  C:\Keil_v5\ARM\ARMCC\Bin\..\lib\armlib\fz_ws.l(dfix.o)(x$fpl$dfix)
    _dfix                                    0x00004d01   Thumb Code    94  C:\Keil_v5\ARM\ARMCC\Bin\..\lib\armlib\fz_ws.l(dfix.o)(x$fpl$dfix)
    __aeabi_i2d                              0x00004d5f   Thumb Code     0  C:\Keil_v5\ARM\ARMCC\Bin\..\lib\armlib\fz_ws.l(dflt_clz.o)(x$fpl$dflt)
    _dflt                                    0x00004d5f   Thumb Code    46  C:\Keil_v5\ARM\ARMCC\Bin\..\lib\armlib\fz_ws.l(dflt_clz.o)(x$fpl$dflt)
    __aeabi_cdcmple                          0x00004d8d   Thumb Code     0  C:\Keil_v5\ARM\ARMCC\Bin\..\lib\armlib\fz_ws.l(dleqf.o)(x$fpl$dleqf)
    _dcmple                                  0x00004d8d   Thumb Code   120  C:\Keil_v5\ARM\ARMCC\Bin\..\lib\armlib\fz_ws.l(dleqf.o)(x$fpl$dleqf)
    __fpl_dcmple_InfNaN                      0x00004def   Thumb Code     0  C:\Keil_v5\ARM\ARMCC\Bin\..\lib\armlib\fz_ws.l(dleqf.o)(x$fpl$dleqf)
    __aeabi_dmul                             0x00004e05   Thumb Code     0  C:\Keil_v5\ARM\ARMCC\Bin\..\lib\armlib\fz_ws.l(dmul.o)(x$fpl$dmul)
    _dmul                                    0x00004e05   Thumb Code   332  C:\Keil_v5\ARM\ARMCC\Bin\..\lib\armlib\fz_ws.l(dmul.o)(x$fpl$dmul)
    __fpl_dnaninf                            0x00004f59   Thumb Code   156  C:\Keil_v5\ARM\ARMCC\Bin\..\lib\armlib\fz_ws.l(dnaninf.o)(x$fpl$dnaninf)
    __fpl_dretinf                            0x00004ff5   Thumb Code    12  C:\Keil_v5\ARM\ARMCC\Bin\..\lib\armlib\fz_ws.l(dretinf.o)(x$fpl$dretinf)
    __aeabi_cdrcmple                         0x00005001   Thumb Code     0  C:\Keil_v5\ARM\ARMCC\Bin\..\lib\armlib\fz_ws.l(drleqf.o)(x$fpl$drleqf)
    _drcmple                                 0x00005001   Thumb Code   108  C:\Keil_v5\ARM\ARMCC\Bin\..\lib\armlib\fz_ws.l(drleqf.o)(x$fpl$drleqf)
    __aeabi_dsub                             0x0000506d   Thumb Code     0  C:\Keil_v5\ARM\ARMCC\Bin\..\lib\armlib\fz_ws.l(daddsub_clz.o)(x$fpl$dsub)
    _dsub                                    0x0000506d   Thumb Code   464  C:\Keil_v5\ARM\ARMCC\Bin\..\lib\armlib\fz_ws.l(daddsub_clz.o)(x$fpl$dsub)
    __aeabi_f2d                              0x00005241   Thumb Code     0  C:\Keil_v5\ARM\ARMCC\Bin\..\lib\armlib\fz_ws.l(f2d.o)(x$fpl$f2d)
    _f2d                                     0x00005241   Thumb Code    86  C:\Keil_v5\ARM\ARMCC\Bin\..\lib\armlib\fz_ws.l(f2d.o)(x$fpl$f2d)
    __aeabi_fadd                             0x00005299   Thumb Code     0  C:\Keil_v5\ARM\ARMCC\Bin\..\lib\armlib\fz_ws.l(faddsub_clz.o)(x$fpl$fadd)
    _fadd                                    0x00005299   Thumb Code   196  C:\Keil_v5\ARM\ARMCC\Bin\..\lib\armlib\fz_ws.l(faddsub_clz.o)(x$fpl$fadd)
    __fpl_fcheck_NaN1                        0x0000535d   Thumb Code     6  C:\Keil_v5\ARM\ARMCC\Bin\..\lib\armlib\fz_ws.l(fcheck1.o)(x$fpl$fcheck1)
    __fpl_fcmp_Inf                           0x00005369   Thumb Code    24  C:\Keil_v5\ARM\ARMCC\Bin\..\lib\armlib\fz_ws.l(fcmpi.o)(x$fpl$fcmpinf)
    __aeabi_fdiv                             0x00005381   Thumb Code     0  C:\Keil_v5\ARM\ARMCC\Bin\..\lib\armlib\fz_ws.l(fdiv.o)(x$fpl$fdiv)
    _fdiv                                    0x00005381   Thumb Code   384  C:\Keil_v5\ARM\ARMCC\Bin\..\lib\armlib\fz_ws.l(fdiv.o)(x$fpl$fdiv)
    __aeabi_f2iz                             0x00005505   Thumb Code     0  C:\Keil_v5\ARM\ARMCC\Bin\..\lib\armlib\fz_ws.l(ffix.o)(x$fpl$ffix)
    _ffix                                    0x00005505   Thumb Code    54  C:\Keil_v5\ARM\ARMCC\Bin\..\lib\armlib\fz_ws.l(ffix.o)(x$fpl$ffix)
    __aeabi_cfcmple                          0x0000553d   Thumb Code     0  C:\Keil_v5\ARM\ARMCC\Bin\..\lib\armlib\fz_ws.l(fleqf.o)(x$fpl$fleqf)
    _fcmple                                  0x0000553d   Thumb Code   104  C:\Keil_v5\ARM\ARMCC\Bin\..\lib\armlib\fz_ws.l(fleqf.o)(x$fpl$fleqf)
    __fpl_fcmple_InfNaN                      0x0000558f   Thumb Code     0  C:\Keil_v5\ARM\ARMCC\Bin\..\lib\armlib\fz_ws.l(fleqf.o)(x$fpl$fleqf)
    __aeabi_fmul                             0x000055a5   Thumb Code     0  C:\Keil_v5\ARM\ARMCC\Bin\..\lib\armlib\fz_ws.l(fmul.o)(x$fpl$fmul)
    _fmul                                    0x000055a5   Thumb Code   258  C:\Keil_v5\ARM\ARMCC\Bin\..\lib\armlib\fz_ws.l(fmul.o)(x$fpl$fmul)
    __fpl_fnaninf                            0x000056a7   Thumb Code   140  C:\Keil_v5\ARM\ARMCC\Bin\..\lib\armlib\fz_ws.l(fnaninf.o)(x$fpl$fnaninf)
    __fpl_fretinf                            0x00005733   Thumb Code    10  C:\Keil_v5\ARM\ARMCC\Bin\..\lib\armlib\fz_ws.l(fretinf.o)(x$fpl$fretinf)
    __aeabi_cfrcmple                         0x0000573d   Thumb Code     0  C:\Keil_v5\ARM\ARMCC\Bin\..\lib\armlib\fz_ws.l(frleqf.o)(x$fpl$frleqf)
    _frcmple                                 0x0000573d   Thumb Code    98  C:\Keil_v5\ARM\ARMCC\Bin\..\lib\armlib\fz_ws.l(frleqf.o)(x$fpl$frleqf)
    __aeabi_frsub                            0x0000579f   Thumb Code     0  C:\Keil_v5\ARM\ARMCC\Bin\..\lib\armlib\fz_ws.l(faddsub_clz.o)(x$fpl$frsb)
    _frsb                                    0x0000579f   Thumb Code    20  C:\Keil_v5\ARM\ARMCC\Bin\..\lib\armlib\fz_ws.l(faddsub_clz.o)(x$fpl$frsb)
    _fsqrt                                   0x000057b5   Thumb Code   272  C:\Keil_v5\ARM\ARMCC\Bin\..\lib\armlib\fz_ws.l(fsqrt.o)(x$fpl$fsqrt)
    __aeabi_fsub                             0x000058c5   Thumb Code     0  C:\Keil_v5\ARM\ARMCC\Bin\..\lib\armlib\fz_ws.l(faddsub_clz.o)(x$fpl$fsub)
    _fsub                                    0x000058c5   Thumb Code   234  C:\Keil_v5\ARM\ARMCC\Bin\..\lib\armlib\fz_ws.l(faddsub_clz.o)(x$fpl$fsub)
    _printf_fp_dec                           0x000059af   Thumb Code     4  C:\Keil_v5\ARM\ARMCC\Bin\..\lib\armlib\fz_ws.l(printf1.o)(x$fpl$printf1)
    _printf_fp_hex                           0x000059b3   Thumb Code     4  C:\Keil_v5\ARM\ARMCC\Bin\..\lib\armlib\fz_ws.l(printf2.o)(x$fpl$printf2)
    __fpl_return_NaN                         0x000059b7   Thumb Code   100  C:\Keil_v5\ARM\ARMCC\Bin\..\lib\armlib\fz_ws.l(retnan.o)(x$fpl$retnan)
    __ARM_scalbnf                            0x00005a1b   Thumb Code    76  C:\Keil_v5\ARM\ARMCC\Bin\..\lib\armlib\fz_ws.l(scalbnf.o)(x$fpl$scalbnf)
    __fpl_cmpreturn                          0x00005a67   Thumb Code    48  C:\Keil_v5\ARM\ARMCC\Bin\..\lib\armlib\fz_ws.l(trapv.o)(x$fpl$trapveneer)
    __I$use$fp                               0x00005a96   Number         0  C:\Keil_v5\ARM\ARMCC\Bin\..\lib\armlib\fz_ws.l(usenofp.o)(x$fpl$usenofp)
    __stdin_name                             0x00005b30   Data           7  mbed/TARGET_LPC1768/TOOLCHAIN_ARM_STD/mbed_retarget.o(.constdata)
    __stdout_name                            0x00005b37   Data           8  mbed/TARGET_LPC1768/TOOLCHAIN_ARM_STD/mbed_retarget.o(.constdata)
    __stderr_name                            0x00005b3f   Data           8  mbed/TARGET_LPC1768/TOOLCHAIN_ARM_STD/mbed_retarget.o(.constdata)
    vtable for mbed::I2C                     0x00005d88   Data          24  mbed/TARGET_LPC1768/TOOLCHAIN_ARM_STD/mbed.ar(I2C.o)(.constdata__ZTVN4mbed3I2CE)
    SingletonPtr<PlatformMutex>::get()::string 0x00005da0   Data          20  mbed/TARGET_LPC1768/TOOLCHAIN_ARM_STD/mbed_retarget.o(.constdata__ZZN12SingletonPtrI13PlatformMutexE3getEvEs)
    SingletonPtr<PlatformMutex>::get()::string (instance 2) 0x00005db4   Data          72  mbed/TARGET_LPC1768/TOOLCHAIN_ARM_STD/mbed_retarget.o(.constdata__ZZN12SingletonPtrI13PlatformMutexE3getEvEs_0)
    Region$$Table$$Base                      0x00005fb0   Number         0  anon$$obj.o(Region$$Table)
    Region$$Table$$Limit                     0x00005fd0   Number         0  anon$$obj.o(Region$$Table)
    __ctype                                  0x00005ff9   Data           0  C:\Keil_v5\ARM\ARMCC\Bin\..\lib\armlib\c_w.l(lc_ctype_c.o)(locale$$data)
    SHT$$INIT_ARRAY$$Base                    0x000060fc   Number         0  .\build\main.o(.init_array)
    SHT$$INIT_ARRAY$$Limit                   0x00006100   Number         0  C:\Keil_v5\ARM\ARMCC\Bin\..\lib\armlib\c_w.l(init_aeabi.o)(.init_array)
    pinmode0                                 0x100000c8   Data           4  .\build\main.o(.data)
    fio0dir0                                 0x100000cc   Data           4  .\build\main.o(.data)
    fio0pin0                                 0x100000d0   Data           4  .\build\main.o(.data)
    u1thr                                    0x100000d4   Data           4  .\build\main.o(.data)
    u1dll                                    0x100000d8   Data           4  .\build\main.o(.data)
    u1dlm                                    0x100000dc   Data           4  .\build\main.o(.data)
    u1fcr                                    0x100000e0   Data           4  .\build\main.o(.data)
    u1lcr                                    0x100000e4   Data           4  .\build\main.o(.data)
    txBitMask                                0x100000e8   Data           4  .\build\main.o(.data)
    txModeMask                               0x100000ec   Data           4  .\build\main.o(.data)
    pinsel0                                  0x100000f0   Data           4  .\build\main.o(.data)
    stdio_uart_inited                        0x10000104   Data           4  mbed/TARGET_LPC1768/TOOLCHAIN_ARM_STD/serial_api.o(.data)
    stdio_uart                               0x1000010c   Data           8  mbed/TARGET_LPC1768/TOOLCHAIN_ARM_STD/serial_api.o(.data)
    SystemCoreClock                          0x10000114   Data           4  mbed/TARGET_LPC1768/TOOLCHAIN_ARM_STD/system_LPC17xx.o(.data)
    us_ticker_inited                         0x10000118   Data           4  mbed/TARGET_LPC1768/TOOLCHAIN_ARM_STD/us_ticker.o(.data)
    mbed::I2C::_owner                        0x1000011c   Data           4  mbed/TARGET_LPC1768/TOOLCHAIN_ARM_STD/mbed.ar(I2C.o)(.data)
    mbed::I2C::_mutex                        0x10000120   Data           8  mbed/TARGET_LPC1768/TOOLCHAIN_ARM_STD/mbed.ar(I2C.o)(.data)
    mbed::FileBase::_head                    0x10000134   Data           4  mbed/TARGET_LPC1768/TOOLCHAIN_ARM_STD/mbed.ar(FileBase.o)(.data)
    mbed::FileBase::_mutex                   0x10000138   Data           8  mbed/TARGET_LPC1768/TOOLCHAIN_ARM_STD/mbed.ar(FileBase.o)(.data)
    __aeabi_stdin                            0x10000140   Data           4  C:\Keil_v5\ARM\ARMCC\Bin\..\lib\armlib\c_w.l(stdio_streams.o)(.data)
    __aeabi_stdout                           0x10000144   Data           4  C:\Keil_v5\ARM\ARMCC\Bin\..\lib\armlib\c_w.l(stdio_streams.o)(.data)
    __aeabi_stderr                           0x10000148   Data           4  C:\Keil_v5\ARM\ARMCC\Bin\..\lib\armlib\c_w.l(stdio_streams.o)(.data)
    i2c                                      0x10000150   Data          12  .\build\main.o(.bss)
    __stdin                                  0x1000039c   Data          84  C:\Keil_v5\ARM\ARMCC\Bin\..\lib\armlib\c_w.l(stdio_streams.o)(.bss)
    __stdout                                 0x100003f0   Data          84  C:\Keil_v5\ARM\ARMCC\Bin\..\lib\armlib\c_w.l(stdio_streams.o)(.bss)
    __stderr                                 0x10000444   Data          84  C:\Keil_v5\ARM\ARMCC\Bin\..\lib\armlib\c_w.l(stdio_streams.o)(.bss)
    Image$$RW_IRAM1$$ZI$$Limit               0x100004b0   Number         0  anon$$obj.o ABSOLUTE



==============================================================================

Memory Map of the image

  Image Entry point : 0x00000301

  Load Region LR_IROM1 (Base: 0x00000000, Size: 0x00006188, Max: 0x00080000, ABSOLUTE)

    Execution Region ER_IROM0 (Exec base: 0x00000000, Load base: 0x00000000, Size: 0x000000c4, Max: 0x000002fc, ABSOLUTE)

    Exec Addr    Load Addr    Size         Type   Attr      Idx    E Section Name        Object

    0x00000000   0x00000000   0x000000c4   Data   RO          999    RESET               mbed/TARGET_LPC1768/TOOLCHAIN_ARM_STD/startup_LPC17xx.o


    Execution Region ER_CRP (Exec base: 0x000002fc, Load base: 0x000002fc, Size: 0x00000004, Max: 0x00000004, ABSOLUTE, FIXED)

    Exec Addr    Load Addr    Size         Type   Attr      Idx    E Section Name        Object

    0x000002fc   0x000002fc   0x00000004   Data   RO          528    .CRPSection         mbed/TARGET_LPC1768/TOOLCHAIN_ARM_STD/CRP.o


    Execution Region ER_IROM1 (Exec base: 0x00000300, Load base: 0x00000300, Size: 0x00005e00, Max: 0x0007fd00, ABSOLUTE, FIXED)

    Exec Addr    Load Addr    Size         Type   Attr      Idx    E Section Name        Object

    0x00000300   0x00000300   0x00000008   Code   RO         1514  * !!!main             C:\Keil_v5\ARM\ARMCC\Bin\..\lib\armlib\c_w.l(__main.o)
    0x00000308   0x00000308   0x00000034   Code   RO         2190    !!!scatter          C:\Keil_v5\ARM\ARMCC\Bin\..\lib\armlib\c_w.l(__scatter.o)
    0x0000033c   0x0000033c   0x0000001a   Code   RO         2192    !!handler_copy      C:\Keil_v5\ARM\ARMCC\Bin\..\lib\armlib\c_w.l(__scatter_copy.o)
    0x00000356   0x00000356   0x00000002   PAD
    0x00000358   0x00000358   0x0000001c   Code   RO         2194    !!handler_zi        C:\Keil_v5\ARM\ARMCC\Bin\..\lib\armlib\c_w.l(__scatter_zi.o)
    0x00000374   0x00000374   0x00000000   Code   RO         1473    .ARM.Collect$$_printf_percent$$00000000  C:\Keil_v5\ARM\ARMCC\Bin\..\lib\armlib\c_w.l(_printf_percent.o)
    0x00000374   0x00000374   0x00000006   Code   RO         1786    .ARM.Collect$$_printf_percent$$00000001  C:\Keil_v5\ARM\ARMCC\Bin\..\lib\armlib\c_w.l(_printf_n.o)
    0x0000037a   0x0000037a   0x00000006   Code   RO         1788    .ARM.Collect$$_printf_percent$$00000002  C:\Keil_v5\ARM\ARMCC\Bin\..\lib\armlib\c_w.l(_printf_p.o)
    0x00000380   0x00000380   0x00000006   Code   RO         1792    .ARM.Collect$$_printf_percent$$00000003  C:\Keil_v5\ARM\ARMCC\Bin\..\lib\armlib\c_w.l(_printf_f.o)
    0x00000386   0x00000386   0x00000006   Code   RO         1793    .ARM.Collect$$_printf_percent$$00000004  C:\Keil_v5\ARM\ARMCC\Bin\..\lib\armlib\c_w.l(_printf_e.o)
    0x0000038c   0x0000038c   0x00000006   Code   RO         1794    .ARM.Collect$$_printf_percent$$00000005  C:\Keil_v5\ARM\ARMCC\Bin\..\lib\armlib\c_w.l(_printf_g.o)
    0x00000392   0x00000392   0x00000006   Code   RO         1795    .ARM.Collect$$_printf_percent$$00000006  C:\Keil_v5\ARM\ARMCC\Bin\..\lib\armlib\c_w.l(_printf_a.o)
    0x00000398   0x00000398   0x0000000a   Code   RO         1800    .ARM.Collect$$_printf_percent$$00000007  C:\Keil_v5\ARM\ARMCC\Bin\..\lib\armlib\c_w.l(_printf_ll.o)
    0x000003a2   0x000003a2   0x00000006   Code   RO         1790    .ARM.Collect$$_printf_percent$$00000008  C:\Keil_v5\ARM\ARMCC\Bin\..\lib\armlib\c_w.l(_printf_i.o)
    0x000003a8   0x000003a8   0x00000006   Code   RO         1472    .ARM.Collect$$_printf_percent$$00000009  C:\Keil_v5\ARM\ARMCC\Bin\..\lib\armlib\c_w.l(_printf_d.o)
    0x000003ae   0x000003ae   0x00000006   Code   RO         1791    .ARM.Collect$$_printf_percent$$0000000A  C:\Keil_v5\ARM\ARMCC\Bin\..\lib\armlib\c_w.l(_printf_u.o)
    0x000003b4   0x000003b4   0x00000006   Code   RO         1789    .ARM.Collect$$_printf_percent$$0000000B  C:\Keil_v5\ARM\ARMCC\Bin\..\lib\armlib\c_w.l(_printf_o.o)
    0x000003ba   0x000003ba   0x00000006   Code   RO         1787    .ARM.Collect$$_printf_percent$$0000000C  C:\Keil_v5\ARM\ARMCC\Bin\..\lib\armlib\c_w.l(_printf_x.o)
    0x000003c0   0x000003c0   0x00000006   Code   RO         1797    .ARM.Collect$$_printf_percent$$0000000D  C:\Keil_v5\ARM\ARMCC\Bin\..\lib\armlib\c_w.l(_printf_lli.o)
    0x000003c6   0x000003c6   0x00000006   Code   RO         1798    .ARM.Collect$$_printf_percent$$0000000E  C:\Keil_v5\ARM\ARMCC\Bin\..\lib\armlib\c_w.l(_printf_lld.o)
    0x000003cc   0x000003cc   0x00000006   Code   RO         1799    .ARM.Collect$$_printf_percent$$0000000F  C:\Keil_v5\ARM\ARMCC\Bin\..\lib\armlib\c_w.l(_printf_llu.o)
    0x000003d2   0x000003d2   0x00000006   Code   RO         1804    .ARM.Collect$$_printf_percent$$00000010  C:\Keil_v5\ARM\ARMCC\Bin\..\lib\armlib\c_w.l(_printf_llo.o)
    0x000003d8   0x000003d8   0x00000006   Code   RO         1805    .ARM.Collect$$_printf_percent$$00000011  C:\Keil_v5\ARM\ARMCC\Bin\..\lib\armlib\c_w.l(_printf_llx.o)
    0x000003de   0x000003de   0x0000000a   Code   RO         1801    .ARM.Collect$$_printf_percent$$00000012  C:\Keil_v5\ARM\ARMCC\Bin\..\lib\armlib\c_w.l(_printf_l.o)
    0x000003e8   0x000003e8   0x00000006   Code   RO         1471    .ARM.Collect$$_printf_percent$$00000013  C:\Keil_v5\ARM\ARMCC\Bin\..\lib\armlib\c_w.l(_printf_c.o)
    0x000003ee   0x000003ee   0x00000006   Code   RO         1785    .ARM.Collect$$_printf_percent$$00000014  C:\Keil_v5\ARM\ARMCC\Bin\..\lib\armlib\c_w.l(_printf_s.o)
    0x000003f4   0x000003f4   0x00000006   Code   RO         1802    .ARM.Collect$$_printf_percent$$00000015  C:\Keil_v5\ARM\ARMCC\Bin\..\lib\armlib\c_w.l(_printf_lc.o)
    0x000003fa   0x000003fa   0x00000006   Code   RO         1803    .ARM.Collect$$_printf_percent$$00000016  C:\Keil_v5\ARM\ARMCC\Bin\..\lib\armlib\c_w.l(_printf_ls.o)
    0x00000400   0x00000400   0x00000004   Code   RO         1796    .ARM.Collect$$_printf_percent$$00000017  C:\Keil_v5\ARM\ARMCC\Bin\..\lib\armlib\c_w.l(_printf_percent_end.o)
    0x00000404   0x00000404   0x00000002   Code   RO         2125    .ARM.Collect$$libinit$$00000000  C:\Keil_v5\ARM\ARMCC\Bin\..\lib\armlib\c_w.l(libinit.o)
    0x00000406   0x00000406   0x00000000   Code   RO         1838    .ARM.Collect$$libinit$$00000002  C:\Keil_v5\ARM\ARMCC\Bin\..\lib\armlib\c_w.l(libinit2.o)
    0x00000406   0x00000406   0x00000000   Code   RO         1840    .ARM.Collect$$libinit$$00000004  C:\Keil_v5\ARM\ARMCC\Bin\..\lib\armlib\c_w.l(libinit2.o)
    0x00000406   0x00000406   0x00000008   Code   RO         1841    .ARM.Collect$$libinit$$00000005  C:\Keil_v5\ARM\ARMCC\Bin\..\lib\armlib\c_w.l(libinit2.o)
    0x0000040e   0x0000040e   0x00000000   Code   RO         1843    .ARM.Collect$$libinit$$0000000A  C:\Keil_v5\ARM\ARMCC\Bin\..\lib\armlib\c_w.l(libinit2.o)
    0x0000040e   0x0000040e   0x00000000   Code   RO         1845    .ARM.Collect$$libinit$$0000000C  C:\Keil_v5\ARM\ARMCC\Bin\..\lib\armlib\c_w.l(libinit2.o)
    0x0000040e   0x0000040e   0x00000000   Code   RO         1847    .ARM.Collect$$libinit$$0000000E  C:\Keil_v5\ARM\ARMCC\Bin\..\lib\armlib\c_w.l(libinit2.o)
    0x0000040e   0x0000040e   0x00000006   Code   RO         1848    .ARM.Collect$$libinit$$0000000F  C:\Keil_v5\ARM\ARMCC\Bin\..\lib\armlib\c_w.l(libinit2.o)
    0x00000414   0x00000414   0x00000000   Code   RO         1850    .ARM.Collect$$libinit$$00000011  C:\Keil_v5\ARM\ARMCC\Bin\..\lib\armlib\c_w.l(libinit2.o)
    0x00000414   0x00000414   0x0000000c   Code   RO         1851    .ARM.Collect$$libinit$$00000012  C:\Keil_v5\ARM\ARMCC\Bin\..\lib\armlib\c_w.l(libinit2.o)
    0x00000420   0x00000420   0x00000000   Code   RO         1852    .ARM.Collect$$libinit$$00000013  C:\Keil_v5\ARM\ARMCC\Bin\..\lib\armlib\c_w.l(libinit2.o)
    0x00000420   0x00000420   0x00000000   Code   RO         1854    .ARM.Collect$$libinit$$00000015  C:\Keil_v5\ARM\ARMCC\Bin\..\lib\armlib\c_w.l(libinit2.o)
    0x00000420   0x00000420   0x0000000a   Code   RO         1855    .ARM.Collect$$libinit$$00000016  C:\Keil_v5\ARM\ARMCC\Bin\..\lib\armlib\c_w.l(libinit2.o)
    0x0000042a   0x0000042a   0x00000000   Code   RO         1856    .ARM.Collect$$libinit$$00000017  C:\Keil_v5\ARM\ARMCC\Bin\..\lib\armlib\c_w.l(libinit2.o)
    0x0000042a   0x0000042a   0x00000000   Code   RO         1858    .ARM.Collect$$libinit$$00000019  C:\Keil_v5\ARM\ARMCC\Bin\..\lib\armlib\c_w.l(libinit2.o)
    0x0000042a   0x0000042a   0x00000000   Code   RO         1860    .ARM.Collect$$libinit$$0000001B  C:\Keil_v5\ARM\ARMCC\Bin\..\lib\armlib\c_w.l(libinit2.o)
    0x0000042a   0x0000042a   0x00000000   Code   RO         1862    .ARM.Collect$$libinit$$0000001D  C:\Keil_v5\ARM\ARMCC\Bin\..\lib\armlib\c_w.l(libinit2.o)
    0x0000042a   0x0000042a   0x00000000   Code   RO         1864    .ARM.Collect$$libinit$$0000001F  C:\Keil_v5\ARM\ARMCC\Bin\..\lib\armlib\c_w.l(libinit2.o)
    0x0000042a   0x0000042a   0x00000000   Code   RO         1866    .ARM.Collect$$libinit$$00000021  C:\Keil_v5\ARM\ARMCC\Bin\..\lib\armlib\c_w.l(libinit2.o)
    0x0000042a   0x0000042a   0x00000000   Code   RO         1868    .ARM.Collect$$libinit$$00000023  C:\Keil_v5\ARM\ARMCC\Bin\..\lib\armlib\c_w.l(libinit2.o)
    0x0000042a   0x0000042a   0x00000004   Code   RO         1869    .ARM.Collect$$libinit$$00000024  C:\Keil_v5\ARM\ARMCC\Bin\..\lib\armlib\c_w.l(libinit2.o)
    0x0000042e   0x0000042e   0x00000000   Code   RO         1870    .ARM.Collect$$libinit$$00000025  C:\Keil_v5\ARM\ARMCC\Bin\..\lib\armlib\c_w.l(libinit2.o)
    0x0000042e   0x0000042e   0x00000000   Code   RO         1874    .ARM.Collect$$libinit$$0000002C  C:\Keil_v5\ARM\ARMCC\Bin\..\lib\armlib\c_w.l(libinit2.o)
    0x0000042e   0x0000042e   0x00000000   Code   RO         1876    .ARM.Collect$$libinit$$0000002E  C:\Keil_v5\ARM\ARMCC\Bin\..\lib\armlib\c_w.l(libinit2.o)
    0x0000042e   0x0000042e   0x00000000   Code   RO         1878    .ARM.Collect$$libinit$$00000030  C:\Keil_v5\ARM\ARMCC\Bin\..\lib\armlib\c_w.l(libinit2.o)
    0x0000042e   0x0000042e   0x00000004   Code   RO         1879    .ARM.Collect$$libinit$$00000031  C:\Keil_v5\ARM\ARMCC\Bin\..\lib\armlib\c_w.l(libinit2.o)
    0x00000432   0x00000432   0x00000000   Code   RO         1880    .ARM.Collect$$libinit$$00000032  C:\Keil_v5\ARM\ARMCC\Bin\..\lib\armlib\c_w.l(libinit2.o)
    0x00000432   0x00000432   0x00000002   Code   RO         1881    .ARM.Collect$$libinit$$00000033  C:\Keil_v5\ARM\ARMCC\Bin\..\lib\armlib\c_w.l(libinit2.o)
    0x00000434   0x00000434   0x00000000   Code   RO         2024    .ARM.Collect$$libshutdown$$00000004  C:\Keil_v5\ARM\ARMCC\Bin\..\lib\armlib\c_w.l(libshutdown2.o)
    0x00000434   0x00000434   0x00000000   Code   RO         1703    .ARM.Collect$$rtentry$$00000000  C:\Keil_v5\ARM\ARMCC\Bin\..\lib\armlib\c_w.l(__rtentry.o)
    0x00000434   0x00000434   0x00000000   Code   RO         1943    .ARM.Collect$$rtentry$$00000002  C:\Keil_v5\ARM\ARMCC\Bin\..\lib\armlib\c_w.l(__rtentry2.o)
    0x00000434   0x00000434   0x00000006   Code   RO         1955    .ARM.Collect$$rtentry$$00000004  C:\Keil_v5\ARM\ARMCC\Bin\..\lib\armlib\c_w.l(__rtentry4.o)
    0x0000043a   0x0000043a   0x00000008   Code   RO         1944    .ARM.Collect$$rtentry$$00000008  C:\Keil_v5\ARM\ARMCC\Bin\..\lib\armlib\c_w.l(__rtentry2.o)
    0x00000442   0x00000442   0x00000004   Code   RO         1946    .ARM.Collect$$rtentry$$0000000A  C:\Keil_v5\ARM\ARMCC\Bin\..\lib\armlib\c_w.l(__rtentry2.o)
    0x00000446   0x00000446   0x00000000   Code   RO         1948    .ARM.Collect$$rtentry$$0000000C  C:\Keil_v5\ARM\ARMCC\Bin\..\lib\armlib\c_w.l(__rtentry2.o)
    0x00000446   0x00000446   0x00000008   Code   RO         1949    .ARM.Collect$$rtentry$$0000000D  C:\Keil_v5\ARM\ARMCC\Bin\..\lib\armlib\c_w.l(__rtentry2.o)
    0x0000044e   0x0000044e   0x00000002   PAD
    0x00000450   0x00000450   0x00000000   Code   RO         1961    .emb_text           C:\Keil_v5\ARM\ARMCC\Bin\..\lib\armlib\c_w.l(maybetermalloc1.o)
    0x00000450   0x00000450   0x00000024   Code   RO         1000    .text               mbed/TARGET_LPC1768/TOOLCHAIN_ARM_STD/startup_LPC17xx.o
    0x00000474   0x00000474   0x00000008   Code   RO         1370    .text               C:\Keil_v5\ARM\ARMCC\Bin\..\lib\armlib\c_w.l(rt_errno_addr.o)
    0x0000047c   0x0000047c   0x0000005e   Code   RO         1379    .text               C:\Keil_v5\ARM\ARMCC\Bin\..\lib\armlib\c_w.l(h1_alloc.o)
    0x000004da   0x000004da   0x0000004e   Code   RO         1381    .text               C:\Keil_v5\ARM\ARMCC\Bin\..\lib\armlib\c_w.l(h1_free.o)
    0x00000528   0x00000528   0x00000034   Code   RO         1439    .text               C:\Keil_v5\ARM\ARMCC\Bin\..\lib\armlib\c_w.l(vsnprintf.o)
    0x0000055c   0x0000055c   0x00000018   Code   RO         1441    .text               C:\Keil_v5\ARM\ARMCC\Bin\..\lib\armlib\c_w.l(__2printf.o)
    0x00000574   0x00000574   0x00000052   Code   RO         1447    .text               C:\Keil_v5\ARM\ARMCC\Bin\..\lib\armlib\c_w.l(_printf_str.o)
    0x000005c6   0x000005c6   0x00000002   PAD
    0x000005c8   0x000005c8   0x00000078   Code   RO         1449    .text               C:\Keil_v5\ARM\ARMCC\Bin\..\lib\armlib\c_w.l(_printf_dec.o)
    0x00000640   0x00000640   0x00000188   Code   RO         1468    .text               C:\Keil_v5\ARM\ARMCC\Bin\..\lib\armlib\c_w.l(__printf_flags_ss_wp.o)
    0x000007c8   0x000007c8   0x00000064   Code   RO         1478    .text               C:\Keil_v5\ARM\ARMCC\Bin\..\lib\armlib\c_w.l(fflush.o)
    0x0000082c   0x0000082c   0x000000ec   Code   RO         1486    .text               C:\Keil_v5\ARM\ARMCC\Bin\..\lib\armlib\c_w.l(fopen.o)
    0x00000918   0x00000918   0x0000003e   Code   RO         1502    .text               C:\Keil_v5\ARM\ARMCC\Bin\..\lib\armlib\c_w.l(strlen.o)
    0x00000956   0x00000956   0x00000096   Code   RO         1504    .text               C:\Keil_v5\ARM\ARMCC\Bin\..\lib\armlib\c_w.l(strncmp.o)
    0x000009ec   0x000009ec   0x00000064   Code   RO         1508    .text               C:\Keil_v5\ARM\ARMCC\Bin\..\lib\armlib\c_w.l(rt_memcpy_w.o)
    0x00000a50   0x00000a50   0x00000080   Code   RO         1512    .text               C:\Keil_v5\ARM\ARMCC\Bin\..\lib\armlib\c_w.l(strcmpv7m.o)
    0x00000ad0   0x00000ad0   0x00000024   Code   RO         1519    .text               C:\Keil_v5\ARM\ARMCC\Bin\..\lib\armlib\c_w.l(init_aeabi.o)
    0x00000af4   0x00000af4   0x00000008   Code   RO         1708    .text               C:\Keil_v5\ARM\ARMCC\Bin\..\lib\armlib\c_w.l(rt_heap_descriptor.o)
    0x00000afc   0x00000afc   0x00000004   Code   RO         1713    .text               C:\Keil_v5\ARM\ARMCC\Bin\..\lib\armlib\c_w.l(hguard.o)
    0x00000b00   0x00000b00   0x0000008a   Code   RO         1715    .text               C:\Keil_v5\ARM\ARMCC\Bin\..\lib\armlib\c_w.l(init_alloc.o)
    0x00000b8a   0x00000b8a   0x0000000e   Code   RO         1719    .text               C:\Keil_v5\ARM\ARMCC\Bin\..\lib\armlib\c_w.l(h1_init.o)
    0x00000b98   0x00000b98   0x00000016   Code   RO         1733    .text               C:\Keil_v5\ARM\ARMCC\Bin\..\lib\armlib\c_w.l(_rserrno.o)
    0x00000bae   0x00000bae   0x0000004e   Code   RO         1735    .text               C:\Keil_v5\ARM\ARMCC\Bin\..\lib\armlib\c_w.l(_printf_pad.o)
    0x00000bfc   0x00000bfc   0x00000024   Code   RO         1737    .text               C:\Keil_v5\ARM\ARMCC\Bin\..\lib\armlib\c_w.l(_printf_truncate.o)
    0x00000c20   0x00000c20   0x000000b2   Code   RO         1739    .text               C:\Keil_v5\ARM\ARMCC\Bin\..\lib\armlib\c_w.l(_printf_intcommon.o)
    0x00000cd2   0x00000cd2   0x00000028   Code   RO         1741    .text               C:\Keil_v5\ARM\ARMCC\Bin\..\lib\armlib\c_w.l(_printf_charcount.o)
    0x00000cfa   0x00000cfa   0x00000002   PAD
    0x00000cfc   0x00000cfc   0x00000030   Code   RO         1743    .text               C:\Keil_v5\ARM\ARMCC\Bin\..\lib\armlib\c_w.l(_printf_char_common.o)
    0x00000d2c   0x00000d2c   0x0000000a   Code   RO         1745    .text               C:\Keil_v5\ARM\ARMCC\Bin\..\lib\armlib\c_w.l(_sputc.o)
    0x00000d36   0x00000d36   0x00000010   Code   RO         1747    .text               C:\Keil_v5\ARM\ARMCC\Bin\..\lib\armlib\c_w.l(_snputc.o)
    0x00000d46   0x00000d46   0x0000002c   Code   RO         1749    .text               C:\Keil_v5\ARM\ARMCC\Bin\..\lib\armlib\c_w.l(_printf_char.o)
    0x00000d72   0x00000d72   0x00000002   PAD
    0x00000d74   0x00000d74   0x00000024   Code   RO         1751    .text               C:\Keil_v5\ARM\ARMCC\Bin\..\lib\armlib\c_w.l(_printf_char_file.o)
    0x00000d98   0x00000d98   0x000000bc   Code   RO         1753    .text               C:\Keil_v5\ARM\ARMCC\Bin\..\lib\armlib\c_w.l(_printf_wctomb.o)
    0x00000e54   0x00000e54   0x0000007c   Code   RO         1756    .text               C:\Keil_v5\ARM\ARMCC\Bin\..\lib\armlib\c_w.l(_printf_longlong_dec.o)
    0x00000ed0   0x00000ed0   0x00000070   Code   RO         1762    .text               C:\Keil_v5\ARM\ARMCC\Bin\..\lib\armlib\c_w.l(_printf_oct_int_ll.o)
    0x00000f40   0x00000f40   0x00000094   Code   RO         1782    .text               C:\Keil_v5\ARM\ARMCC\Bin\..\lib\armlib\c_w.l(_printf_hex_int_ll_ptr.o)
    0x00000fd4   0x00000fd4   0x00000008   Code   RO         1812    .text               C:\Keil_v5\ARM\ARMCC\Bin\..\lib\armlib\c_w.l(ferror.o)
    0x00000fdc   0x00000fdc   0x000000f8   Code   RO         1816    .text               C:\Keil_v5\ARM\ARMCC\Bin\..\lib\armlib\c_w.l(fseek.o)
    0x000010d4   0x000010d4   0x00000046   Code   RO         1818    .text               C:\Keil_v5\ARM\ARMCC\Bin\..\lib\armlib\c_w.l(setvbuf.o)
    0x0000111a   0x0000111a   0x00000002   PAD
    0x0000111c   0x0000111c   0x000000f0   Code   RO         1820    .text               C:\Keil_v5\ARM\ARMCC\Bin\..\lib\armlib\c_w.l(stdio.o)
    0x0000120c   0x0000120c   0x00000138   Code   RO         1823    .text               C:\Keil_v5\ARM\ARMCC\Bin\..\lib\armlib\c_w.l(initio.o)
    0x00001344   0x00001344   0x0000004c   Code   RO         1825    .text               C:\Keil_v5\ARM\ARMCC\Bin\..\lib\armlib\c_w.l(fclose.o)
    0x00001390   0x00001390   0x0000004e   Code   RO         1833    .text               C:\Keil_v5\ARM\ARMCC\Bin\..\lib\armlib\c_w.l(rt_memclr_w.o)
    0x000013de   0x000013de   0x00000034   Code   RO         1963    .text               C:\Keil_v5\ARM\ARMCC\Bin\..\lib\armlib\c_w.l(h1_extend.o)
    0x00001412   0x00001412   0x0000008a   Code   RO         1967    .text               C:\Keil_v5\ARM\ARMCC\Bin\..\lib\armlib\c_w.l(lludiv10.o)
    0x0000149c   0x0000149c   0x0000041e   Code   RO         1971    .text               C:\Keil_v5\ARM\ARMCC\Bin\..\lib\armlib\c_w.l(_printf_fp_dec.o)
    0x000018ba   0x000018ba   0x00000002   PAD
    0x000018bc   0x000018bc   0x000002fc   Code   RO         1973    .text               C:\Keil_v5\ARM\ARMCC\Bin\..\lib\armlib\c_w.l(_printf_fp_hex.o)
    0x00001bb8   0x00001bb8   0x0000002c   Code   RO         1978    .text               C:\Keil_v5\ARM\ARMCC\Bin\..\lib\armlib\c_w.l(_printf_wchar.o)
    0x00001be4   0x00001be4   0x00000042   Code   RO         1986    .text               C:\Keil_v5\ARM\ARMCC\Bin\..\lib\armlib\c_w.l(ftell.o)
    0x00001c26   0x00001c26   0x00000040   Code   RO         2004    .text               C:\Keil_v5\ARM\ARMCC\Bin\..\lib\armlib\c_w.l(_wcrtomb.o)
    0x00001c66   0x00001c66   0x0000000e   Code   RO         2006    .text               C:\Keil_v5\ARM\ARMCC\Bin\..\lib\armlib\c_w.l(defsig_rtred_outer.o)
    0x00001c74   0x00001c74   0x0000000e   Code   RO         2010    .text               C:\Keil_v5\ARM\ARMCC\Bin\..\lib\armlib\c_w.l(defsig_rtmem_outer.o)
    0x00001c82   0x00001c82   0x00000002   PAD
    0x00001c84   0x00001c84   0x00000050   Code   RO         2014    .text               C:\Keil_v5\ARM\ARMCC\Bin\..\lib\armlib\c_w.l(heapauxa.o)
    0x00001cd4   0x00001cd4   0x00000010   Code   RO         2058    .text               C:\Keil_v5\ARM\ARMCC\Bin\..\lib\armlib\c_w.l(rt_ctype_table.o)
    0x00001ce4   0x00001ce4   0x00000008   Code   RO         2062    .text               C:\Keil_v5\ARM\ARMCC\Bin\..\lib\armlib\c_w.l(rt_locale.o)
    0x00001cec   0x00001cec   0x00000080   Code   RO         2074    .text               C:\Keil_v5\ARM\ARMCC\Bin\..\lib\armlib\c_w.l(_printf_fp_infnan.o)
    0x00001d6c   0x00001d6c   0x000000e4   Code   RO         2076    .text               C:\Keil_v5\ARM\ARMCC\Bin\..\lib\armlib\c_w.l(bigflt0.o)
    0x00001e50   0x00001e50   0x000001d6   Code   RO         2101    .text               C:\Keil_v5\ARM\ARMCC\Bin\..\lib\armlib\c_w.l(flsbuf.o)
    0x00002026   0x00002026   0x0000000a   Code   RO         2108    .text               C:\Keil_v5\ARM\ARMCC\Bin\..\lib\armlib\c_w.l(defsig_exit.o)
    0x00002030   0x00002030   0x00000034   Code   RO         2114    .text               C:\Keil_v5\ARM\ARMCC\Bin\..\lib\armlib\c_w.l(defsig_rtred_inner.o)
    0x00002064   0x00002064   0x00000050   Code   RO         2116    .text               C:\Keil_v5\ARM\ARMCC\Bin\..\lib\armlib\c_w.l(defsig_rtmem_inner.o)
    0x000020b4   0x000020b4   0x0000000c   Code   RO         2137    .text               C:\Keil_v5\ARM\ARMCC\Bin\..\lib\armlib\c_w.l(sys_exit.o)
    0x000020c0   0x000020c0   0x00000032   Code   RO         2154    .text               C:\Keil_v5\ARM\ARMCC\Bin\..\lib\armlib\c_w.l(defsig_general.o)
    0x000020f2   0x000020f2   0x0000000e   Code   RO         2166    .text               C:\Keil_v5\ARM\ARMCC\Bin\..\lib\armlib\c_w.l(sys_wrch.o)
    0x00002100   0x00002100   0x00000002   Code   RO         2168    .text               C:\Keil_v5\ARM\ARMCC\Bin\..\lib\armlib\c_w.l(use_no_semi.o)
    0x00002102   0x00002102   0x00000000   Code   RO         2170    .text               C:\Keil_v5\ARM\ARMCC\Bin\..\lib\armlib\c_w.l(indicate_semi.o)
    0x00002102   0x00002102   0x0000003e   Code   RO         2079    CL$$btod_d2e        C:\Keil_v5\ARM\ARMCC\Bin\..\lib\armlib\c_w.l(btod.o)
    0x00002140   0x00002140   0x00000046   Code   RO         2081    CL$$btod_d2e_denorm_low  C:\Keil_v5\ARM\ARMCC\Bin\..\lib\armlib\c_w.l(btod.o)
    0x00002186   0x00002186   0x00000060   Code   RO         2080    CL$$btod_d2e_norm_op1  C:\Keil_v5\ARM\ARMCC\Bin\..\lib\armlib\c_w.l(btod.o)
    0x000021e6   0x000021e6   0x00000338   Code   RO         2089    CL$$btod_div_common  C:\Keil_v5\ARM\ARMCC\Bin\..\lib\armlib\c_w.l(btod.o)
    0x0000251e   0x0000251e   0x000000dc   Code   RO         2086    CL$$btod_e2e        C:\Keil_v5\ARM\ARMCC\Bin\..\lib\armlib\c_w.l(btod.o)
    0x000025fa   0x000025fa   0x0000002a   Code   RO         2083    CL$$btod_ediv       C:\Keil_v5\ARM\ARMCC\Bin\..\lib\armlib\c_w.l(btod.o)
    0x00002624   0x00002624   0x0000002a   Code   RO         2082    CL$$btod_emul       C:\Keil_v5\ARM\ARMCC\Bin\..\lib\armlib\c_w.l(btod.o)
    0x0000264e   0x0000264e   0x00000244   Code   RO         2088    CL$$btod_mult_common  C:\Keil_v5\ARM\ARMCC\Bin\..\lib\armlib\c_w.l(btod.o)
    0x00002892   0x00002892   0x0000000e   Code   RO          820    i.$Sub$$main        mbed/TARGET_LPC1768/TOOLCHAIN_ARM_STD/mbed_sdk_boot.o
    0x000028a0   0x000028a0   0x000000a0   Code   RO         1006    i.SystemInit        mbed/TARGET_LPC1768/TOOLCHAIN_ARM_STD/system_LPC17xx.o
    0x00002940   0x00002940   0x0000006c   Code   RO            4    i._Z10GetAxisAcci   .\build\main.o
    0x000029ac   0x000029ac   0x00000088   Code   RO            5    i._Z14CalculateAnglef  .\build\main.o
    0x00002a34   0x00002a34   0x0000002c   Code   RO         1035    i._ZN4mbed3I2C4lockEv  mbed/TARGET_LPC1768/TOOLCHAIN_ARM_STD/mbed.ar(I2C.o)
    0x00002a60   0x00002a60   0x0000006c   Code   RO         1037    i._ZN4mbed3I2C4readEiPcib  mbed/TARGET_LPC1768/TOOLCHAIN_ARM_STD/mbed.ar(I2C.o)
    0x00002acc   0x00002acc   0x0000006c   Code   RO         1041    i._ZN4mbed3I2C5writeEiPKcib  mbed/TARGET_LPC1768/TOOLCHAIN_ARM_STD/mbed.ar(I2C.o)
    0x00002b38   0x00002b38   0x0000002c   Code   RO         1043    i._ZN4mbed3I2C6unlockEv  mbed/TARGET_LPC1768/TOOLCHAIN_ARM_STD/mbed.ar(I2C.o)
    0x00002b64   0x00002b64   0x0000002c   Code   RO         1045    i._ZN4mbed3I2CC1E7PinNameS1_  mbed/TARGET_LPC1768/TOOLCHAIN_ARM_STD/mbed.ar(I2C.o)
    0x00002b90   0x00002b90   0x00000002   Code   RO         1083    i._ZN4mbed3I2CD1Ev  mbed/TARGET_LPC1768/TOOLCHAIN_ARM_STD/mbed.ar(I2C.o)
    0x00002b92   0x00002b92   0x00000004   Code   RO         1334    i._ZN4mbed8FileBase11getPathTypeEv  mbed/TARGET_LPC1768/TOOLCHAIN_ARM_STD/mbed.ar(FileBase.o)
    0x00002b96   0x00002b96   0x00000002   PAD
    0x00002b98   0x00002b98   0x0000006c   Code   RO         1336    i._ZN4mbed8FileBase6lookupEPKcj  mbed/TARGET_LPC1768/TOOLCHAIN_ARM_STD/mbed.ar(FileBase.o)
    0x00002c04   0x00002c04   0x0000001e   Code   RO         1170    i._ZN4mbed8FilePath10fileSystemEv  mbed/TARGET_LPC1768/TOOLCHAIN_ARM_STD/mbed.ar(FilePath.o)
    0x00002c22   0x00002c22   0x0000001c   Code   RO         1172    i._ZN4mbed8FilePath4fileEv  mbed/TARGET_LPC1768/TOOLCHAIN_ARM_STD/mbed.ar(FilePath.o)
    0x00002c3e   0x00002c3e   0x0000000a   Code   RO         1173    i._ZN4mbed8FilePath6existsEv  mbed/TARGET_LPC1768/TOOLCHAIN_ARM_STD/mbed.ar(FilePath.o)
    0x00002c48   0x00002c48   0x00000018   Code   RO         1174    i._ZN4mbed8FilePath6isFileEv  mbed/TARGET_LPC1768/TOOLCHAIN_ARM_STD/mbed.ar(FilePath.o)
    0x00002c60   0x00002c60   0x00000004   Code   RO         1175    i._ZN4mbed8FilePath8fileNameEv  mbed/TARGET_LPC1768/TOOLCHAIN_ARM_STD/mbed.ar(FilePath.o)
    0x00002c64   0x00002c64   0x00000040   Code   RO         1176    i._ZN4mbed8FilePathC1EPKc  mbed/TARGET_LPC1768/TOOLCHAIN_ARM_STD/mbed.ar(FilePath.o)
    0x00002ca4   0x00002ca4   0x00000028   Code   RO         2135    i.__ARM_fpclassify  C:\Keil_v5\ARM\ARMCC\Bin\..\lib\armlib\m_ws.l(fpclassify.o)
    0x00002ccc   0x00002ccc   0x00000004   Code   RO          682    i.__aeabi_atexit    mbed/TARGET_LPC1768/TOOLCHAIN_ARM_STD/mbed_retarget.o
    0x00002cd0   0x00002cd0   0x00000006   Code   RO         1921    i.__mathlib_flt_infnan  C:\Keil_v5\ARM\ARMCC\Bin\..\lib\armlib\m_ws.l(funder.o)
    0x00002cd6   0x00002cd6   0x00000008   Code   RO         1923    i.__mathlib_flt_invalid  C:\Keil_v5\ARM\ARMCC\Bin\..\lib\armlib\m_ws.l(funder.o)
    0x00002cde   0x00002cde   0x00000002   PAD
    0x00002ce0   0x00002ce0   0x00000028   Code   RO            7    i.__sti___8_main_cpp_pinmode0  .\build\main.o
    0x00002d08   0x00002d08   0x00000008   Code   RO          685    i.__user_setup_stackheap  mbed/TARGET_LPC1768/TOOLCHAIN_ARM_STD/mbed_retarget.o
    0x00002d10   0x00002d10   0x0000000e   Code   RO         1461    i._is_digit         C:\Keil_v5\ARM\ARMCC\Bin\..\lib\armlib\c_w.l(__printf_wp.o)
    0x00002d1e   0x00002d1e   0x00000002   PAD
    0x00002d20   0x00002d20   0x00000010   Code   RO          686    i._mbed_user_setup_stackheap  mbed/TARGET_LPC1768/TOOLCHAIN_ARM_STD/mbed_retarget.o
    0x00002d30   0x00002d30   0x0000001c   Code   RO          821    i._platform_post_stackheap_init  mbed/TARGET_LPC1768/TOOLCHAIN_ARM_STD/mbed_sdk_boot.o
    0x00002d4c   0x00002d4c   0x0000004c   Code   RO          687    i._sys_close        mbed/TARGET_LPC1768/TOOLCHAIN_ARM_STD/mbed_retarget.o
    0x00002d98   0x00002d98   0x0000004c   Code   RO          690    i._sys_flen         mbed/TARGET_LPC1768/TOOLCHAIN_ARM_STD/mbed_retarget.o
    0x00002de4   0x00002de4   0x00000040   Code   RO          691    i._sys_istty        mbed/TARGET_LPC1768/TOOLCHAIN_ARM_STD/mbed_retarget.o
    0x00002e24   0x00002e24   0x00000208   Code   RO          692    i._sys_open         mbed/TARGET_LPC1768/TOOLCHAIN_ARM_STD/mbed_retarget.o
    0x0000302c   0x0000302c   0x00000050   Code   RO          694    i._sys_seek         mbed/TARGET_LPC1768/TOOLCHAIN_ARM_STD/mbed_retarget.o
    0x0000307c   0x0000307c   0x00000080   Code   RO          695    i._sys_write        mbed/TARGET_LPC1768/TOOLCHAIN_ARM_STD/mbed_retarget.o
    0x000030fc   0x000030fc   0x0000011c   Code   RO         1687    i.acosf             C:\Keil_v5\ARM\ARMCC\Bin\..\lib\armlib\m_ws.l(acosf.o)
    0x00003218   0x00003218   0x000000c8   Code   RO         1234    i.core_util_critical_section_enter  mbed/TARGET_LPC1768/TOOLCHAIN_ARM_STD/mbed.ar(mbed_critical.o)
    0x000032e0   0x000032e0   0x00000094   Code   RO         1235    i.core_util_critical_section_exit  mbed/TARGET_LPC1768/TOOLCHAIN_ARM_STD/mbed.ar(mbed_critical.o)
    0x00003374   0x00003374   0x00000028   Code   RO         1212    i.error             mbed/TARGET_LPC1768/TOOLCHAIN_ARM_STD/mbed.ar(mbed_error.o)
    0x0000339c   0x0000339c   0x0000002c   Code   RO          698    i.exit              mbed/TARGET_LPC1768/TOOLCHAIN_ARM_STD/mbed_retarget.o
    0x000033c8   0x000033c8   0x0000001a   Code   RO         1983    i.fputc             C:\Keil_v5\ARM\ARMCC\Bin\..\lib\armlib\c_w.l(fputc.o)
    0x000033e2   0x000033e2   0x00000002   PAD
    0x000033e4   0x000033e4   0x00000008   Code   RO         1131    i.get_us_ticker_data  mbed/TARGET_LPC1768/TOOLCHAIN_ARM_STD/mbed.ar(mbed_us_ticker_api.o)
    0x000033ec   0x000033ec   0x00000054   Code   RO          587    i.gpio_dir          mbed/TARGET_LPC1768/TOOLCHAIN_ARM_STD/gpio_api.o
    0x00003440   0x00003440   0x0000003a   Code   RO          588    i.gpio_init         mbed/TARGET_LPC1768/TOOLCHAIN_ARM_STD/gpio_api.o
    0x0000347a   0x0000347a   0x00000028   Code   RO         1096    i.gpio_init_in      mbed/TARGET_LPC1768/TOOLCHAIN_ARM_STD/mbed.ar(mbed_gpio.o)
    0x000034a2   0x000034a2   0x00000002   PAD
    0x000034a4   0x000034a4   0x00000048   Code   RO         1099    i.gpio_init_out     mbed/TARGET_LPC1768/TOOLCHAIN_ARM_STD/mbed.ar(mbed_gpio.o)
    0x000034ec   0x000034ec   0x00000068   Code   RO         1100    i.gpio_init_out_ex  mbed/TARGET_LPC1768/TOOLCHAIN_ARM_STD/mbed.ar(mbed_gpio.o)
    0x00003554   0x00003554   0x00000006   Code   RO          589    i.gpio_mode         mbed/TARGET_LPC1768/TOOLCHAIN_ARM_STD/gpio_api.o
    0x0000355a   0x0000355a   0x00000002   PAD
    0x0000355c   0x0000355c   0x0000001c   Code   RO          624    i.i2c_frequency     mbed/TARGET_LPC1768/TOOLCHAIN_ARM_STD/i2c_api.o
    0x00003578   0x00003578   0x000000d8   Code   RO          625    i.i2c_init          mbed/TARGET_LPC1768/TOOLCHAIN_ARM_STD/i2c_api.o
    0x00003650   0x00003650   0x00000178   Code   RO          626    i.i2c_read          mbed/TARGET_LPC1768/TOOLCHAIN_ARM_STD/i2c_api.o
    0x000037c8   0x000037c8   0x00000038   Code   RO          653    i.i2c_stop          mbed/TARGET_LPC1768/TOOLCHAIN_ARM_STD/i2c_api.o
    0x00003800   0x00003800   0x00000128   Code   RO          633    i.i2c_write         mbed/TARGET_LPC1768/TOOLCHAIN_ARM_STD/i2c_api.o
    0x00003928   0x00003928   0x000001d4   Code   RO            8    i.main              .\build\main.o
    0x00003afc   0x00003afc   0x00000054   Code   RO         1197    i.mbed_assert_internal  mbed/TARGET_LPC1768/TOOLCHAIN_ARM_STD/mbed.ar(mbed_assert.o)
    0x00003b50   0x00003b50   0x000000bc   Code   RO          658    i.mbed_die          mbed/TARGET_LPC1768/TOOLCHAIN_ARM_STD/mbed_board.o
    0x00003c0c   0x00003c0c   0x00000058   Code   RO          659    i.mbed_error_printf  mbed/TARGET_LPC1768/TOOLCHAIN_ARM_STD/mbed_board.o
    0x00003c64   0x00003c64   0x00000054   Code   RO          660    i.mbed_error_vfprintf  mbed/TARGET_LPC1768/TOOLCHAIN_ARM_STD/mbed_board.o
    0x00003cb8   0x00003cb8   0x00000004   Code   RO         1260    i.mbed_interface_connected  mbed/TARGET_LPC1768/TOOLCHAIN_ARM_STD/mbed.ar(mbed_interface.o)
    0x00003cbc   0x00003cbc   0x00000002   Code   RO          823    i.mbed_main         mbed/TARGET_LPC1768/TOOLCHAIN_ARM_STD/mbed_sdk_boot.o
    0x00003cbe   0x00003cbe   0x00000002   Code   RO          824    i.mbed_sdk_init     mbed/TARGET_LPC1768/TOOLCHAIN_ARM_STD/mbed_sdk_boot.o
    0x00003cc0   0x00003cc0   0x0000005c   Code   RO          838    i.pin_function      mbed/TARGET_LPC1768/TOOLCHAIN_ARM_STD/pinmap.o
    0x00003d1c   0x00003d1c   0x00000090   Code   RO          839    i.pin_mode          mbed/TARGET_LPC1768/TOOLCHAIN_ARM_STD/pinmap.o
    0x00003dac   0x00003dac   0x00000022   Code   RO         1114    i.pinmap_find_peripheral  mbed/TARGET_LPC1768/TOOLCHAIN_ARM_STD/mbed.ar(mbed_pinmap_common.o)
    0x00003dce   0x00003dce   0x00000002   PAD
    0x00003dd0   0x00003dd0   0x0000003c   Code   RO         1116    i.pinmap_merge      mbed/TARGET_LPC1768/TOOLCHAIN_ARM_STD/mbed.ar(mbed_pinmap_common.o)
    0x00003e0c   0x00003e0c   0x0000005c   Code   RO         1117    i.pinmap_peripheral  mbed/TARGET_LPC1768/TOOLCHAIN_ARM_STD/mbed.ar(mbed_pinmap_common.o)
    0x00003e68   0x00003e68   0x00000058   Code   RO         1118    i.pinmap_pinout     mbed/TARGET_LPC1768/TOOLCHAIN_ARM_STD/mbed.ar(mbed_pinmap_common.o)
    0x00003ec0   0x00003ec0   0x00000066   Code   RO         1144    i.schedule_interrupt  mbed/TARGET_LPC1768/TOOLCHAIN_ARM_STD/mbed.ar(mbed_ticker_api.o)
    0x00003f26   0x00003f26   0x00000002   PAD
    0x00003f28   0x00003f28   0x00000010   Code   RO         1283    i.semihost_connected  mbed/TARGET_LPC1768/TOOLCHAIN_ARM_STD/mbed.ar(mbed_semihost_api.o)
    0x00003f38   0x00003f38   0x0000000c   Code   RO         1286    i.semihost_exit     mbed/TARGET_LPC1768/TOOLCHAIN_ARM_STD/mbed.ar(mbed_semihost_api.o)
    0x00003f44   0x00003f44   0x000001c4   Code   RO          912    i.serial_baud       mbed/TARGET_LPC1768/TOOLCHAIN_ARM_STD/serial_api.o
    0x00004108   0x00004108   0x00000180   Code   RO          919    i.serial_init       mbed/TARGET_LPC1768/TOOLCHAIN_ARM_STD/serial_api.o
    0x00004288   0x00004288   0x000000f8   Code   RO          922    i.serial_irq_set_internal  mbed/TARGET_LPC1768/TOOLCHAIN_ARM_STD/serial_api.o
    0x00004380   0x00004380   0x00000068   Code   RO          924    i.serial_putc       mbed/TARGET_LPC1768/TOOLCHAIN_ARM_STD/serial_api.o
    0x000043e8   0x000043e8   0x0000010c   Code   RO          926    i.serial_set_flow_control  mbed/TARGET_LPC1768/TOOLCHAIN_ARM_STD/serial_api.o
    0x000044f4   0x000044f4   0x0000002c   Code   RO         1935    i.sqrtf             C:\Keil_v5\ARM\ARMCC\Bin\..\lib\armlib\m_ws.l(sqrtf.o)
    0x00004520   0x00004520   0x0000005c   Code   RO         1148    i.ticker_irq_handler  mbed/TARGET_LPC1768/TOOLCHAIN_ARM_STD/mbed.ar(mbed_ticker_api.o)
    0x0000457c   0x0000457c   0x0000003e   Code   RO         1149    i.ticker_read       mbed/TARGET_LPC1768/TOOLCHAIN_ARM_STD/mbed.ar(mbed_ticker_api.o)
    0x000045ba   0x000045ba   0x00000002   PAD
    0x000045bc   0x000045bc   0x00000014   Code   RO          928    i.uart0_irq         mbed/TARGET_LPC1768/TOOLCHAIN_ARM_STD/serial_api.o
    0x000045d0   0x000045d0   0x00000014   Code   RO          929    i.uart1_irq         mbed/TARGET_LPC1768/TOOLCHAIN_ARM_STD/serial_api.o
    0x000045e4   0x000045e4   0x00000014   Code   RO          930    i.uart2_irq         mbed/TARGET_LPC1768/TOOLCHAIN_ARM_STD/serial_api.o
    0x000045f8   0x000045f8   0x00000014   Code   RO          931    i.uart3_irq         mbed/TARGET_LPC1768/TOOLCHAIN_ARM_STD/serial_api.o
    0x0000460c   0x0000460c   0x00000068   Code   RO          932    i.uart_irq          mbed/TARGET_LPC1768/TOOLCHAIN_ARM_STD/serial_api.o
    0x00004674   0x00004674   0x00000028   Code   RO         1153    i.update_present_time  mbed/TARGET_LPC1768/TOOLCHAIN_ARM_STD/mbed.ar(mbed_ticker_api.o)
    0x0000469c   0x0000469c   0x0000000c   Code   RO         1016    i.us_ticker_clear_interrupt  mbed/TARGET_LPC1768/TOOLCHAIN_ARM_STD/us_ticker.o
    0x000046a8   0x000046a8   0x00000010   Code   RO         1017    i.us_ticker_disable_interrupt  mbed/TARGET_LPC1768/TOOLCHAIN_ARM_STD/us_ticker.o
    0x000046b8   0x000046b8   0x0000000c   Code   RO         1018    i.us_ticker_fire_interrupt  mbed/TARGET_LPC1768/TOOLCHAIN_ARM_STD/us_ticker.o
    0x000046c4   0x000046c4   0x00000068   Code   RO         1019    i.us_ticker_init    mbed/TARGET_LPC1768/TOOLCHAIN_ARM_STD/us_ticker.o
    0x0000472c   0x0000472c   0x0000000c   Code   RO         1132    i.us_ticker_irq_handler  mbed/TARGET_LPC1768/TOOLCHAIN_ARM_STD/mbed.ar(mbed_us_ticker_api.o)
    0x00004738   0x00004738   0x00000064   Code   RO         1020    i.us_ticker_read    mbed/TARGET_LPC1768/TOOLCHAIN_ARM_STD/us_ticker.o
    0x0000479c   0x0000479c   0x00000014   Code   RO         1021    i.us_ticker_set_interrupt  mbed/TARGET_LPC1768/TOOLCHAIN_ARM_STD/us_ticker.o
    0x000047b0   0x000047b0   0x0000002c   Code   RO         1322    i.wait              mbed/TARGET_LPC1768/TOOLCHAIN_ARM_STD/mbed.ar(mbed_wait_api_no_rtos.o)
    0x000047dc   0x000047dc   0x00000024   Code   RO         1323    i.wait_ms           mbed/TARGET_LPC1768/TOOLCHAIN_ARM_STD/mbed.ar(mbed_wait_api_no_rtos.o)
    0x00004800   0x00004800   0x0000002c   Code   RO         2104    locale$$code        C:\Keil_v5\ARM\ARMCC\Bin\..\lib\armlib\c_w.l(lc_numeric_c.o)
    0x0000482c   0x0000482c   0x0000002c   Code   RO         2150    locale$$code        C:\Keil_v5\ARM\ARMCC\Bin\..\lib\armlib\c_w.l(lc_ctype_c.o)
    0x00004858   0x00004858   0x0000002c   Code   RO         1361    t._ZN12SingletonPtrI13PlatformMutexEptEv  mbed/TARGET_LPC1768/TOOLCHAIN_ARM_STD/mbed.ar(FileBase.o)
    0x00004884   0x00004884   0x00000062   Code   RO         1628    x$fpl$d2f           C:\Keil_v5\ARM\ARMCC\Bin\..\lib\armlib\fz_ws.l(d2f.o)
    0x000048e6   0x000048e6   0x00000002   PAD
    0x000048e8   0x000048e8   0x00000150   Code   RO         1630    x$fpl$dadd          C:\Keil_v5\ARM\ARMCC\Bin\..\lib\armlib\fz_ws.l(daddsub_clz.o)
    0x00004a38   0x00004a38   0x00000018   Code   RO         2050    x$fpl$dcmpinf       C:\Keil_v5\ARM\ARMCC\Bin\..\lib\armlib\fz_ws.l(dcmpi.o)
    0x00004a50   0x00004a50   0x000002b0   Code   RO         1637    x$fpl$ddiv          C:\Keil_v5\ARM\ARMCC\Bin\..\lib\armlib\fz_ws.l(ddiv.o)
    0x00004d00   0x00004d00   0x0000005e   Code   RO         1640    x$fpl$dfix          C:\Keil_v5\ARM\ARMCC\Bin\..\lib\armlib\fz_ws.l(dfix.o)
    0x00004d5e   0x00004d5e   0x0000002e   Code   RO         1645    x$fpl$dflt          C:\Keil_v5\ARM\ARMCC\Bin\..\lib\armlib\fz_ws.l(dflt_clz.o)
    0x00004d8c   0x00004d8c   0x00000078   Code   RO         1897    x$fpl$dleqf         C:\Keil_v5\ARM\ARMCC\Bin\..\lib\armlib\fz_ws.l(dleqf.o)
    0x00004e04   0x00004e04   0x00000154   Code   RO         1650    x$fpl$dmul          C:\Keil_v5\ARM\ARMCC\Bin\..\lib\armlib\fz_ws.l(dmul.o)
    0x00004f58   0x00004f58   0x0000009c   Code   RO         1899    x$fpl$dnaninf       C:\Keil_v5\ARM\ARMCC\Bin\..\lib\armlib\fz_ws.l(dnaninf.o)
    0x00004ff4   0x00004ff4   0x0000000c   Code   RO         1901    x$fpl$dretinf       C:\Keil_v5\ARM\ARMCC\Bin\..\lib\armlib\fz_ws.l(dretinf.o)
    0x00005000   0x00005000   0x0000006c   Code   RO         1652    x$fpl$drleqf        C:\Keil_v5\ARM\ARMCC\Bin\..\lib\armlib\fz_ws.l(drleqf.o)
    0x0000506c   0x0000506c   0x000001d4   Code   RO         1632    x$fpl$dsub          C:\Keil_v5\ARM\ARMCC\Bin\..\lib\armlib\fz_ws.l(daddsub_clz.o)
    0x00005240   0x00005240   0x00000056   Code   RO         1654    x$fpl$f2d           C:\Keil_v5\ARM\ARMCC\Bin\..\lib\armlib\fz_ws.l(f2d.o)
    0x00005296   0x00005296   0x00000002   PAD
    0x00005298   0x00005298   0x000000c4   Code   RO         1656    x$fpl$fadd          C:\Keil_v5\ARM\ARMCC\Bin\..\lib\armlib\fz_ws.l(faddsub_clz.o)
    0x0000535c   0x0000535c   0x0000000c   Code   RO         2052    x$fpl$fcheck1       C:\Keil_v5\ARM\ARMCC\Bin\..\lib\armlib\fz_ws.l(fcheck1.o)
    0x00005368   0x00005368   0x00000018   Code   RO         1903    x$fpl$fcmpinf       C:\Keil_v5\ARM\ARMCC\Bin\..\lib\armlib\fz_ws.l(fcmpi.o)
    0x00005380   0x00005380   0x00000184   Code   RO         1663    x$fpl$fdiv          C:\Keil_v5\ARM\ARMCC\Bin\..\lib\armlib\fz_ws.l(fdiv.o)
    0x00005504   0x00005504   0x00000036   Code   RO         1666    x$fpl$ffix          C:\Keil_v5\ARM\ARMCC\Bin\..\lib\armlib\fz_ws.l(ffix.o)
    0x0000553a   0x0000553a   0x00000002   PAD
    0x0000553c   0x0000553c   0x00000068   Code   RO         1680    x$fpl$fleqf         C:\Keil_v5\ARM\ARMCC\Bin\..\lib\armlib\fz_ws.l(fleqf.o)
    0x000055a4   0x000055a4   0x00000102   Code   RO         1682    x$fpl$fmul          C:\Keil_v5\ARM\ARMCC\Bin\..\lib\armlib\fz_ws.l(fmul.o)
    0x000056a6   0x000056a6   0x0000008c   Code   RO         1905    x$fpl$fnaninf       C:\Keil_v5\ARM\ARMCC\Bin\..\lib\armlib\fz_ws.l(fnaninf.o)
    0x00005732   0x00005732   0x0000000a   Code   RO         1907    x$fpl$fretinf       C:\Keil_v5\ARM\ARMCC\Bin\..\lib\armlib\fz_ws.l(fretinf.o)
    0x0000573c   0x0000573c   0x00000062   Code   RO         1684    x$fpl$frleqf        C:\Keil_v5\ARM\ARMCC\Bin\..\lib\armlib\fz_ws.l(frleqf.o)
    0x0000579e   0x0000579e   0x00000014   Code   RO         1657    x$fpl$frsb          C:\Keil_v5\ARM\ARMCC\Bin\..\lib\armlib\fz_ws.l(faddsub_clz.o)
    0x000057b2   0x000057b2   0x00000002   PAD
    0x000057b4   0x000057b4   0x00000110   Code   RO         2056    x$fpl$fsqrt         C:\Keil_v5\ARM\ARMCC\Bin\..\lib\armlib\fz_ws.l(fsqrt.o)
    0x000058c4   0x000058c4   0x000000ea   Code   RO         1658    x$fpl$fsub          C:\Keil_v5\ARM\ARMCC\Bin\..\lib\armlib\fz_ws.l(faddsub_clz.o)
    0x000059ae   0x000059ae   0x00000004   Code   RO         1909    x$fpl$printf1       C:\Keil_v5\ARM\ARMCC\Bin\..\lib\armlib\fz_ws.l(printf1.o)
    0x000059b2   0x000059b2   0x00000004   Code   RO         1911    x$fpl$printf2       C:\Keil_v5\ARM\ARMCC\Bin\..\lib\armlib\fz_ws.l(printf2.o)
    0x000059b6   0x000059b6   0x00000064   Code   RO         2133    x$fpl$retnan        C:\Keil_v5\ARM\ARMCC\Bin\..\lib\armlib\fz_ws.l(retnan.o)
    0x00005a1a   0x00005a1a   0x0000004c   Code   RO         1917    x$fpl$scalbnf       C:\Keil_v5\ARM\ARMCC\Bin\..\lib\armlib\fz_ws.l(scalbnf.o)
    0x00005a66   0x00005a66   0x00000030   Code   RO         2164    x$fpl$trapveneer    C:\Keil_v5\ARM\ARMCC\Bin\..\lib\armlib\fz_ws.l(trapv.o)
    0x00005a96   0x00005a96   0x00000000   Code   RO         1919    x$fpl$usenofp       C:\Keil_v5\ARM\ARMCC\Bin\..\lib\armlib\fz_ws.l(usenofp.o)
    0x00005a96   0x00005a96   0x00000002   PAD
    0x00005a98   0x00005a98   0x00000098   Data   RO          634    .constdata          mbed/TARGET_LPC1768/TOOLCHAIN_ARM_STD/i2c_api.o
    0x00005b30   0x00005b30   0x00000017   Data   RO          750    .constdata          mbed/TARGET_LPC1768/TOOLCHAIN_ARM_STD/mbed_retarget.o
    0x00005b47   0x00005b47   0x00000001   PAD
    0x00005b48   0x00005b48   0x00000120   Data   RO          934    .constdata          mbed/TARGET_LPC1768/TOOLCHAIN_ARM_STD/serial_api.o
    0x00005c68   0x00005c68   0x00000018   Data   RO         1134    .constdata          mbed/TARGET_LPC1768/TOOLCHAIN_ARM_STD/mbed.ar(mbed_us_ticker_api.o)
    0x00005c80   0x00005c80   0x00000008   Data   RO         1135    .constdata          mbed/TARGET_LPC1768/TOOLCHAIN_ARM_STD/mbed.ar(mbed_us_ticker_api.o)
    0x00005c88   0x00005c88   0x00000011   Data   RO         1469    .constdata          C:\Keil_v5\ARM\ARMCC\Bin\..\lib\armlib\c_w.l(__printf_flags_ss_wp.o)
    0x00005c99   0x00005c99   0x00000003   PAD
    0x00005c9c   0x00005c9c   0x00000008   Data   RO         1754    .constdata          C:\Keil_v5\ARM\ARMCC\Bin\..\lib\armlib\c_w.l(_printf_wctomb.o)
    0x00005ca4   0x00005ca4   0x00000028   Data   RO         1783    .constdata          C:\Keil_v5\ARM\ARMCC\Bin\..\lib\armlib\c_w.l(_printf_hex_int_ll_ptr.o)
    0x00005ccc   0x00005ccc   0x00000026   Data   RO         1974    .constdata          C:\Keil_v5\ARM\ARMCC\Bin\..\lib\armlib\c_w.l(_printf_fp_hex.o)
    0x00005cf2   0x00005cf2   0x00000002   PAD
    0x00005cf4   0x00005cf4   0x00000094   Data   RO         2077    .constdata          C:\Keil_v5\ARM\ARMCC\Bin\..\lib\armlib\c_w.l(bigflt0.o)
    0x00005d88   0x00005d88   0x00000018   Data   RO         1081    .constdata__ZTVN4mbed3I2CE  mbed/TARGET_LPC1768/TOOLCHAIN_ARM_STD/mbed.ar(I2C.o)
    0x00005da0   0x00005da0   0x00000014   Data   RO          815    .constdata__ZZN12SingletonPtrI13PlatformMutexE3getEvEs  mbed/TARGET_LPC1768/TOOLCHAIN_ARM_STD/mbed_retarget.o
    0x00005db4   0x00005db4   0x00000048   Data   RO          816    .constdata__ZZN12SingletonPtrI13PlatformMutexE3getEvEs_0  mbed/TARGET_LPC1768/TOOLCHAIN_ARM_STD/mbed_retarget.o
    0x00005dfc   0x00005dfc   0x00000052   Data   RO          591    .conststring        mbed/TARGET_LPC1768/TOOLCHAIN_ARM_STD/gpio_api.o
    0x00005e4e   0x00005e4e   0x00000002   PAD
    0x00005e50   0x00005e50   0x00000051   Data   RO          635    .conststring        mbed/TARGET_LPC1768/TOOLCHAIN_ARM_STD/i2c_api.o
    0x00005ea1   0x00005ea1   0x00000003   PAD
    0x00005ea4   0x00005ea4   0x00000067   Data   RO          661    .conststring        mbed/TARGET_LPC1768/TOOLCHAIN_ARM_STD/mbed_board.o
    0x00005f0b   0x00005f0b   0x00000001   PAD
    0x00005f0c   0x00005f0c   0x00000050   Data   RO          840    .conststring        mbed/TARGET_LPC1768/TOOLCHAIN_ARM_STD/pinmap.o
    0x00005f5c   0x00005f5c   0x00000054   Data   RO          935    .conststring        mbed/TARGET_LPC1768/TOOLCHAIN_ARM_STD/serial_api.o
    0x00005fb0   0x00005fb0   0x00000020   Data   RO         2189    Region$$Table       anon$$obj.o
    0x00005fd0   0x00005fd0   0x0000001c   Data   RO         2103    locale$$data        C:\Keil_v5\ARM\ARMCC\Bin\..\lib\armlib\c_w.l(lc_numeric_c.o)
    0x00005fec   0x00005fec   0x00000110   Data   RO         2149    locale$$data        C:\Keil_v5\ARM\ARMCC\Bin\..\lib\armlib\c_w.l(lc_ctype_c.o)
    0x000060fc   0x000060fc   0x00000004   Data   RO           16    .init_array         .\build\main.o
    0x00006100   0x000060fc   0x00000000   Data   RO         1517    .init_array         C:\Keil_v5\ARM\ARMCC\Bin\..\lib\armlib\c_w.l(init_aeabi.o)


    Execution Region RW_IRAM1 (Exec base: 0x100000c8, Load base: 0x00006100, Size: 0x000003e8, Max: 0x00007f18, ABSOLUTE)

    Exec Addr    Load Addr    Size         Type   Attr      Idx    E Section Name        Object

    0x100000c8   0x00006100   0x0000002c   Data   RW           15    .data               .\build\main.o
    0x100000f4   0x0000612c   0x00000010   Data   RW          753    .data               mbed/TARGET_LPC1768/TOOLCHAIN_ARM_STD/mbed_retarget.o
    0x10000104   0x0000613c   0x00000010   Data   RW          936    .data               mbed/TARGET_LPC1768/TOOLCHAIN_ARM_STD/serial_api.o
    0x10000114   0x0000614c   0x00000004   Data   RW         1007    .data               mbed/TARGET_LPC1768/TOOLCHAIN_ARM_STD/system_LPC17xx.o
    0x10000118   0x00006150   0x00000004   Data   RW         1022    .data               mbed/TARGET_LPC1768/TOOLCHAIN_ARM_STD/us_ticker.o
    0x1000011c   0x00006154   0x0000000c   Data   RW         1057    .data               mbed/TARGET_LPC1768/TOOLCHAIN_ARM_STD/mbed.ar(I2C.o)
    0x10000128   0x00006160   0x00000001   Data   RW         1213    .data               mbed/TARGET_LPC1768/TOOLCHAIN_ARM_STD/mbed.ar(mbed_error.o)
    0x10000129   0x00006161   0x00000003   PAD
    0x1000012c   0x00006164   0x00000008   Data   RW         1237    .data               mbed/TARGET_LPC1768/TOOLCHAIN_ARM_STD/mbed.ar(mbed_critical.o)
    0x10000134   0x0000616c   0x0000000c   Data   RW         1348    .data               mbed/TARGET_LPC1768/TOOLCHAIN_ARM_STD/mbed.ar(FileBase.o)
    0x10000140   0x00006178   0x00000004   Data   RW         1493    .data               C:\Keil_v5\ARM\ARMCC\Bin\..\lib\armlib\c_w.l(stdio_streams.o)
    0x10000144   0x0000617c   0x00000004   Data   RW         1494    .data               C:\Keil_v5\ARM\ARMCC\Bin\..\lib\armlib\c_w.l(stdio_streams.o)
    0x10000148   0x00006180   0x00000004   Data   RW         1495    .data               C:\Keil_v5\ARM\ARMCC\Bin\..\lib\armlib\c_w.l(stdio_streams.o)
    0x1000014c   0x00006184   0x00000004   Data   RW         2015    .data               C:\Keil_v5\ARM\ARMCC\Bin\..\lib\armlib\c_w.l(heapauxa.o)
    0x10000150        -       0x0000000c   Zero   RW           14    .bss                .\build\main.o
    0x1000015c        -       0x00000144   Zero   RW          749    .bss                mbed/TARGET_LPC1768/TOOLCHAIN_ARM_STD/mbed_retarget.o
    0x100002a0        -       0x000000e0   Zero   RW          933    .bss                mbed/TARGET_LPC1768/TOOLCHAIN_ARM_STD/serial_api.o
    0x10000380        -       0x00000018   Zero   RW         1133    .bss                mbed/TARGET_LPC1768/TOOLCHAIN_ARM_STD/mbed.ar(mbed_us_ticker_api.o)
    0x10000398        -       0x00000004   Zero   RW         1371    .bss                C:\Keil_v5\ARM\ARMCC\Bin\..\lib\armlib\c_w.l(rt_errno_addr.o)
    0x1000039c        -       0x00000054   Zero   RW         1490    .bss                C:\Keil_v5\ARM\ARMCC\Bin\..\lib\armlib\c_w.l(stdio_streams.o)
    0x100003f0        -       0x00000054   Zero   RW         1491    .bss                C:\Keil_v5\ARM\ARMCC\Bin\..\lib\armlib\c_w.l(stdio_streams.o)
    0x10000444        -       0x00000054   Zero   RW         1492    .bss                C:\Keil_v5\ARM\ARMCC\Bin\..\lib\armlib\c_w.l(stdio_streams.o)
    0x10000498        -       0x00000004   Zero   RW         1709    .bss                C:\Keil_v5\ARM\ARMCC\Bin\..\lib\armlib\c_w.l(rt_heap_descriptor.o)
    0x1000049c        -       0x00000014   Zero   RW         2063    .bss                C:\Keil_v5\ARM\ARMCC\Bin\..\lib\armlib\c_w.l(rt_locale.o)


    Execution Region RW_IRAM2 (Exec base: 0x2007c000, Load base: 0x00006188, Size: 0x00000000, Max: 0x00004000, ABSOLUTE)

    **** No section assigned to this execution region ****


    Execution Region RW_IRAM3 (Exec base: 0x20080000, Load base: 0x00006188, Size: 0x00000000, Max: 0x00004000, ABSOLUTE)

    **** No section assigned to this execution region ****


    Execution Region RW_IRAM4 (Exec base: 0x40038000, Load base: 0x00006188, Size: 0x00000000, Max: 0x00000800, ABSOLUTE)

    **** No section assigned to this execution region ****


==============================================================================

Image component sizes


      Code (inc. data)   RO Data    RW Data    ZI Data      Debug   Object Name

         0          0          4          0          0          0   mbed/TARGET_LPC1768/TOOLCHAIN_ARM_STD/CRP.o
       148         30         82          0          0        228   mbed/TARGET_LPC1768/TOOLCHAIN_ARM_STD/gpio_api.o
       972         64        233          0          0        412   mbed/TARGET_LPC1768/TOOLCHAIN_ARM_STD/i2c_api.o
       752        168          4         44         12      34552   .\build\main.o
       360         58        103          0          0        260   mbed/TARGET_LPC1768/TOOLCHAIN_ARM_STD/mbed_board.o
      1016         96        115         16        324        820   mbed/TARGET_LPC1768/TOOLCHAIN_ARM_STD/mbed_retarget.o
        46          4          0          0          0        292   mbed/TARGET_LPC1768/TOOLCHAIN_ARM_STD/mbed_sdk_boot.o
       236         48         80          0          0        160   mbed/TARGET_LPC1768/TOOLCHAIN_ARM_STD/pinmap.o
      1640        164        372         16        224        888   mbed/TARGET_LPC1768/TOOLCHAIN_ARM_STD/serial_api.o
        36          8        196          0          0        228   mbed/TARGET_LPC1768/TOOLCHAIN_ARM_STD/startup_LPC17xx.o
       160         10          0          4          0         68   mbed/TARGET_LPC1768/TOOLCHAIN_ARM_STD/system_LPC17xx.o
       264         72          0          4          0        408   mbed/TARGET_LPC1768/TOOLCHAIN_ARM_STD/us_ticker.o

    ----------------------------------------------------------------------
      5632        722       1228         84        560      38316   Object Totals
         0          0         32          0          0          0   (incl. Generated)
         2          0          7          0          0          0   (incl. Padding)

    ----------------------------------------------------------------------

      Code (inc. data)   RO Data    RW Data    ZI Data      Debug   Library Member Name

        24          4          0          0          0         84   C:\Keil_v5\ARM\ARMCC\Bin\..\lib\armlib\c_w.l(__2printf.o)
         8          0          0          0          0         68   C:\Keil_v5\ARM\ARMCC\Bin\..\lib\armlib\c_w.l(__main.o)
       392          4         17          0          0         92   C:\Keil_v5\ARM\ARMCC\Bin\..\lib\armlib\c_w.l(__printf_flags_ss_wp.o)
        14          0          0          0          0         68   C:\Keil_v5\ARM\ARMCC\Bin\..\lib\armlib\c_w.l(__printf_wp.o)
         0          0          0          0          0          0   C:\Keil_v5\ARM\ARMCC\Bin\..\lib\armlib\c_w.l(__rtentry.o)
        20          0          0          0          0          0   C:\Keil_v5\ARM\ARMCC\Bin\..\lib\armlib\c_w.l(__rtentry2.o)
         6          0          0          0          0          0   C:\Keil_v5\ARM\ARMCC\Bin\..\lib\armlib\c_w.l(__rtentry4.o)
        52          8          0          0          0          0   C:\Keil_v5\ARM\ARMCC\Bin\..\lib\armlib\c_w.l(__scatter.o)
        26          0          0          0          0          0   C:\Keil_v5\ARM\ARMCC\Bin\..\lib\armlib\c_w.l(__scatter_copy.o)
        28          0          0          0          0          0   C:\Keil_v5\ARM\ARMCC\Bin\..\lib\armlib\c_w.l(__scatter_zi.o)
         6          0          0          0          0          0   C:\Keil_v5\ARM\ARMCC\Bin\..\lib\armlib\c_w.l(_printf_a.o)
         6          0          0          0          0          0   C:\Keil_v5\ARM\ARMCC\Bin\..\lib\armlib\c_w.l(_printf_c.o)
        44          0          0          0          0        108   C:\Keil_v5\ARM\ARMCC\Bin\..\lib\armlib\c_w.l(_printf_char.o)
        48          6          0          0          0         96   C:\Keil_v5\ARM\ARMCC\Bin\..\lib\armlib\c_w.l(_printf_char_common.o)
        36          4          0          0          0         80   C:\Keil_v5\ARM\ARMCC\Bin\..\lib\armlib\c_w.l(_printf_char_file.o)
        40          0          0          0          0         68   C:\Keil_v5\ARM\ARMCC\Bin\..\lib\armlib\c_w.l(_printf_charcount.o)
         6          0          0          0          0          0   C:\Keil_v5\ARM\ARMCC\Bin\..\lib\armlib\c_w.l(_printf_d.o)
       120         16          0          0          0         92   C:\Keil_v5\ARM\ARMCC\Bin\..\lib\armlib\c_w.l(_printf_dec.o)
         6          0          0          0          0          0   C:\Keil_v5\ARM\ARMCC\Bin\..\lib\armlib\c_w.l(_printf_e.o)
         6          0          0          0          0          0   C:\Keil_v5\ARM\ARMCC\Bin\..\lib\armlib\c_w.l(_printf_f.o)
      1054          0          0          0          0        216   C:\Keil_v5\ARM\ARMCC\Bin\..\lib\armlib\c_w.l(_printf_fp_dec.o)
       764          8         38          0          0        100   C:\Keil_v5\ARM\ARMCC\Bin\..\lib\armlib\c_w.l(_printf_fp_hex.o)
       128         16          0          0          0         84   C:\Keil_v5\ARM\ARMCC\Bin\..\lib\armlib\c_w.l(_printf_fp_infnan.o)
         6          0          0          0          0          0   C:\Keil_v5\ARM\ARMCC\Bin\..\lib\armlib\c_w.l(_printf_g.o)
       148          4         40          0          0        160   C:\Keil_v5\ARM\ARMCC\Bin\..\lib\armlib\c_w.l(_printf_hex_int_ll_ptr.o)
         6          0          0          0          0          0   C:\Keil_v5\ARM\ARMCC\Bin\..\lib\armlib\c_w.l(_printf_i.o)
       178          0          0          0          0         88   C:\Keil_v5\ARM\ARMCC\Bin\..\lib\armlib\c_w.l(_printf_intcommon.o)
        10          0          0          0          0          0   C:\Keil_v5\ARM\ARMCC\Bin\..\lib\armlib\c_w.l(_printf_l.o)
         6          0          0          0          0          0   C:\Keil_v5\ARM\ARMCC\Bin\..\lib\armlib\c_w.l(_printf_lc.o)
        10          0          0          0          0          0   C:\Keil_v5\ARM\ARMCC\Bin\..\lib\armlib\c_w.l(_printf_ll.o)
         6          0          0          0          0          0   C:\Keil_v5\ARM\ARMCC\Bin\..\lib\armlib\c_w.l(_printf_lld.o)
         6          0          0          0          0          0   C:\Keil_v5\ARM\ARMCC\Bin\..\lib\armlib\c_w.l(_printf_lli.o)
         6          0          0          0          0          0   C:\Keil_v5\ARM\ARMCC\Bin\..\lib\armlib\c_w.l(_printf_llo.o)
         6          0          0          0          0          0   C:\Keil_v5\ARM\ARMCC\Bin\..\lib\armlib\c_w.l(_printf_llu.o)
         6          0          0          0          0          0   C:\Keil_v5\ARM\ARMCC\Bin\..\lib\armlib\c_w.l(_printf_llx.o)
       124         16          0          0          0         92   C:\Keil_v5\ARM\ARMCC\Bin\..\lib\armlib\c_w.l(_printf_longlong_dec.o)
         6          0          0          0          0          0   C:\Keil_v5\ARM\ARMCC\Bin\..\lib\armlib\c_w.l(_printf_ls.o)
         6          0          0          0          0          0   C:\Keil_v5\ARM\ARMCC\Bin\..\lib\armlib\c_w.l(_printf_n.o)
         6          0          0          0          0          0   C:\Keil_v5\ARM\ARMCC\Bin\..\lib\armlib\c_w.l(_printf_o.o)
       112         10          0          0          0        124   C:\Keil_v5\ARM\ARMCC\Bin\..\lib\armlib\c_w.l(_printf_oct_int_ll.o)
         6          0          0          0          0          0   C:\Keil_v5\ARM\ARMCC\Bin\..\lib\armlib\c_w.l(_printf_p.o)
        78          0          0          0          0        108   C:\Keil_v5\ARM\ARMCC\Bin\..\lib\armlib\c_w.l(_printf_pad.o)
         0          0          0          0          0          0   C:\Keil_v5\ARM\ARMCC\Bin\..\lib\armlib\c_w.l(_printf_percent.o)
         4          0          0          0          0          0   C:\Keil_v5\ARM\ARMCC\Bin\..\lib\armlib\c_w.l(_printf_percent_end.o)
         6          0          0          0          0          0   C:\Keil_v5\ARM\ARMCC\Bin\..\lib\armlib\c_w.l(_printf_s.o)
        82          0          0          0          0         80   C:\Keil_v5\ARM\ARMCC\Bin\..\lib\armlib\c_w.l(_printf_str.o)
        36          0          0          0          0         84   C:\Keil_v5\ARM\ARMCC\Bin\..\lib\armlib\c_w.l(_printf_truncate.o)
         6          0          0          0          0          0   C:\Keil_v5\ARM\ARMCC\Bin\..\lib\armlib\c_w.l(_printf_u.o)
        44          0          0          0          0        108   C:\Keil_v5\ARM\ARMCC\Bin\..\lib\armlib\c_w.l(_printf_wchar.o)
       188          6          8          0          0         92   C:\Keil_v5\ARM\ARMCC\Bin\..\lib\armlib\c_w.l(_printf_wctomb.o)
         6          0          0          0          0          0   C:\Keil_v5\ARM\ARMCC\Bin\..\lib\armlib\c_w.l(_printf_x.o)
        22          0          0          0          0        100   C:\Keil_v5\ARM\ARMCC\Bin\..\lib\armlib\c_w.l(_rserrno.o)
        16          0          0          0          0         68   C:\Keil_v5\ARM\ARMCC\Bin\..\lib\armlib\c_w.l(_snputc.o)
        10          0          0          0          0         68   C:\Keil_v5\ARM\ARMCC\Bin\..\lib\armlib\c_w.l(_sputc.o)
        64          0          0          0          0         92   C:\Keil_v5\ARM\ARMCC\Bin\..\lib\armlib\c_w.l(_wcrtomb.o)
       228          4        148          0          0         96   C:\Keil_v5\ARM\ARMCC\Bin\..\lib\armlib\c_w.l(bigflt0.o)
      1936        128          0          0          0        672   C:\Keil_v5\ARM\ARMCC\Bin\..\lib\armlib\c_w.l(btod.o)
        10          0          0          0          0         68   C:\Keil_v5\ARM\ARMCC\Bin\..\lib\armlib\c_w.l(defsig_exit.o)
        50          0          0          0          0         88   C:\Keil_v5\ARM\ARMCC\Bin\..\lib\armlib\c_w.l(defsig_general.o)
        80         58          0          0          0         76   C:\Keil_v5\ARM\ARMCC\Bin\..\lib\armlib\c_w.l(defsig_rtmem_inner.o)
        14          0          0          0          0         80   C:\Keil_v5\ARM\ARMCC\Bin\..\lib\armlib\c_w.l(defsig_rtmem_outer.o)
        52         38          0          0          0         76   C:\Keil_v5\ARM\ARMCC\Bin\..\lib\armlib\c_w.l(defsig_rtred_inner.o)
        14          0          0          0          0         80   C:\Keil_v5\ARM\ARMCC\Bin\..\lib\armlib\c_w.l(defsig_rtred_outer.o)
        76          0          0          0          0         88   C:\Keil_v5\ARM\ARMCC\Bin\..\lib\armlib\c_w.l(fclose.o)
         8          0          0          0          0         68   C:\Keil_v5\ARM\ARMCC\Bin\..\lib\armlib\c_w.l(ferror.o)
       100          4          0          0          0        120   C:\Keil_v5\ARM\ARMCC\Bin\..\lib\armlib\c_w.l(fflush.o)
       470          0          0          0          0         88   C:\Keil_v5\ARM\ARMCC\Bin\..\lib\armlib\c_w.l(flsbuf.o)
       236          4          0          0          0        128   C:\Keil_v5\ARM\ARMCC\Bin\..\lib\armlib\c_w.l(fopen.o)
        26          0          0          0          0         68   C:\Keil_v5\ARM\ARMCC\Bin\..\lib\armlib\c_w.l(fputc.o)
       248          6          0          0          0         84   C:\Keil_v5\ARM\ARMCC\Bin\..\lib\armlib\c_w.l(fseek.o)
        66          0          0          0          0         76   C:\Keil_v5\ARM\ARMCC\Bin\..\lib\armlib\c_w.l(ftell.o)
        94          0          0          0          0         80   C:\Keil_v5\ARM\ARMCC\Bin\..\lib\armlib\c_w.l(h1_alloc.o)
        52          0          0          0          0         68   C:\Keil_v5\ARM\ARMCC\Bin\..\lib\armlib\c_w.l(h1_extend.o)
        78          0          0          0          0         80   C:\Keil_v5\ARM\ARMCC\Bin\..\lib\armlib\c_w.l(h1_free.o)
        14          0          0          0          0         84   C:\Keil_v5\ARM\ARMCC\Bin\..\lib\armlib\c_w.l(h1_init.o)
        80          6          0          4          0         96   C:\Keil_v5\ARM\ARMCC\Bin\..\lib\armlib\c_w.l(heapauxa.o)
         4          0          0          0          0        136   C:\Keil_v5\ARM\ARMCC\Bin\..\lib\armlib\c_w.l(hguard.o)
         0          0          0          0          0          0   C:\Keil_v5\ARM\ARMCC\Bin\..\lib\armlib\c_w.l(indicate_semi.o)
        36         10          0          0          0         80   C:\Keil_v5\ARM\ARMCC\Bin\..\lib\armlib\c_w.l(init_aeabi.o)
       138          0          0          0          0        168   C:\Keil_v5\ARM\ARMCC\Bin\..\lib\armlib\c_w.l(init_alloc.o)
       312         46          0          0          0        112   C:\Keil_v5\ARM\ARMCC\Bin\..\lib\armlib\c_w.l(initio.o)
        44         10        272          0          0         76   C:\Keil_v5\ARM\ARMCC\Bin\..\lib\armlib\c_w.l(lc_ctype_c.o)
        44         10         28          0          0         76   C:\Keil_v5\ARM\ARMCC\Bin\..\lib\armlib\c_w.l(lc_numeric_c.o)
         2          0          0          0          0          0   C:\Keil_v5\ARM\ARMCC\Bin\..\lib\armlib\c_w.l(libinit.o)
        46          0          0          0          0          0   C:\Keil_v5\ARM\ARMCC\Bin\..\lib\armlib\c_w.l(libinit2.o)
         0          0          0          0          0          0   C:\Keil_v5\ARM\ARMCC\Bin\..\lib\armlib\c_w.l(libshutdown2.o)
       138          0          0          0          0         80   C:\Keil_v5\ARM\ARMCC\Bin\..\lib\armlib\c_w.l(lludiv10.o)
         0          0          0          0          0          0   C:\Keil_v5\ARM\ARMCC\Bin\..\lib\armlib\c_w.l(maybetermalloc1.o)
        16          4          0          0          0         76   C:\Keil_v5\ARM\ARMCC\Bin\..\lib\armlib\c_w.l(rt_ctype_table.o)
         8          4          0          0          4         68   C:\Keil_v5\ARM\ARMCC\Bin\..\lib\armlib\c_w.l(rt_errno_addr.o)
         8          4          0          0          4         68   C:\Keil_v5\ARM\ARMCC\Bin\..\lib\armlib\c_w.l(rt_heap_descriptor.o)
         8          4          0          0         20         68   C:\Keil_v5\ARM\ARMCC\Bin\..\lib\armlib\c_w.l(rt_locale.o)
        78          0          0          0          0         80   C:\Keil_v5\ARM\ARMCC\Bin\..\lib\armlib\c_w.l(rt_memclr_w.o)
       100          0          0          0          0         80   C:\Keil_v5\ARM\ARMCC\Bin\..\lib\armlib\c_w.l(rt_memcpy_w.o)
        70          0          0          0          0         80   C:\Keil_v5\ARM\ARMCC\Bin\..\lib\armlib\c_w.l(setvbuf.o)
       240          6          0          0          0        156   C:\Keil_v5\ARM\ARMCC\Bin\..\lib\armlib\c_w.l(stdio.o)
         0          0          0         12        252          0   C:\Keil_v5\ARM\ARMCC\Bin\..\lib\armlib\c_w.l(stdio_streams.o)
       128          0          0          0          0         68   C:\Keil_v5\ARM\ARMCC\Bin\..\lib\armlib\c_w.l(strcmpv7m.o)
        62          0          0          0          0         76   C:\Keil_v5\ARM\ARMCC\Bin\..\lib\armlib\c_w.l(strlen.o)
       150          0          0          0          0         80   C:\Keil_v5\ARM\ARMCC\Bin\..\lib\armlib\c_w.l(strncmp.o)
        12          4          0          0          0         68   C:\Keil_v5\ARM\ARMCC\Bin\..\lib\armlib\c_w.l(sys_exit.o)
        14          0          0          0          0         76   C:\Keil_v5\ARM\ARMCC\Bin\..\lib\armlib\c_w.l(sys_wrch.o)
         2          0          0          0          0         68   C:\Keil_v5\ARM\ARMCC\Bin\..\lib\armlib\c_w.l(use_no_semi.o)
        52          4          0          0          0         80   C:\Keil_v5\ARM\ARMCC\Bin\..\lib\armlib\c_w.l(vsnprintf.o)
        98          4          0          0          0         92   C:\Keil_v5\ARM\ARMCC\Bin\..\lib\armlib\fz_ws.l(d2f.o)
       804         16          0          0          0        272   C:\Keil_v5\ARM\ARMCC\Bin\..\lib\armlib\fz_ws.l(daddsub_clz.o)
        24          0          0          0          0         68   C:\Keil_v5\ARM\ARMCC\Bin\..\lib\armlib\fz_ws.l(dcmpi.o)
       688        140          0          0          0        208   C:\Keil_v5\ARM\ARMCC\Bin\..\lib\armlib\fz_ws.l(ddiv.o)
        94          4          0          0          0         92   C:\Keil_v5\ARM\ARMCC\Bin\..\lib\armlib\fz_ws.l(dfix.o)
        46          0          0          0          0         68   C:\Keil_v5\ARM\ARMCC\Bin\..\lib\armlib\fz_ws.l(dflt_clz.o)
       120          4          0          0          0         92   C:\Keil_v5\ARM\ARMCC\Bin\..\lib\armlib\fz_ws.l(dleqf.o)
       340         12          0          0          0        104   C:\Keil_v5\ARM\ARMCC\Bin\..\lib\armlib\fz_ws.l(dmul.o)
       156          4          0          0          0         92   C:\Keil_v5\ARM\ARMCC\Bin\..\lib\armlib\fz_ws.l(dnaninf.o)
        12          0          0          0          0         68   C:\Keil_v5\ARM\ARMCC\Bin\..\lib\armlib\fz_ws.l(dretinf.o)
       108          0          0          0          0         80   C:\Keil_v5\ARM\ARMCC\Bin\..\lib\armlib\fz_ws.l(drleqf.o)
        86          4          0          0          0         84   C:\Keil_v5\ARM\ARMCC\Bin\..\lib\armlib\fz_ws.l(f2d.o)
       450          8          0          0          0        236   C:\Keil_v5\ARM\ARMCC\Bin\..\lib\armlib\fz_ws.l(faddsub_clz.o)
        12          4          0          0          0         68   C:\Keil_v5\ARM\ARMCC\Bin\..\lib\armlib\fz_ws.l(fcheck1.o)
        24          0          0          0          0         68   C:\Keil_v5\ARM\ARMCC\Bin\..\lib\armlib\fz_ws.l(fcmpi.o)
       388         76          0          0          0         96   C:\Keil_v5\ARM\ARMCC\Bin\..\lib\armlib\fz_ws.l(fdiv.o)
        54          4          0          0          0         84   C:\Keil_v5\ARM\ARMCC\Bin\..\lib\armlib\fz_ws.l(ffix.o)
       104          4          0          0          0         84   C:\Keil_v5\ARM\ARMCC\Bin\..\lib\armlib\fz_ws.l(fleqf.o)
       258          4          0          0          0         84   C:\Keil_v5\ARM\ARMCC\Bin\..\lib\armlib\fz_ws.l(fmul.o)
       140          4          0          0          0         84   C:\Keil_v5\ARM\ARMCC\Bin\..\lib\armlib\fz_ws.l(fnaninf.o)
        10          0          0          0          0         68   C:\Keil_v5\ARM\ARMCC\Bin\..\lib\armlib\fz_ws.l(fretinf.o)
        98          0          0          0          0         68   C:\Keil_v5\ARM\ARMCC\Bin\..\lib\armlib\fz_ws.l(frleqf.o)
       272        100          0          0          0         88   C:\Keil_v5\ARM\ARMCC\Bin\..\lib\armlib\fz_ws.l(fsqrt.o)
         4          0          0          0          0         68   C:\Keil_v5\ARM\ARMCC\Bin\..\lib\armlib\fz_ws.l(printf1.o)
         4          0          0          0          0         68   C:\Keil_v5\ARM\ARMCC\Bin\..\lib\armlib\fz_ws.l(printf2.o)
       100          0          0          0          0         68   C:\Keil_v5\ARM\ARMCC\Bin\..\lib\armlib\fz_ws.l(retnan.o)
        76          0          0          0          0         68   C:\Keil_v5\ARM\ARMCC\Bin\..\lib\armlib\fz_ws.l(scalbnf.o)
        48          0          0          0          0         68   C:\Keil_v5\ARM\ARMCC\Bin\..\lib\armlib\fz_ws.l(trapv.o)
         0          0          0          0          0          0   C:\Keil_v5\ARM\ARMCC\Bin\..\lib\armlib\fz_ws.l(usenofp.o)
       284         42          0          0          0        120   C:\Keil_v5\ARM\ARMCC\Bin\..\lib\armlib\m_ws.l(acosf.o)
        40          0          0          0          0         68   C:\Keil_v5\ARM\ARMCC\Bin\..\lib\armlib\m_ws.l(fpclassify.o)
        14          0          0          0          0        136   C:\Keil_v5\ARM\ARMCC\Bin\..\lib\armlib\m_ws.l(funder.o)
        44          0          0          0          0         80   C:\Keil_v5\ARM\ARMCC\Bin\..\lib\armlib\m_ws.l(sqrtf.o)
       156         26          0         12          0        224   mbed/TARGET_LPC1768/TOOLCHAIN_ARM_STD/mbed.ar(FileBase.o)
       160          0          0          0          0        440   mbed/TARGET_LPC1768/TOOLCHAIN_ARM_STD/mbed.ar(FilePath.o)
       350         54         24         12          0        456   mbed/TARGET_LPC1768/TOOLCHAIN_ARM_STD/mbed.ar(I2C.o)
        84         52          0          0          0         88   mbed/TARGET_LPC1768/TOOLCHAIN_ARM_STD/mbed.ar(mbed_assert.o)
       348        218          0          8          0        156   mbed/TARGET_LPC1768/TOOLCHAIN_ARM_STD/mbed.ar(mbed_critical.o)
        40          4          0          1          0         88   mbed/TARGET_LPC1768/TOOLCHAIN_ARM_STD/mbed.ar(mbed_error.o)
       216         36          0          0          0        268   mbed/TARGET_LPC1768/TOOLCHAIN_ARM_STD/mbed.ar(mbed_gpio.o)
         4          0          0          0          0         68   mbed/TARGET_LPC1768/TOOLCHAIN_ARM_STD/mbed.ar(mbed_interface.o)
       274         78          0          0          0        308   mbed/TARGET_LPC1768/TOOLCHAIN_ARM_STD/mbed.ar(mbed_pinmap_common.o)
        28          6          0          0          0        144   mbed/TARGET_LPC1768/TOOLCHAIN_ARM_STD/mbed.ar(mbed_semihost_api.o)
       296          0          0          0          0        332   mbed/TARGET_LPC1768/TOOLCHAIN_ARM_STD/mbed.ar(mbed_ticker_api.o)
        20         10         32          0         24        136   mbed/TARGET_LPC1768/TOOLCHAIN_ARM_STD/mbed.ar(mbed_us_ticker_api.o)
        80          4          0          0          0        160   mbed/TARGET_LPC1768/TOOLCHAIN_ARM_STD/mbed.ar(mbed_wait_api_no_rtos.o)

    ----------------------------------------------------------------------
     16792       1378        612         52        304      12664   Library Totals
        42          0          5          3          0          0   (incl. Padding)

    ----------------------------------------------------------------------

      Code (inc. data)   RO Data    RW Data    ZI Data      Debug   Library Name

      9694        456        551         16        280       6704   C:\Keil_v5\ARM\ARMCC\Bin\..\lib\armlib\c_w.l
      4618        392          0          0          0       2688   C:\Keil_v5\ARM\ARMCC\Bin\..\lib\armlib\fz_ws.l
       382         42          0          0          0        404   C:\Keil_v5\ARM\ARMCC\Bin\..\lib\armlib\m_ws.l
      2056        488         56         33         24       2868   mbed/TARGET_LPC1768/TOOLCHAIN_ARM_STD/mbed.ar

    ----------------------------------------------------------------------
     16792       1378        612         52        304      12664   Library Totals

    ----------------------------------------------------------------------

==============================================================================


      Code (inc. data)   RO Data    RW Data    ZI Data      Debug   

     22424       2100       1840        136        864      41200   Grand Totals
     22424       2100       1840        136        864      41200   ELF Image Totals
     22424       2100       1840        136          0          0   ROM Totals

==============================================================================

    Total RO  Size (Code + RO Data)                24264 (  23.70kB)
    Total RW  Size (RW Data + ZI Data)              1000 (   0.98kB)
    Total ROM Size (Code + RO Data + RW Data)      24400 (  23.83kB)

==============================================================================

